Component: ARM Compiler 5.06 update 7 (build 960) Tool: armlink [4d3601]

==============================================================================

Section Cross References

    startup_stm32f429xx.o(STACK) refers (Special) to heapauxi.o(.text) for __use_two_region_memory
    startup_stm32f429xx.o(HEAP) refers (Special) to heapauxi.o(.text) for __use_two_region_memory
    startup_stm32f429xx.o(RESET) refers (Special) to heapauxi.o(.text) for __use_two_region_memory
    startup_stm32f429xx.o(RESET) refers to startup_stm32f429xx.o(STACK) for __initial_sp
    startup_stm32f429xx.o(RESET) refers to startup_stm32f429xx.o(.text) for Reset_Handler
    startup_stm32f429xx.o(RESET) refers to stm32f4xx_it.o(i.NMI_Handler) for NMI_Handler
    startup_stm32f429xx.o(RESET) refers to stm32f4xx_it.o(i.HardFault_Handler) for HardFault_Handler
    startup_stm32f429xx.o(RESET) refers to stm32f4xx_it.o(i.MemManage_Handler) for MemManage_Handler
    startup_stm32f429xx.o(RESET) refers to stm32f4xx_it.o(i.BusFault_Handler) for BusFault_Handler
    startup_stm32f429xx.o(RESET) refers to stm32f4xx_it.o(i.UsageFault_Handler) for UsageFault_Handler
    startup_stm32f429xx.o(RESET) refers to port.o(.emb_text) for SVC_Handler
    startup_stm32f429xx.o(RESET) refers to stm32f4xx_it.o(i.DebugMon_Handler) for DebugMon_Handler
    startup_stm32f429xx.o(RESET) refers to stm32f4xx_it.o(i.SysTick_Handler) for SysTick_Handler
    startup_stm32f429xx.o(RESET) refers to stm32f4xx_it.o(i.EXTI9_5_IRQHandler) for EXTI9_5_IRQHandler
    startup_stm32f429xx.o(RESET) refers to stm32f4xx_it.o(i.TIM3_IRQHandler) for TIM3_IRQHandler
    startup_stm32f429xx.o(.text) refers (Special) to heapauxi.o(.text) for __use_two_region_memory
    startup_stm32f429xx.o(.text) refers to system_stm32f4xx.o(i.SystemInit) for SystemInit
    startup_stm32f429xx.o(.text) refers to __main.o(!!!main) for __main
    startup_stm32f429xx.o(.text) refers to startup_stm32f429xx.o(HEAP) for Heap_Mem
    startup_stm32f429xx.o(.text) refers to startup_stm32f429xx.o(STACK) for Stack_Mem
    adc.o(i.ADC_task) refers to stm32f4xx_hal_adc.o(i.HAL_ADC_Start) for HAL_ADC_Start
    adc.o(i.ADC_task) refers to stm32f4xx_hal_adc.o(i.HAL_ADC_PollForConversion) for HAL_ADC_PollForConversion
    adc.o(i.ADC_task) refers to stm32f4xx_hal_adc.o(i.HAL_ADC_GetState) for HAL_ADC_GetState
    adc.o(i.ADC_task) refers to stm32f4xx_hal_adc.o(i.HAL_ADC_GetValue) for HAL_ADC_GetValue
    adc.o(i.ADC_task) refers to dflt_clz.o(x$fpl$dfltu) for __aeabi_ui2d
    adc.o(i.ADC_task) refers to dmul.o(x$fpl$dmul) for __aeabi_dmul
    adc.o(i.ADC_task) refers to d2f.o(x$fpl$d2f) for __aeabi_d2f
    adc.o(i.ADC_task) refers to cmsis_os.o(i.osDelay) for osDelay
    adc.o(i.ADC_task) refers to stm32f4xx_hal_gpio.o(i.HAL_GPIO_WritePin) for HAL_GPIO_WritePin
    adc.o(i.ADC_task) refers to tasks.o(i.vTaskDelay) for vTaskDelay
    adc.o(i.ADC_task) refers to adc.o(.data) for .data
    adc.o(i.ADC_task) refers to main.o(.bss) for hadc1
    adc.o(i.ADC_task) refers to chassis.o(.data) for chassis_relax
    chassis.o(i.HAL_GPIO_EXTI_Callback) refers to chassis.o(.data) for .data
    chassis.o(i.LH_StepAhead) refers to main.o(.bss) for htim3
    chassis.o(i.LH_StepBack) refers to main.o(.bss) for htim3
    chassis.o(i.LQ_StepAhead) refers to main.o(.bss) for htim3
    chassis.o(i.LQ_StepBack) refers to main.o(.bss) for htim3
    chassis.o(i.RH_StepAhead) refers to main.o(.bss) for htim2
    chassis.o(i.RH_StepBack) refers to main.o(.bss) for htim2
    chassis.o(i.RQ_StepAhead) refers to main.o(.bss) for htim2
    chassis.o(i.RQ_StepBack) refers to main.o(.bss) for htim2
    chassis.o(i.chassis_goStraight) refers to chassis.o(i.LQ_StepAhead) for LQ_StepAhead
    chassis.o(i.chassis_goStraight) refers to chassis.o(i.LH_StepAhead) for LH_StepAhead
    chassis.o(i.chassis_goStraight) refers to chassis.o(i.RQ_StepAhead) for RQ_StepAhead
    chassis.o(i.chassis_goStraight) refers to chassis.o(i.RH_StepAhead) for RH_StepAhead
    chassis.o(i.chassis_moveon) refers to chassis.o(i.chassis_standStill_TurnLeft) for chassis_standStill_TurnLeft
    chassis.o(i.chassis_moveon) refers to chassis.o(i.chassis_turnLeft) for chassis_turnLeft
    chassis.o(i.chassis_moveon) refers to chassis.o(i.chassis_goStraight) for chassis_goStraight
    chassis.o(i.chassis_moveon) refers to chassis.o(i.chassis_turnRight) for chassis_turnRight
    chassis.o(i.chassis_moveon) refers to chassis.o(i.chassis_standStill_TurnRight) for chassis_standStill_TurnRight
    chassis.o(i.chassis_moveon) refers to chassis.o(i.chassis_standstill) for chassis_standstill
    chassis.o(i.chassis_moveon) refers to chassis.o(.data) for .data
    chassis.o(i.chassis_standStill_TurnLeft) refers to chassis.o(i.LQ_StepBack) for LQ_StepBack
    chassis.o(i.chassis_standStill_TurnLeft) refers to chassis.o(i.LH_StepBack) for LH_StepBack
    chassis.o(i.chassis_standStill_TurnLeft) refers to chassis.o(i.RQ_StepAhead) for RQ_StepAhead
[...]
    i.DebugMon_Handler                       0x080007d4   Section        0  stm32f4xx_it.o(i.DebugMon_Handler)
    i.Delay_1us                              0x080007d6   Section        0  hc_sr04.o(i.Delay_1us)
    i.EXTI9_5_IRQHandler                     0x080007ec   Section        0  stm32f4xx_it.o(i.EXTI9_5_IRQHandler)
    i.HAL_ADCEx_InjectedConfigChannel        0x080007f4   Section        0  stm32f4xx_hal_adc_ex.o(i.HAL_ADCEx_InjectedConfigChannel)
    i.HAL_ADC_ConfigChannel                  0x080009b4   Section        0  stm32f4xx_hal_adc.o(i.HAL_ADC_ConfigChannel)
    i.HAL_ADC_GetState                       0x08000b18   Section        0  stm32f4xx_hal_adc.o(i.HAL_ADC_GetState)
    i.HAL_ADC_GetValue                       0x08000b1c   Section        0  stm32f4xx_hal_adc.o(i.HAL_ADC_GetValue)
    i.HAL_ADC_Init                           0x08000b22   Section        0  stm32f4xx_hal_adc.o(i.HAL_ADC_Init)
    i.HAL_ADC_MspInit                        0x08000b78   Section        0  stm32f4xx_hal_msp.o(i.HAL_ADC_MspInit)
    i.HAL_ADC_PollForConversion              0x08000bd8   Section        0  stm32f4xx_hal_adc.o(i.HAL_ADC_PollForConversion)
    i.HAL_ADC_Start                          0x08000c84   Section        0  stm32f4xx_hal_adc.o(i.HAL_ADC_Start)
    i.HAL_Delay                              0x08000d80   Section        0  stm32f4xx_hal.o(i.HAL_Delay)
    i.HAL_GPIO_EXTI_Callback                 0x08000da4   Section        0  chassis.o(i.HAL_GPIO_EXTI_Callback)
    i.HAL_GPIO_EXTI_IRQHandler               0x08000dbc   Section        0  stm32f4xx_hal_gpio.o(i.HAL_GPIO_EXTI_IRQHandler)
    i.HAL_GPIO_Init                          0x08000dd4   Section        0  stm32f4xx_hal_gpio.o(i.HAL_GPIO_Init)
    i.HAL_GPIO_ReadPin                       0x08001008   Section        0  stm32f4xx_hal_gpio.o(i.HAL_GPIO_ReadPin)
    i.HAL_GPIO_WritePin                      0x08001012   Section        0  stm32f4xx_hal_gpio.o(i.HAL_GPIO_WritePin)
    i.HAL_GetTick                            0x0800101c   Section        0  stm32f4xx_hal.o(i.HAL_GetTick)
    i.HAL_IncTick                            0x08001028   Section        0  stm32f4xx_hal.o(i.HAL_IncTick)
    i.HAL_Init                               0x08001038   Section        0  stm32f4xx_hal.o(i.HAL_Init)
    i.HAL_InitTick                           0x0800106c   Section        0  stm32f4xx_hal.o(i.HAL_InitTick)
    i.HAL_MspInit                            0x080010ac   Section        0  stm32f4xx_hal_msp.o(i.HAL_MspInit)
    i.HAL_NVIC_EnableIRQ                     0x080010e4   Section        0  stm32f4xx_hal_cortex.o(i.HAL_NVIC_EnableIRQ)
    i.HAL_NVIC_SetPriority                   0x08001100   Section        0  stm32f4xx_hal_cortex.o(i.HAL_NVIC_SetPriority)
    i.HAL_NVIC_SetPriorityGrouping           0x08001140   Section        0  stm32f4xx_hal_cortex.o(i.HAL_NVIC_SetPriorityGrouping)
    i.HAL_PWREx_EnableOverDrive              0x08001164   Section        0  stm32f4xx_hal_pwr_ex.o(i.HAL_PWREx_EnableOverDrive)
    i.HAL_RCC_ClockConfig                    0x080011d4   Section        0  stm32f4xx_hal_rcc.o(i.HAL_RCC_ClockConfig)
    i.HAL_RCC_GetPCLK1Freq                   0x08001308   Section        0  stm32f4xx_hal_rcc.o(i.HAL_RCC_GetPCLK1Freq)
    i.HAL_RCC_GetPCLK2Freq                   0x08001328   Section        0  stm32f4xx_hal_rcc.o(i.HAL_RCC_GetPCLK2Freq)
    i.HAL_RCC_GetSysClockFreq                0x08001348   Section        0  stm32f4xx_hal_rcc.o(i.HAL_RCC_GetSysClockFreq)
    i.HAL_RCC_OscConfig                      0x080013ac   Section        0  stm32f4xx_hal_rcc.o(i.HAL_RCC_OscConfig)
    i.HAL_SYSTICK_Config                     0x08001718   Section        0  stm32f4xx_hal_cortex.o(i.HAL_SYSTICK_Config)
    i.HAL_TIMEx_BreakCallback                0x08001740   Section        0  stm32f4xx_hal_tim_ex.o(i.HAL_TIMEx_BreakCallback)
    i.HAL_TIMEx_CommutCallback               0x08001742   Section        0  stm32f4xx_hal_tim_ex.o(i.HAL_TIMEx_CommutCallback)
    i.HAL_TIMEx_MasterConfigSynchronization  0x08001744   Section        0  stm32f4xx_hal_tim_ex.o(i.HAL_TIMEx_MasterConfigSynchronization)
    i.HAL_TIM_Base_Init                      0x080017d4   Section        0  stm32f4xx_hal_tim.o(i.HAL_TIM_Base_Init)
    i.HAL_TIM_Base_MspInit                   0x08001830   Section        0  stm32f4xx_hal_msp.o(i.HAL_TIM_Base_MspInit)
    i.HAL_TIM_Base_Start_IT                  0x0800189c   Section        0  stm32f4xx_hal_tim.o(i.HAL_TIM_Base_Start_IT)
    i.HAL_TIM_ConfigClockSource              0x0800191c   Section        0  stm32f4xx_hal_tim.o(i.HAL_TIM_ConfigClockSource)
    i.HAL_TIM_IC_CaptureCallback             0x080019f8   Section        0  stm32f4xx_hal_tim.o(i.HAL_TIM_IC_CaptureCallback)
    i.HAL_TIM_IRQHandler                     0x080019fa   Section        0  stm32f4xx_hal_tim.o(i.HAL_TIM_IRQHandler)
    i.HAL_TIM_MspPostInit                    0x08001b2c   Section        0  stm32f4xx_hal_msp.o(i.HAL_TIM_MspPostInit)
    i.HAL_TIM_OC_DelayElapsedCallback        0x08001bd0   Section        0  stm32f4xx_hal_tim.o(i.HAL_TIM_OC_DelayElapsedCallback)
    i.HAL_TIM_PWM_ConfigChannel              0x08001bd2   Section        0  stm32f4xx_hal_tim.o(i.HAL_TIM_PWM_ConfigChannel)
    i.HAL_TIM_PWM_Init                       0x08001c9e   Section        0  stm32f4xx_hal_tim.o(i.HAL_TIM_PWM_Init)
    i.HAL_TIM_PWM_MspInit                    0x08001cf8   Section        0  stm32f4xx_hal_tim.o(i.HAL_TIM_PWM_MspInit)
    i.HAL_TIM_PWM_PulseFinishedCallback      0x08001cfa   Section        0  stm32f4xx_hal_tim.o(i.HAL_TIM_PWM_PulseFinishedCallback)
    i.HAL_TIM_PWM_Start                      0x08001cfc   Section        0  stm32f4xx_hal_tim.o(i.HAL_TIM_PWM_Start)
    i.HAL_TIM_PeriodElapsedCallback          0x08001dc4   Section        0  stm32f4xx_hal_tim.o(i.HAL_TIM_PeriodElapsedCallback)
    i.HAL_TIM_TriggerCallback                0x08001dc6   Section        0  stm32f4xx_hal_tim.o(i.HAL_TIM_TriggerCallback)
    i.HAL_UART_Init                          0x08001dc8   Section        0  stm32f4xx_hal_uart.o(i.HAL_UART_Init)
    i.HAL_UART_MspInit                       0x08001e2c   Section        0  stm32f4xx_hal_msp.o(i.HAL_UART_MspInit)
    i.HardFault_Handler                      0x08001e94   Section        0  stm32f4xx_it.o(i.HardFault_Handler)
    i.LH_StepAhead                           0x08001e98   Section        0  chassis.o(i.LH_StepAhead)
    i.LH_StepBack                            0x08001eb0   Section        0  chassis.o(i.LH_StepBack)
    i.LQ_StepAhead                           0x08001ec8   Section        0  chassis.o(i.LQ_StepAhead)
    i.LQ_StepBack                            0x08001ee0   Section        0  chassis.o(i.LQ_StepBack)
    i.MX_ADC1_Init                           0x08001ef8   Section        0  main.o(i.MX_ADC1_Init)
    MX_ADC1_Init                             0x08001ef9   Thumb Code   138  main.o(i.MX_ADC1_Init)
    i.MX_GPIO_Init                           0x08001f94   Section        0  main.o(i.MX_GPIO_Init)
    MX_GPIO_Init                             0x08001f95   Thumb Code   432  main.o(i.MX_GPIO_Init)
    i.MX_TIM2_Init                           0x08002160   Section        0  main.o(i.MX_TIM2_Init)
    MX_TIM2_Init                             0x08002161   Thumb Code   194  main.o(i.MX_TIM2_Init)
    i.MX_TIM3_Init                           0x08002228   Section        0  main.o(i.MX_TIM3_Init)
    MX_TIM3_Init                             0x08002229   Thumb Code   192  main.o(i.MX_TIM3_Init)
    i.MemManage_Handler                      0x080022f0   Section        0  stm32f4xx_it.o(i.MemManage_Handler)
    i.NMI_Handler                            0x080022f2   Section        0  stm32f4xx_it.o(i.NMI_Handler)
    i.RH_StepAhead                           0x080022f4   Section        0  chassis.o(i.RH_StepAhead)
    i.RH_StepBack                            0x0800230c   Section        0  chassis.o(i.RH_StepBack)
    i.RQ_StepAhead                           0x08002324   Section        0  chassis.o(i.RQ_StepAhead)
    i.RQ_StepBack                            0x0800233c   Section        0  chassis.o(i.RQ_StepBack)
    i.SR04_task                              0x08002354   Section        0  hc_sr04.o(i.SR04_task)
    i.StartDefaultTask                       0x0800240c   Section        0  main.o(i.StartDefaultTask)
    i.SysTick_Handler                        0x08002414   Section        0  stm32f4xx_it.o(i.SysTick_Handler)
    i.SystemClock_Config                     0x0800242c   Section        0  main.o(i.SystemClock_Config)
    i.SystemInit                             0x080024c8   Section        0  system_stm32f4xx.o(i.SystemInit)
    i.TIM3_IRQHandler                        0x080024d8   Section        0  stm32f4xx_it.o(i.TIM3_IRQHandler)
    i.TIM_Base_SetConfig                     0x080024e4   Section        0  stm32f4xx_hal_tim.o(i.TIM_Base_SetConfig)
    i.TIM_CCxChannelCmd                      0x080025bc   Section        0  stm32f4xx_hal_tim.o(i.TIM_CCxChannelCmd)
    i.TIM_ETR_SetConfig                      0x080025d6   Section        0  stm32f4xx_hal_tim.o(i.TIM_ETR_SetConfig)
    i.TIM_ITRx_SetConfig                     0x080025ea   Section        0  stm32f4xx_hal_tim.o(i.TIM_ITRx_SetConfig)
    TIM_ITRx_SetConfig                       0x080025eb   Thumb Code    16  stm32f4xx_hal_tim.o(i.TIM_ITRx_SetConfig)
    i.TIM_OC1_SetConfig                      0x080025fc   Section        0  stm32f4xx_hal_tim.o(i.TIM_OC1_SetConfig)
    TIM_OC1_SetConfig                        0x080025fd   Thumb Code    88  stm32f4xx_hal_tim.o(i.TIM_OC1_SetConfig)
    i.TIM_OC2_SetConfig                      0x0800265c   Section        0  stm32f4xx_hal_tim.o(i.TIM_OC2_SetConfig)
    i.TIM_OC3_SetConfig                      0x080026c8   Section        0  stm32f4xx_hal_tim.o(i.TIM_OC3_SetConfig)
    TIM_OC3_SetConfig                        0x080026c9   Thumb Code    96  stm32f4xx_hal_tim.o(i.TIM_OC3_SetConfig)
    i.TIM_OC4_SetConfig                      0x08002730   Section        0  stm32f4xx_hal_tim.o(i.TIM_OC4_SetConfig)
    TIM_OC4_SetConfig                        0x08002731   Thumb Code    70  stm32f4xx_hal_tim.o(i.TIM_OC4_SetConfig)
    i.TIM_TI1_ConfigInputStage               0x08002780   Section        0  stm32f4xx_hal_tim.o(i.TIM_TI1_ConfigInputStage)
    TIM_TI1_ConfigInputStage                 0x08002781   Thumb Code    34  stm32f4xx_hal_tim.o(i.TIM_TI1_ConfigInputStage)
    i.TIM_TI2_ConfigInputStage               0x080027a2   Section        0  stm32f4xx_hal_tim.o(i.TIM_TI2_ConfigInputStage)
    TIM_TI2_ConfigInputStage                 0x080027a3   Thumb Code    36  stm32f4xx_hal_tim.o(i.TIM_TI2_ConfigInputStage)
    i.UART_SetConfig                         0x080027c8   Section        0  stm32f4xx_hal_uart.o(i.UART_SetConfig)
    UART_SetConfig                           0x080027c9   Thumb Code   258  stm32f4xx_hal_uart.o(i.UART_SetConfig)
    i.UsageFault_Handler                     0x080028d4   Section        0  stm32f4xx_it.o(i.UsageFault_Handler)
    i.WiFi_task                              0x080028d6   Section        0  wifi.o(i.WiFi_task)
    i.__NVIC_SetPriority                     0x080028e6   Section        0  stm32f4xx_hal_cortex.o(i.__NVIC_SetPriority)
    __NVIC_SetPriority                       0x080028e7   Thumb Code    32  stm32f4xx_hal_cortex.o(i.__NVIC_SetPriority)
    i.chassis_goStraight                     0x08002906   Section        0  chassis.o(i.chassis_goStraight)
    i.chassis_moveon                         0x0800291c   Section        0  chassis.o(i.chassis_moveon)
    i.chassis_standStill_TurnLeft            0x08002968   Section        0  chassis.o(i.chassis_standStill_TurnLeft)
    i.chassis_standStill_TurnRight           0x0800297e   Section        0  chassis.o(i.chassis_standStill_TurnRight)
    i.chassis_standstill                     0x08002994   Section        0  chassis.o(i.chassis_standstill)
    i.chassis_task                           0x080029f8   Section        0  chassis.o(i.chassis_task)
    i.chassis_turnLeft                       0x08002a24   Section        0  chassis.o(i.chassis_turnLeft)
    i.chassis_turnRight                      0x08002a3a   Section        0  chassis.o(i.chassis_turnRight)
    i.led_task                               0x08002a50   Section        0  led.o(i.led_task)
    i.main                                   0x08002a60   Section        0  main.o(i.main)
    i.makeFreeRtosPriority                   0x08002bb8   Section        0  cmsis_os.o(i.makeFreeRtosPriority)
    makeFreeRtosPriority                     0x08002bb9   Thumb Code    12  cmsis_os.o(i.makeFreeRtosPriority)
    i.osDelay                                0x08002bc4   Section        0  cmsis_os.o(i.osDelay)
    i.osKernelStart                          0x08002bd2   Section        0  cmsis_os.o(i.osKernelStart)
    i.osThreadCreate                         0x08002bdc   Section        0  cmsis_os.o(i.osThreadCreate)
    i.prvAddCurrentTaskToDelayedList         0x08002c30   Section        0  tasks.o(i.prvAddCurrentTaskToDelayedList)
    prvAddCurrentTaskToDelayedList           0x08002c31   Thumb Code   110  tasks.o(i.prvAddCurrentTaskToDelayedList)
    i.prvAddNewTaskToReadyList               0x08002ca8   Section        0  tasks.o(i.prvAddNewTaskToReadyList)
    prvAddNewTaskToReadyList                 0x08002ca9   Thumb Code   194  tasks.o(i.prvAddNewTaskToReadyList)
    i.prvDeleteTCB                           0x08002d78   Section        0  tasks.o(i.prvDeleteTCB)
    prvDeleteTCB                             0x08002d79   Thumb Code    52  tasks.o(i.prvDeleteTCB)
    i.prvHeapInit                            0x08002dac   Section        0  heap_4.o(i.prvHeapInit)
    prvHeapInit                              0x08002dad   Thumb Code    66  heap_4.o(i.prvHeapInit)
    i.prvIdleTask                            0x08002df8   Section        0  tasks.o(i.prvIdleTask)
    prvIdleTask                              0x08002df9   Thumb Code    82  tasks.o(i.prvIdleTask)
    i.prvInitialiseNewTask                   0x08002e58   Section        0  tasks.o(i.prvInitialiseNewTask)
    prvInitialiseNewTask                     0x08002e59   Thumb Code   156  tasks.o(i.prvInitialiseNewTask)
    i.prvInsertBlockIntoFreeList             0x08002ef4   Section        0  heap_4.o(i.prvInsertBlockIntoFreeList)
    prvInsertBlockIntoFreeList               0x08002ef5   Thumb Code    72  heap_4.o(i.prvInsertBlockIntoFreeList)
    i.prvResetNextTaskUnblockTime            0x08002f40   Section        0  tasks.o(i.prvResetNextTaskUnblockTime)
    prvResetNextTaskUnblockTime              0x08002f41   Thumb Code    26  tasks.o(i.prvResetNextTaskUnblockTime)
    i.prvTaskExitError                       0x08002f60   Section        0  port.o(i.prvTaskExitError)
    prvTaskExitError                         0x08002f61   Thumb Code    36  port.o(i.prvTaskExitError)
    i.pvPortMalloc                           0x08002f88   Section        0  heap_4.o(i.pvPortMalloc)
    i.pxPortInitialiseStack                  0x08003064   Section        0  port.o(i.pxPortInitialiseStack)
    i.tracking_update                        0x08003090   Section        0  chassis.o(i.tracking_update)
    i.uxListRemove                           0x080030e0   Section        0  list.o(i.uxListRemove)
    i.vApplicationGetIdleTaskMemory          0x08003108   Section        0  freertos.o(i.vApplicationGetIdleTaskMemory)
    i.vListInitialise                        0x0800311c   Section        0  list.o(i.vListInitialise)
    i.vListInitialiseItem                    0x08003132   Section        0  list.o(i.vListInitialiseItem)
    i.vListInsert                            0x08003138   Section        0  list.o(i.vListInsert)
    i.vListInsertEnd                         0x08003168   Section        0  list.o(i.vListInsertEnd)
    i.vPortEnterCritical                     0x08003180   Section        0  port.o(i.vPortEnterCritical)
    i.vPortExitCritical                      0x080031c0   Section        0  port.o(i.vPortExitCritical)
    i.vPortFree                              0x080031e8   Section        0  heap_4.o(i.vPortFree)
    i.vPortSetupTimerInterrupt               0x0800324c   Section        0  port.o(i.vPortSetupTimerInterrupt)
    i.vTaskDelay                             0x08003270   Section        0  tasks.o(i.vTaskDelay)
    i.vTaskStartScheduler                    0x080032bc   Section        0  tasks.o(i.vTaskStartScheduler)
    i.vTaskSuspendAll                        0x08003328   Section        0  tasks.o(i.vTaskSuspendAll)
    i.vTaskSwitchContext                     0x08003338   Section        0  tasks.o(i.vTaskSwitchContext)
    i.xPortStartScheduler                    0x08003394   Section        0  port.o(i.xPortStartScheduler)
    i.xPortSysTickHandler                    0x08003488   Section        0  port.o(i.xPortSysTickHandler)
    i.xTaskCreate                            0x080034b4   Section        0  tasks.o(i.xTaskCreate)
    i.xTaskCreateStatic                      0x0800350e   Section        0  tasks.o(i.xTaskCreateStatic)
    i.xTaskGetSchedulerState                 0x08003564   Section        0  tasks.o(i.xTaskGetSchedulerState)
    i.xTaskIncrementTick                     0x08003580   Section        0  tasks.o(i.xTaskIncrementTick)
    i.xTaskResumeAll                         0x0800364c   Section        0  tasks.o(i.xTaskResumeAll)
    x$fpl$d2f                                0x08003710   Section       98  d2f.o(x$fpl$d2f)
    $v0                                      0x08003710   Number         0  d2f.o(x$fpl$d2f)
    x$fpl$dfltu                              0x08003772   Section       38  dflt_clz.o(x$fpl$dfltu)
    $v0                                      0x08003772   Number         0  dflt_clz.o(x$fpl$dfltu)
    x$fpl$dmul                               0x08003798   Section      340  dmul.o(x$fpl$dmul)
    $v0                                      0x08003798   Number         0  dmul.o(x$fpl$dmul)
    x$fpl$dnaninf                            0x080038ec   Section      156  dnaninf.o(x$fpl$dnaninf)
    $v0                                      0x080038ec   Number         0  dnaninf.o(x$fpl$dnaninf)
    x$fpl$dretinf                            0x08003988   Section       12  dretinf.o(x$fpl$dretinf)
    $v0                                      0x08003988   Number         0  dretinf.o(x$fpl$dretinf)
    x$fpl$fpinit                             0x08003994   Section       10  fpinit.o(x$fpl$fpinit)
    $v0                                      0x08003994   Number         0  fpinit.o(x$fpl$fpinit)
    x$fpl$fretinf                            0x0800399e   Section       10  fretinf.o(x$fpl$fretinf)
    $v0                                      0x0800399e   Number         0  fretinf.o(x$fpl$fretinf)
    .constdata                               0x080039a8   Section      168  main.o(.constdata)
    x$fpl$usenofp                            0x080039a8   Section        0  usenofp.o(x$fpl$usenofp)
    .constdata                               0x08003a50   Section       16  system_stm32f4xx.o(.constdata)
    .constdata                               0x08003a60   Section        8  system_stm32f4xx.o(.constdata)
    .conststring                             0x08003a68   Section       92  main.o(.conststring)
    .data                                    0x20000000   Section        8  adc.o(.data)
    .data                                    0x20000008   Section       13  chassis.o(.data)
    .data                                    0x20000018   Section       24  hc_sr04.o(.data)
    .data                                    0x20000030   Section       24  main.o(.data)
    .data                                    0x20000048   Section       12  stm32f4xx_hal.o(.data)
    .data                                    0x20000054   Section        4  system_stm32f4xx.o(.data)
    .data                                    0x20000058   Section       60  tasks.o(.data)
    uxDeletedTasksWaitingCleanUp             0x2000005c   Data           4  tasks.o(.data)
    uxCurrentNumberOfTasks                   0x20000060   Data           4  tasks.o(.data)
    xTickCount                               0x20000064   Data           4  tasks.o(.data)
    uxTopReadyPriority                       0x20000068   Data           4  tasks.o(.data)
    xSchedulerRunning                        0x2000006c   Data           4  tasks.o(.data)
    xPendedTicks                             0x20000070   Data           4  tasks.o(.data)
    xYieldPending                            0x20000074   Data           4  tasks.o(.data)
    xNumOfOverflows                          0x20000078   Data           4  tasks.o(.data)
    uxTaskNumber                             0x2000007c   Data           4  tasks.o(.data)
    xNextTaskUnblockTime                     0x20000080   Data           4  tasks.o(.data)
    xIdleTaskHandle                          0x20000084   Data           4  tasks.o(.data)
    uxSchedulerSuspended                     0x20000088   Data           4  tasks.o(.data)
    pxDelayedTaskList                        0x2000008c   Data           4  tasks.o(.data)
    pxOverflowDelayedTaskList                0x20000090   Data           4  tasks.o(.data)
    .data                                    0x20000094   Section       32  heap_4.o(.data)
    pxEnd                                    0x20000094   Data           4  heap_4.o(.data)
    xFreeBytesRemaining                      0x20000098   Data           4  heap_4.o(.data)
    xMinimumEverFreeBytesRemaining           0x2000009c   Data           4  heap_4.o(.data)
    xNumberOfSuccessfulAllocations           0x200000a0   Data           4  heap_4.o(.data)
    xNumberOfSuccessfulFrees                 0x200000a4   Data           4  heap_4.o(.data)
    xBlockAllocatedBit                       0x200000a8   Data           4  heap_4.o(.data)
    xStart                                   0x200000ac   Data           8  heap_4.o(.data)
    .data                                    0x200000b4   Section       12  port.o(.data)
    ucMaxSysCallPriority                     0x200000b4   Data           1  port.o(.data)
    uxCriticalNesting                        0x200000b8   Data           4  port.o(.data)
    ulMaxPRIGROUPValue                       0x200000bc   Data           4  port.o(.data)
    .bss                                     0x200000c0   Section      360  main.o(.bss)
    .bss                                     0x20000228   Section      596  freertos.o(.bss)
    xIdleTaskTCBBuffer                       0x20000228   Data          84  freertos.o(.bss)
    xIdleStack                               0x2000027c   Data         512  freertos.o(.bss)
    .bss                                     0x2000047c   Section      240  tasks.o(.bss)
    pxReadyTasksLists                        0x2000047c   Data         140  tasks.o(.bss)
    xDelayedTaskList1                        0x20000508   Data          20  tasks.o(.bss)
    xDelayedTaskList2                        0x2000051c   Data          20  tasks.o(.bss)
    xPendingReadyList                        0x20000530   Data          20  tasks.o(.bss)
    xTasksWaitingTermination                 0x20000544   Data          20  tasks.o(.bss)
    xSuspendedTaskList                       0x20000558   Data          20  tasks.o(.bss)
    .bss                                     0x2000056c   Section    15360  heap_4.o(.bss)
    ucHeap                                   0x2000056c   Data       15360  heap_4.o(.bss)
    .bss                                     0x2000416c   Section       96  libspace.o(.bss)
    HEAP                                     0x200041d0   Section      512  startup_stm32f429xx.o(HEAP)
    Heap_Mem                                 0x200041d0   Data         512  startup_stm32f429xx.o(HEAP)
    STACK                                    0x200043d0   Section     1024  startup_stm32f429xx.o(STACK)
    Stack_Mem                                0x200043d0   Data        1024  startup_stm32f429xx.o(STACK)
    __initial_sp                             0x200047d0   Data           0  startup_stm32f429xx.o(STACK)

    Global Symbols

    Symbol Name                              Value     Ov Type        Size  Object(Section)

    BuildAttributes$$THM_ISAv4$E$P$D$K$B$S$7EM$VFPi3$EXTD16$VFPS$VFMA$PE$A:L22UL41UL21$X:L11$S22US41US21$IEEE1$IW$USESV6$~STKCKD$USESV7$~SHL$OSPACE$ROPI$EBA8$UX$STANDARDLIB$REQ8$PRES8$EABIv2 0x00000000   Number         0  anon$$obj.o ABSOLUTE
    __ARM_use_no_argv                        0x00000000   Number         0  main.o ABSOLUTE
    __ARM_exceptions_init                     - Undefined Weak Reference
    __alloca_initialize                       - Undefined Weak Reference
    __arm_fini_                               - Undefined Weak Reference
    __arm_preinit_                            - Undefined Weak Reference
    __cpp_initialize__aeabi_                  - Undefined Weak Reference
    __cxa_finalize                            - Undefined Weak Reference
    __rt_locale                               - Undefined Weak Reference
    __sigvec_lookup                           - Undefined Weak Reference
    _atexit_init                              - Undefined Weak Reference
    _call_atexit_fns                          - Undefined Weak Reference
    _clock_init                               - Undefined Weak Reference
    _fp_trap_init                             - Undefined Weak Reference
    _fp_trap_shutdown                         - Undefined Weak Reference
    _get_lc_collate                           - Undefined Weak Reference
    _get_lc_ctype                             - Undefined Weak Reference
    _get_lc_monetary                          - Undefined Weak Reference
    _get_lc_numeric                           - Undefined Weak Reference
    _get_lc_time                              - Undefined Weak Reference
    _getenv_init                              - Undefined Weak Reference
    _handle_redirection                       - Undefined Weak Reference
    _init_alloc                               - Undefined Weak Reference
    _init_user_alloc                          - Undefined Weak Reference
    _initio                                   - Undefined Weak Reference
    _rand_init                                - Undefined Weak Reference
    _signal_finish                            - Undefined Weak Reference
    _signal_init                              - Undefined Weak Reference
    _terminate_alloc                          - Undefined Weak Reference
    _terminate_user_alloc                     - Undefined Weak Reference
    _terminateio                              - Undefined Weak Reference
    __Vectors_Size                           0x000001ac   Number         0  startup_stm32f429xx.o ABSOLUTE
    __Vectors                                0x08000000   Data           4  startup_stm32f429xx.o(RESET)
    __Vectors_End                            0x080001ac   Data           0  startup_stm32f429xx.o(RESET)
    __main                                   0x080001ad   Thumb Code     8  __main.o(!!!main)
    __scatterload                            0x080001b5   Thumb Code     0  __scatter.o(!!!scatter)
    __scatterload_rt2                        0x080001b5   Thumb Code    44  __scatter.o(!!!scatter)
    __scatterload_rt2_thumb_only             0x080001b5   Thumb Code     0  __scatter.o(!!!scatter)
    __scatterload_null                       0x080001c3   Thumb Code     0  __scatter.o(!!!scatter)
    __scatterload_copy                       0x080001e9   Thumb Code    26  __scatter_copy.o(!!handler_copy)
    __scatterload_zeroinit                   0x08000205   Thumb Code    28  __scatter_zi.o(!!handler_zi)
    __rt_lib_init                            0x08000221   Thumb Code     0  libinit.o(.ARM.Collect$$libinit$$00000000)
    __rt_lib_init_fp_1                       0x08000223   Thumb Code     0  libinit2.o(.ARM.Collect$$libinit$$00000001)
    __rt_lib_init_alloca_1                   0x08000227   Thumb Code     0  libinit2.o(.ARM.Collect$$libinit$$0000002E)
    __rt_lib_init_argv_1                     0x08000227   Thumb Code     0  libinit2.o(.ARM.Collect$$libinit$$0000002C)
    __rt_lib_init_atexit_1                   0x08000227   Thumb Code     0  libinit2.o(.ARM.Collect$$libinit$$0000001B)
    __rt_lib_init_clock_1                    0x08000227   Thumb Code     0  libinit2.o(.ARM.Collect$$libinit$$00000021)
    __rt_lib_init_cpp_1                      0x08000227   Thumb Code     0  libinit2.o(.ARM.Collect$$libinit$$00000032)
    __rt_lib_init_exceptions_1               0x08000227   Thumb Code     0  libinit2.o(.ARM.Collect$$libinit$$00000030)
    __rt_lib_init_fp_trap_1                  0x08000227   Thumb Code     0  libinit2.o(.ARM.Collect$$libinit$$0000001F)
    __rt_lib_init_getenv_1                   0x08000227   Thumb Code     0  libinit2.o(.ARM.Collect$$libinit$$00000023)
    __rt_lib_init_heap_1                     0x08000227   Thumb Code     0  libinit2.o(.ARM.Collect$$libinit$$0000000A)
    __rt_lib_init_lc_collate_1               0x08000227   Thumb Code     0  libinit2.o(.ARM.Collect$$libinit$$00000011)
    __rt_lib_init_lc_ctype_1                 0x08000227   Thumb Code     0  libinit2.o(.ARM.Collect$$libinit$$00000013)
    __rt_lib_init_lc_monetary_1              0x08000227   Thumb Code     0  libinit2.o(.ARM.Collect$$libinit$$00000015)
    __rt_lib_init_lc_numeric_1               0x08000227   Thumb Code     0  libinit2.o(.ARM.Collect$$libinit$$00000017)
    __rt_lib_init_lc_time_1                  0x08000227   Thumb Code     0  libinit2.o(.ARM.Collect$$libinit$$00000019)
    __rt_lib_init_preinit_1                  0x08000227   Thumb Code     0  libinit2.o(.ARM.Collect$$libinit$$00000004)
    __rt_lib_init_rand_1                     0x08000227   Thumb Code     0  libinit2.o(.ARM.Collect$$libinit$$0000000E)
    __rt_lib_init_return                     0x08000227   Thumb Code     0  libinit2.o(.ARM.Collect$$libinit$$00000033)
    __rt_lib_init_signal_1                   0x08000227   Thumb Code     0  libinit2.o(.ARM.Collect$$libinit$$0000001D)
    __rt_lib_init_stdio_1                    0x08000227   Thumb Code     0  libinit2.o(.ARM.Collect$$libinit$$00000025)
    __rt_lib_init_user_alloc_1               0x08000227   Thumb Code     0  libinit2.o(.ARM.Collect$$libinit$$0000000C)
    __rt_lib_shutdown                        0x08000229   Thumb Code     0  libshutdown.o(.ARM.Collect$$libshutdown$$00000000)
    __rt_lib_shutdown_cpp_1                  0x0800022b   Thumb Code     0  libshutdown2.o(.ARM.Collect$$libshutdown$$00000004)
    __rt_lib_shutdown_fini_1                 0x0800022b   Thumb Code     0  libshutdown2.o(.ARM.Collect$$libshutdown$$00000002)
    __rt_lib_shutdown_fp_trap_1              0x0800022b   Thumb Code     0  libshutdown2.o(.ARM.Collect$$libshutdown$$00000009)
    __rt_lib_shutdown_heap_1                 0x0800022b   Thumb Code     0  libshutdown2.o(.ARM.Collect$$libshutdown$$00000011)
    __rt_lib_shutdown_return                 0x0800022b   Thumb Code     0  libshutdown2.o(.ARM.Collect$$libshutdown$$00000012)
    __rt_lib_shutdown_signal_1               0x0800022b   Thumb Code     0  libshutdown2.o(.ARM.Collect$$libshutdown$$0000000C)
    __rt_lib_shutdown_stdio_1                0x0800022b   Thumb Code     0  libshutdown2.o(.ARM.Collect$$libshutdown$$00000006)
    __rt_lib_shutdown_user_alloc_1           0x0800022b   Thumb Code     0  libshutdown2.o(.ARM.Collect$$libshutdown$$0000000E)
    __rt_entry                               0x0800022d   Thumb Code     0  __rtentry.o(.ARM.Collect$$rtentry$$00000000)
    __rt_entry_presh_1                       0x0800022d   Thumb Code     0  __rtentry2.o(.ARM.Collect$$rtentry$$00000002)
    __rt_entry_sh                            0x0800022d   Thumb Code     0  __rtentry4.o(.ARM.Collect$$rtentry$$00000004)
    __rt_entry_li                            0x08000233   Thumb Code     0  __rtentry2.o(.ARM.Collect$$rtentry$$0000000A)
    __rt_entry_postsh_1                      0x08000233   Thumb Code     0  __rtentry2.o(.ARM.Collect$$rtentry$$00000009)
    __rt_entry_main                          0x08000237   Thumb Code     0  __rtentry2.o(.ARM.Collect$$rtentry$$0000000D)
    __rt_entry_postli_1                      0x08000237   Thumb Code     0  __rtentry2.o(.ARM.Collect$$rtentry$$0000000C)
    __rt_exit                                0x0800023f   Thumb Code     0  rtexit.o(.ARM.Collect$$rtexit$$00000000)
    __rt_exit_ls                             0x08000241   Thumb Code     0  rtexit2.o(.ARM.Collect$$rtexit$$00000003)
    __rt_exit_prels_1                        0x08000241   Thumb Code     0  rtexit2.o(.ARM.Collect$$rtexit$$00000002)
    __rt_exit_exit                           0x08000245   Thumb Code     0  rtexit2.o(.ARM.Collect$$rtexit$$00000004)
    SVC_Handler                              0x0800024d   Thumb Code    28  port.o(.emb_text)
    __asm___6_port_c_39a90d8d__prvStartFirstTask 0x0800026d   Thumb Code    36  port.o(.emb_text)
    __asm___6_port_c_39a90d8d__prvEnableVFP  0x08000295   Thumb Code    16  port.o(.emb_text)
    PendSV_Handler                           0x080002a9   Thumb Code    88  port.o(.emb_text)
    vPortGetIPSR                             0x08000305   Thumb Code     6  port.o(.emb_text)
    Reset_Handler                            0x0800030d   Thumb Code     8  startup_stm32f429xx.o(.text)
    ADC_IRQHandler                           0x08000327   Thumb Code     0  startup_stm32f429xx.o(.text)
    CAN1_RX0_IRQHandler                      0x08000327   Thumb Code     0  startup_stm32f429xx.o(.text)
    CAN1_RX1_IRQHandler                      0x08000327   Thumb Code     0  startup_stm32f429xx.o(.text)
    CAN1_SCE_IRQHandler                      0x08000327   Thumb Code     0  startup_stm32f429xx.o(.text)
    CAN1_TX_IRQHandler                       0x08000327   Thumb Code     0  startup_stm32f429xx.o(.text)
    CAN2_RX0_IRQHandler                      0x08000327   Thumb Code     0  startup_stm32f429xx.o(.text)
    CAN2_RX1_IRQHandler                      0x08000327   Thumb Code     0  startup_stm32f429xx.o(.text)
    CAN2_SCE_IRQHandler                      0x08000327   Thumb Code     0  startup_stm32f429xx.o(.text)
    CAN2_TX_IRQHandler                       0x08000327   Thumb Code     0  startup_stm32f429xx.o(.text)
    DCMI_IRQHandler                          0x08000327   Thumb Code     0  startup_stm32f429xx.o(.text)
    DMA1_Stream0_IRQHandler                  0x08000327   Thumb Code     0  startup_stm32f429xx.o(.text)
    DMA1_Stream1_IRQHandler                  0x08000327   Thumb Code     0  startup_stm32f429xx.o(.text)
    DMA1_Stream2_IRQHandler                  0x08000327   Thumb Code     0  startup_stm32f429xx.o(.text)
    DMA1_Stream3_IRQHandler                  0x08000327   Thumb Code     0  startup_stm32f429xx.o(.text)
    DMA1_Stream4_IRQHandler                  0x08000327   Thumb Code     0  startup_stm32f429xx.o(.text)
    DMA1_Stream5_IRQHandler                  0x08000327   Thumb Code     0  startup_stm32f429xx.o(.text)
    DMA1_Stream6_IRQHandler                  0x08000327   Thumb Code     0  startup_stm32f429xx.o(.text)
    DMA1_Stream7_IRQHandler                  0x08000327   Thumb Code     0  startup_stm32f429xx.o(.text)
    DMA2D_IRQHandler                         0x08000327   Thumb Code     0  startup_stm32f429xx.o(.text)
    DMA2_Stream0_IRQHandler                  0x08000327   Thumb Code     0  startup_stm32f429xx.o(.text)
    DMA2_Stream1_IRQHandler                  0x08000327   Thumb Code     0  startup_stm32f429xx.o(.text)
    DMA2_Stream2_IRQHandler                  0x08000327   Thumb Code     0  startup_stm32f429xx.o(.text)
    DMA2_Stream3_IRQHandler                  0x08000327   Thumb Code     0  startup_stm32f429xx.o(.text)
    DMA2_Stream4_IRQHandler                  0x08000327   Thumb Code     0  startup_stm32f429xx.o(.text)
    DMA2_Stream5_IRQHandler                  0x08000327   Thumb Code     0  startup_stm32f429xx.o(.text)
    DMA2_Stream6_IRQHandler                  0x08000327   Thumb Code     0  startup_stm32f429xx.o(.text)
    DMA2_Stream7_IRQHandler                  0x08000327   Thumb Code     0  startup_stm32f429xx.o(.text)
    ETH_IRQHandler                           0x08000327   Thumb Code     0  startup_stm32f429xx.o(.text)
    ETH_WKUP_IRQHandler                      0x08000327   Thumb Code     0  startup_stm32f429xx.o(.text)
    EXTI0_IRQHandler                         0x08000327   Thumb Code     0  startup_stm32f429xx.o(.text)
    EXTI15_10_IRQHandler                     0x08000327   Thumb Code     0  startup_stm32f429xx.o(.text)
    EXTI1_IRQHandler                         0x08000327   Thumb Code     0  startup_stm32f429xx.o(.text)
    EXTI2_IRQHandler                         0x08000327   Thumb Code     0  startup_stm32f429xx.o(.text)
    EXTI3_IRQHandler                         0x08000327   Thumb Code     0  startup_stm32f429xx.o(.text)
    EXTI4_IRQHandler                         0x08000327   Thumb Code     0  startup_stm32f429xx.o(.text)
    FLASH_IRQHandler                         0x08000327   Thumb Code     0  startup_stm32f429xx.o(.text)
    FMC_IRQHandler                           0x08000327   Thumb Code     0  startup_stm32f429xx.o(.text)
    FPU_IRQHandler                           0x08000327   Thumb Code     0  startup_stm32f429xx.o(.text)
    HASH_RNG_IRQHandler                      0x08000327   Thumb Code     0  startup_stm32f429xx.o(.text)
    I2C1_ER_IRQHandler                       0x08000327   Thumb Code     0  startup_stm32f429xx.o(.text)
    I2C1_EV_IRQHandler                       0x08000327   Thumb Code     0  startup_stm32f429xx.o(.text)
    I2C2_ER_IRQHandler                       0x08000327   Thumb Code     0  startup_stm32f429xx.o(.text)
    I2C2_EV_IRQHandler                       0x08000327   Thumb Code     0  startup_stm32f429xx.o(.text)
    I2C3_ER_IRQHandler                       0x08000327   Thumb Code     0  startup_stm32f429xx.o(.text)
    I2C3_EV_IRQHandler                       0x08000327   Thumb Code     0  startup_stm32f429xx.o(.text)
    LTDC_ER_IRQHandler                       0x08000327   Thumb Code     0  startup_stm32f429xx.o(.text)
    LTDC_IRQHandler                          0x08000327   Thumb Code     0  startup_stm32f429xx.o(.text)
    OTG_FS_IRQHandler                        0x08000327   Thumb Code     0  startup_stm32f429xx.o(.text)
    OTG_FS_WKUP_IRQHandler                   0x08000327   Thumb Code     0  startup_stm32f429xx.o(.text)
    OTG_HS_EP1_IN_IRQHandler                 0x08000327   Thumb Code     0  startup_stm32f429xx.o(.text)
    OTG_HS_EP1_OUT_IRQHandler                0x08000327   Thumb Code     0  startup_stm32f429xx.o(.text)
    OTG_HS_IRQHandler                        0x08000327   Thumb Code     0  startup_stm32f429xx.o(.text)
    OTG_HS_WKUP_IRQHandler                   0x08000327   Thumb Code     0  startup_stm32f429xx.o(.text)
    PVD_IRQHandler                           0x08000327   Thumb Code     0  startup_stm32f429xx.o(.text)
    RCC_IRQHandler                           0x08000327   Thumb Code     0  startup_stm32f429xx.o(.text)
    RTC_Alarm_IRQHandler                     0x08000327   Thumb Code     0  startup_stm32f429xx.o(.text)
    RTC_WKUP_IRQHandler                      0x08000327   Thumb Code     0  startup_stm32f429xx.o(.text)
    SAI1_IRQHandler                          0x08000327   Thumb Code     0  startup_stm32f429xx.o(.text)
    SDIO_IRQHandler                          0x08000327   Thumb Code     0  startup_stm32f429xx.o(.text)
    SPI1_IRQHandler                          0x08000327   Thumb Code     0  startup_stm32f429xx.o(.text)
    SPI2_IRQHandler                          0x08000327   Thumb Code     0  startup_stm32f429xx.o(.text)
    SPI3_IRQHandler                          0x08000327   Thumb Code     0  startup_stm32f429xx.o(.text)
    SPI4_IRQHandler                          0x08000327   Thumb Code     0  startup_stm32f429xx.o(.text)
    SPI5_IRQHandler                          0x08000327   Thumb Code     0  startup_stm32f429xx.o(.text)
    SPI6_IRQHandler                          0x08000327   Thumb Code     0  startup_stm32f429xx.o(.text)
    TAMP_STAMP_IRQHandler                    0x08000327   Thumb Code     0  startup_stm32f429xx.o(.text)
    TIM1_BRK_TIM9_IRQHandler                 0x08000327   Thumb Code     0  startup_stm32f429xx.o(.text)
    TIM1_CC_IRQHandler                       0x08000327   Thumb Code     0  startup_stm32f429xx.o(.text)
    TIM1_TRG_COM_TIM11_IRQHandler            0x08000327   Thumb Code     0  startup_stm32f429xx.o(.text)
    TIM1_UP_TIM10_IRQHandler                 0x08000327   Thumb Code     0  startup_stm32f429xx.o(.text)
    TIM2_IRQHandler                          0x08000327   Thumb Code     0  startup_stm32f429xx.o(.text)
    TIM4_IRQHandler                          0x08000327   Thumb Code     0  startup_stm32f429xx.o(.text)
    TIM5_IRQHandler                          0x08000327   Thumb Code     0  startup_stm32f429xx.o(.text)
    TIM6_DAC_IRQHandler                      0x08000327   Thumb Code     0  startup_stm32f429xx.o(.text)
    TIM7_IRQHandler                          0x08000327   Thumb Code     0  startup_stm32f429xx.o(.text)
    TIM8_BRK_TIM12_IRQHandler                0x08000327   Thumb Code     0  startup_stm32f429xx.o(.text)
    TIM8_CC_IRQHandler                       0x08000327   Thumb Code     0  startup_stm32f429xx.o(.text)
    TIM8_TRG_COM_TIM14_IRQHandler            0x08000327   Thumb Code     0  startup_stm32f429xx.o(.text)
    TIM8_UP_TIM13_IRQHandler                 0x08000327   Thumb Code     0  startup_stm32f429xx.o(.text)
    UART4_IRQHandler                         0x08000327   Thumb Code     0  startup_stm32f429xx.o(.text)
    UART5_IRQHandler                         0x08000327   Thumb Code     0  startup_stm32f429xx.o(.text)
    UART7_IRQHandler                         0x08000327   Thumb Code     0  startup_stm32f429xx.o(.text)
    UART8_IRQHandler                         0x08000327   Thumb Code     0  startup_stm32f429xx.o(.text)
    USART1_IRQHandler                        0x08000327   Thumb Code     0  startup_stm32f429xx.o(.text)
    USART2_IRQHandler                        0x08000327   Thumb Code     0  startup_stm32f429xx.o(.text)
    USART3_IRQHandler                        0x08000327   Thumb Code     0  startup_stm32f429xx.o(.text)
    USART6_IRQHandler                        0x08000327   Thumb Code     0  startup_stm32f429xx.o(.text)
    WWDG_IRQHandler                          0x08000327   Thumb Code     0  startup_stm32f429xx.o(.text)
    __user_initial_stackheap                 0x08000329   Thumb Code     0  startup_stm32f429xx.o(.text)
    __aeabi_uldivmod                         0x0800034d   Thumb Code     0  lludivv7m.o(.text)
    _ll_udiv                                 0x0800034d   Thumb Code   238  lludivv7m.o(.text)
    __aeabi_memcpy4                          0x0800043b   Thumb Code     0  rt_memcpy_w.o(.text)
    __aeabi_memcpy8                          0x0800043b   Thumb Code     0  rt_memcpy_w.o(.text)
    __rt_memcpy_w                            0x0800043b   Thumb Code   100  rt_memcpy_w.o(.text)
    _memcpy_lastbytes_aligned                0x08000483   Thumb Code     0  rt_memcpy_w.o(.text)
    __aeabi_memclr4                          0x0800049f   Thumb Code     0  rt_memclr_w.o(.text)
    __aeabi_memclr8                          0x0800049f   Thumb Code     0  rt_memclr_w.o(.text)
    __rt_memclr_w                            0x0800049f   Thumb Code    78  rt_memclr_w.o(.text)
    _memset_w                                0x080004a3   Thumb Code     0  rt_memclr_w.o(.text)
    __use_two_region_memory                  0x080004ed   Thumb Code     2  heapauxi.o(.text)
    __rt_heap_escrow$2region                 0x080004ef   Thumb Code     2  heapauxi.o(.text)
    __rt_heap_expand$2region                 0x080004f1   Thumb Code     2  heapauxi.o(.text)
    __user_setup_stackheap                   0x080004f3   Thumb Code    74  sys_stackheap_outer.o(.text)
    exit                                     0x0800053d   Thumb Code    18  exit.o(.text)
    __user_libspace                          0x08000551   Thumb Code     8  libspace.o(.text)
    __user_perproc_libspace                  0x08000551   Thumb Code     0  libspace.o(.text)
    __user_perthread_libspace                0x08000551   Thumb Code     0  libspace.o(.text)
    _sys_exit                                0x08000559   Thumb Code     8  sys_exit.o(.text)
    __I$use$semihosting                      0x08000565   Thumb Code     0  use_no_semi.o(.text)
    __use_no_semihosting_swi                 0x08000565   Thumb Code     2  use_no_semi.o(.text)
    __semihosting_library_function           0x08000567   Thumb Code     0  indicate_semi.o(.text)
    ADC_task                                 0x08000691   Thumb Code   150  adc.o(i.ADC_task)
    BusFault_Handler                         0x08000749   Thumb Code     2  stm32f4xx_it.o(i.BusFault_Handler)
    Car_Init                                 0x0800074d   Thumb Code   120  main.o(i.Car_Init)
    DebugMon_Handler                         0x080007d5   Thumb Code     2  stm32f4xx_it.o(i.DebugMon_Handler)
    Delay_1us                                0x080007d7   Thumb Code    22  hc_sr04.o(i.Delay_1us)
    EXTI9_5_IRQHandler                       0x080007ed   Thumb Code     6  stm32f4xx_it.o(i.EXTI9_5_IRQHandler)
    HAL_ADCEx_InjectedConfigChannel          0x080007f5   Thumb Code   432  stm32f4xx_hal_adc_ex.o(i.HAL_ADCEx_InjectedConfigChannel)
    HAL_ADC_ConfigChannel                    0x080009b5   Thumb Code   334  stm32f4xx_hal_adc.o(i.HAL_ADC_ConfigChannel)
    HAL_ADC_GetState                         0x08000b19   Thumb Code     4  stm32f4xx_hal_adc.o(i.HAL_ADC_GetState)
    HAL_ADC_GetValue                         0x08000b1d   Thumb Code     6  stm32f4xx_hal_adc.o(i.HAL_ADC_GetValue)
    HAL_ADC_Init                             0x08000b23   Thumb Code    84  stm32f4xx_hal_adc.o(i.HAL_ADC_Init)
    HAL_ADC_MspInit                          0x08000b79   Thumb Code    84  stm32f4xx_hal_msp.o(i.HAL_ADC_MspInit)
    HAL_ADC_PollForConversion                0x08000bd9   Thumb Code   170  stm32f4xx_hal_adc.o(i.HAL_ADC_PollForConversion)
    HAL_ADC_Start                            0x08000c85   Thumb Code   228  stm32f4xx_hal_adc.o(i.HAL_ADC_Start)
    HAL_Delay                                0x08000d81   Thumb Code    32  stm32f4xx_hal.o(i.HAL_Delay)
    HAL_GPIO_EXTI_Callback                   0x08000da5   Thumb Code    18  chassis.o(i.HAL_GPIO_EXTI_Callback)
    HAL_GPIO_EXTI_IRQHandler                 0x08000dbd   Thumb Code    18  stm32f4xx_hal_gpio.o(i.HAL_GPIO_EXTI_IRQHandler)
    HAL_GPIO_Init                            0x08000dd5   Thumb Code   510  stm32f4xx_hal_gpio.o(i.HAL_GPIO_Init)
    HAL_GPIO_ReadPin                         0x08001009   Thumb Code    10  stm32f4xx_hal_gpio.o(i.HAL_GPIO_ReadPin)
    HAL_GPIO_WritePin                        0x08001013   Thumb Code    10  stm32f4xx_hal_gpio.o(i.HAL_GPIO_WritePin)
    HAL_GetTick                              0x0800101d   Thumb Code     6  stm32f4xx_hal.o(i.HAL_GetTick)
    HAL_IncTick                              0x08001029   Thumb Code    12  stm32f4xx_hal.o(i.HAL_IncTick)
    HAL_Init                                 0x08001039   Thumb Code    48  stm32f4xx_hal.o(i.HAL_Init)
    HAL_InitTick                             0x0800106d   Thumb Code    54  stm32f4xx_hal.o(i.HAL_InitTick)
    HAL_MspInit                              0x080010ad   Thumb Code    52  stm32f4xx_hal_msp.o(i.HAL_MspInit)
    HAL_NVIC_EnableIRQ                       0x080010e5   Thumb Code    26  stm32f4xx_hal_cortex.o(i.HAL_NVIC_EnableIRQ)
    HAL_NVIC_SetPriority                     0x08001101   Thumb Code    60  stm32f4xx_hal_cortex.o(i.HAL_NVIC_SetPriority)
    HAL_NVIC_SetPriorityGrouping             0x08001141   Thumb Code    26  stm32f4xx_hal_cortex.o(i.HAL_NVIC_SetPriorityGrouping)
    HAL_PWREx_EnableOverDrive                0x08001165   Thumb Code    98  stm32f4xx_hal_pwr_ex.o(i.HAL_PWREx_EnableOverDrive)
    HAL_RCC_ClockConfig                      0x080011d5   Thumb Code   288  stm32f4xx_hal_rcc.o(i.HAL_RCC_ClockConfig)
    HAL_RCC_GetPCLK1Freq                     0x08001309   Thumb Code    20  stm32f4xx_hal_rcc.o(i.HAL_RCC_GetPCLK1Freq)
    HAL_RCC_GetPCLK2Freq                     0x08001329   Thumb Code    20  stm32f4xx_hal_rcc.o(i.HAL_RCC_GetPCLK2Freq)
    HAL_RCC_GetSysClockFreq                  0x08001349   Thumb Code    88  stm32f4xx_hal_rcc.o(i.HAL_RCC_GetSysClockFreq)
    HAL_RCC_OscConfig                        0x080013ad   Thumb Code   856  stm32f4xx_hal_rcc.o(i.HAL_RCC_OscConfig)
    HAL_SYSTICK_Config                       0x08001719   Thumb Code    40  stm32f4xx_hal_cortex.o(i.HAL_SYSTICK_Config)
    HAL_TIMEx_BreakCallback                  0x08001741   Thumb Code     2  stm32f4xx_hal_tim_ex.o(i.HAL_TIMEx_BreakCallback)
    HAL_TIMEx_CommutCallback                 0x08001743   Thumb Code     2  stm32f4xx_hal_tim_ex.o(i.HAL_TIMEx_CommutCallback)
    HAL_TIMEx_MasterConfigSynchronization    0x08001745   Thumb Code   116  stm32f4xx_hal_tim_ex.o(i.HAL_TIMEx_MasterConfigSynchronization)
    HAL_TIM_Base_Init                        0x080017d5   Thumb Code    90  stm32f4xx_hal_tim.o(i.HAL_TIM_Base_Init)
    HAL_TIM_Base_MspInit                     0x08001831   Thumb Code    94  stm32f4xx_hal_msp.o(i.HAL_TIM_Base_MspInit)
    HAL_TIM_Base_Start_IT                    0x0800189d   Thumb Code   100  stm32f4xx_hal_tim.o(i.HAL_TIM_Base_Start_IT)
    HAL_TIM_ConfigClockSource                0x0800191d   Thumb Code   220  stm32f4xx_hal_tim.o(i.HAL_TIM_ConfigClockSource)
    HAL_TIM_IC_CaptureCallback               0x080019f9   Thumb Code     2  stm32f4xx_hal_tim.o(i.HAL_TIM_IC_CaptureCallback)
    HAL_TIM_IRQHandler                       0x080019fb   Thumb Code   304  stm32f4xx_hal_tim.o(i.HAL_TIM_IRQHandler)
    HAL_TIM_MspPostInit                      0x08001b2d   Thumb Code   146  stm32f4xx_hal_msp.o(i.HAL_TIM_MspPostInit)
    HAL_TIM_OC_DelayElapsedCallback          0x08001bd1   Thumb Code     2  stm32f4xx_hal_tim.o(i.HAL_TIM_OC_DelayElapsedCallback)
    HAL_TIM_PWM_ConfigChannel                0x08001bd3   Thumb Code   204  stm32f4xx_hal_tim.o(i.HAL_TIM_PWM_ConfigChannel)
    HAL_TIM_PWM_Init                         0x08001c9f   Thumb Code    90  stm32f4xx_hal_tim.o(i.HAL_TIM_PWM_Init)
    HAL_TIM_PWM_MspInit                      0x08001cf9   Thumb Code     2  stm32f4xx_hal_tim.o(i.HAL_TIM_PWM_MspInit)
    HAL_TIM_PWM_PulseFinishedCallback        0x08001cfb   Thumb Code     2  stm32f4xx_hal_tim.o(i.HAL_TIM_PWM_PulseFinishedCallback)
    HAL_TIM_PWM_Start                        0x08001cfd   Thumb Code   172  stm32f4xx_hal_tim.o(i.HAL_TIM_PWM_Start)
    HAL_TIM_PeriodElapsedCallback            0x08001dc5   Thumb Code     2  stm32f4xx_hal_tim.o(i.HAL_TIM_PeriodElapsedCallback)
    HAL_TIM_TriggerCallback                  0x08001dc7   Thumb Code     2  stm32f4xx_hal_tim.o(i.HAL_TIM_TriggerCallback)
    HAL_UART_Init                            0x08001dc9   Thumb Code   100  stm32f4xx_hal_uart.o(i.HAL_UART_Init)
    HAL_UART_MspInit                         0x08001e2d   Thumb Code    92  stm32f4xx_hal_msp.o(i.HAL_UART_MspInit)
    HardFault_Handler                        0x08001e95   Thumb Code     2  stm32f4xx_it.o(i.HardFault_Handler)
    LH_StepAhead                             0x08001e99   Thumb Code    18  chassis.o(i.LH_StepAhead)
    LH_StepBack                              0x08001eb1   Thumb Code    18  chassis.o(i.LH_StepBack)
    LQ_StepAhead                             0x08001ec9   Thumb Code    18  chassis.o(i.LQ_StepAhead)
    LQ_StepBack                              0x08001ee1   Thumb Code    18  chassis.o(i.LQ_StepBack)
    MemManage_Handler                        0x080022f1   Thumb Code     2  stm32f4xx_it.o(i.MemManage_Handler)
    NMI_Handler                              0x080022f3   Thumb Code     2  stm32f4xx_it.o(i.NMI_Handler)
    RH_StepAhead                             0x080022f5   Thumb Code    18  chassis.o(i.RH_StepAhead)
    RH_StepBack                              0x0800230d   Thumb Code    18  chassis.o(i.RH_StepBack)
    RQ_StepAhead                             0x08002325   Thumb Code    18  chassis.o(i.RQ_StepAhead)
    RQ_StepBack                              0x0800233d   Thumb Code    18  chassis.o(i.RQ_StepBack)
    SR04_task                                0x08002355   Thumb Code   172  hc_sr04.o(i.SR04_task)
    StartDefaultTask                         0x0800240d   Thumb Code     8  main.o(i.StartDefaultTask)
    SysTick_Handler                          0x08002415   Thumb Code    24  stm32f4xx_it.o(i.SysTick_Handler)
    SystemClock_Config                       0x0800242d   Thumb Code   148  main.o(i.SystemClock_Config)
    SystemInit                               0x080024c9   Thumb Code    12  system_stm32f4xx.o(i.SystemInit)
    TIM3_IRQHandler                          0x080024d9   Thumb Code     6  stm32f4xx_it.o(i.TIM3_IRQHandler)
    TIM_Base_SetConfig                       0x080024e5   Thumb Code   170  stm32f4xx_hal_tim.o(i.TIM_Base_SetConfig)
    TIM_CCxChannelCmd                        0x080025bd   Thumb Code    26  stm32f4xx_hal_tim.o(i.TIM_CCxChannelCmd)
    TIM_ETR_SetConfig                        0x080025d7   Thumb Code    20  stm32f4xx_hal_tim.o(i.TIM_ETR_SetConfig)
    TIM_OC2_SetConfig                        0x0800265d   Thumb Code    98  stm32f4xx_hal_tim.o(i.TIM_OC2_SetConfig)
    UsageFault_Handler                       0x080028d5   Thumb Code     2  stm32f4xx_it.o(i.UsageFault_Handler)
    WiFi_task                                0x080028d7   Thumb Code    16  wifi.o(i.WiFi_task)
    chassis_goStraight                       0x08002907   Thumb Code    22  chassis.o(i.chassis_goStraight)
    chassis_moveon                           0x0800291d   Thumb Code    70  chassis.o(i.chassis_moveon)
    chassis_standStill_TurnLeft              0x08002969   Thumb Code    22  chassis.o(i.chassis_standStill_TurnLeft)
    chassis_standStill_TurnRight             0x0800297f   Thumb Code    22  chassis.o(i.chassis_standStill_TurnRight)
    chassis_standstill                       0x08002995   Thumb Code    90  chassis.o(i.chassis_standstill)
    chassis_task                             0x080029f9   Thumb Code    38  chassis.o(i.chassis_task)
    chassis_turnLeft                         0x08002a25   Thumb Code    22  chassis.o(i.chassis_turnLeft)
    chassis_turnRight                        0x08002a3b   Thumb Code    22  chassis.o(i.chassis_turnRight)
    led_task                                 0x08002a51   Thumb Code    16  led.o(i.led_task)
    main                                     0x08002a61   Thumb Code   324  main.o(i.main)
    osDelay                                  0x08002bc5   Thumb Code    14  cmsis_os.o(i.osDelay)
    osKernelStart                            0x08002bd3   Thumb Code    10  cmsis_os.o(i.osKernelStart)
    osThreadCreate                           0x08002bdd   Thumb Code    84  cmsis_os.o(i.osThreadCreate)
    pvPortMalloc                             0x08002f89   Thumb Code   216  heap_4.o(i.pvPortMalloc)
    pxPortInitialiseStack                    0x08003065   Thumb Code    40  port.o(i.pxPortInitialiseStack)
    tracking_update                          0x08003091   Thumb Code    64  chassis.o(i.tracking_update)
    uxListRemove                             0x080030e1   Thumb Code    38  list.o(i.uxListRemove)
    vApplicationGetIdleTaskMemory            0x08003109   Thumb Code    16  freertos.o(i.vApplicationGetIdleTaskMemory)
    vListInitialise                          0x0800311d   Thumb Code    22  list.o(i.vListInitialise)
    vListInitialiseItem                      0x08003133   Thumb Code     6  list.o(i.vListInitialiseItem)
    vListInsert                              0x08003139   Thumb Code    48  list.o(i.vListInsert)
    vListInsertEnd                           0x08003169   Thumb Code    24  list.o(i.vListInsertEnd)
    vPortEnterCritical                       0x08003181   Thumb Code    54  port.o(i.vPortEnterCritical)
    vPortExitCritical                        0x080031c1   Thumb Code    34  port.o(i.vPortExitCritical)
    vPortFree                                0x080031e9   Thumb Code    94  heap_4.o(i.vPortFree)
    vPortSetupTimerInterrupt                 0x0800324d   Thumb Code    32  port.o(i.vPortSetupTimerInterrupt)
    vTaskDelay                               0x08003271   Thumb Code    66  tasks.o(i.vTaskDelay)
    vTaskStartScheduler                      0x080032bd   Thumb Code    90  tasks.o(i.vTaskStartScheduler)
    vTaskSuspendAll                          0x08003329   Thumb Code    10  tasks.o(i.vTaskSuspendAll)
    vTaskSwitchContext                       0x08003339   Thumb Code    82  tasks.o(i.vTaskSwitchContext)
    xPortStartScheduler                      0x08003395   Thumb Code   222  port.o(i.xPortStartScheduler)
    xPortSysTickHandler                      0x08003489   Thumb Code    38  port.o(i.xPortSysTickHandler)
    xTaskCreate                              0x080034b5   Thumb Code    90  tasks.o(i.xTaskCreate)
    xTaskCreateStatic                        0x0800350f   Thumb Code    86  tasks.o(i.xTaskCreateStatic)
    xTaskGetSchedulerState                   0x08003565   Thumb Code    22  tasks.o(i.xTaskGetSchedulerState)
    xTaskIncrementTick                       0x08003581   Thumb Code   194  tasks.o(i.xTaskIncrementTick)
    xTaskResumeAll                           0x0800364d   Thumb Code   182  tasks.o(i.xTaskResumeAll)
    __aeabi_d2f                              0x08003711   Thumb Code     0  d2f.o(x$fpl$d2f)
    _d2f                                     0x08003711   Thumb Code    98  d2f.o(x$fpl$d2f)
    __aeabi_ui2d                             0x08003773   Thumb Code     0  dflt_clz.o(x$fpl$dfltu)
    _dfltu                                   0x08003773   Thumb Code    38  dflt_clz.o(x$fpl$dfltu)
    __aeabi_dmul                             0x08003799   Thumb Code     0  dmul.o(x$fpl$dmul)
    _dmul                                    0x08003799   Thumb Code   332  dmul.o(x$fpl$dmul)
    __fpl_dnaninf                            0x080038ed   Thumb Code   156  dnaninf.o(x$fpl$dnaninf)
    __fpl_dretinf                            0x08003989   Thumb Code    12  dretinf.o(x$fpl$dretinf)
    _fp_init                                 0x08003995   Thumb Code    10  fpinit.o(x$fpl$fpinit)
    __fplib_config_fpu_vfp                   0x0800399d   Thumb Code     0  fpinit.o(x$fpl$fpinit)
    __fplib_config_pureend_doubles           0x0800399d   Thumb Code     0  fpinit.o(x$fpl$fpinit)
    __fpl_fretinf                            0x0800399f   Thumb Code    10  fretinf.o(x$fpl$fretinf)
    __I$use$fp                               0x080039a8   Number         0  usenofp.o(x$fpl$usenofp)
    AHBPrescTable                            0x08003a50   Data          16  system_stm32f4xx.o(.constdata)
    APBPrescTable                            0x08003a60   Data           8  system_stm32f4xx.o(.constdata)
    Region$$Table$$Base                      0x08003ac4   Number         0  anon$$obj.o(Region$$Table)
    Region$$Table$$Limit                     0x08003ae4   Number         0  anon$$obj.o(Region$$Table)
    powerLow                                 0x20000000   Data           1  adc.o(.data)
    ADCx                                     0x20000002   Data           2  adc.o(.data)
    volt                                     0x20000004   Data           4  adc.o(.data)
    chassis_relax                            0x20000008   Data           1  chassis.o(.data)
    result                                   0x2000000c   Data           4  chassis.o(.data)
    XJ_states                                0x20000010   Data           5  chassis.o(.data)
    distance                                 0x20000018   Data           4  hc_sr04.o(.data)
    time                                     0x20000020   Data           8  hc_sr04.o(.data)
    time_end                                 0x20000028   Data           8  hc_sr04.o(.data)
    defaultTaskHandle                        0x20000030   Data           4  main.o(.data)
    ChassisTaskHandHandle                    0x20000034   Data           4  main.o(.data)
    LEDTaskHandleHandle                      0x20000038   Data           4  main.o(.data)
    ADCTaskHandleHandle                      0x2000003c   Data           4  main.o(.data)
    SR04TaskHandleHandle                     0x20000040   Data           4  main.o(.data)
    WiFiTaskHandleHandle                     0x20000044   Data           4  main.o(.data)
    uwTickFreq                               0x20000048   Data           1  stm32f4xx_hal.o(.data)
    uwTickPrio                               0x2000004c   Data           4  stm32f4xx_hal.o(.data)
    uwTick                                   0x20000050   Data           4  stm32f4xx_hal.o(.data)
    SystemCoreClock                          0x20000054   Data           4  system_stm32f4xx.o(.data)
    pxCurrentTCB                             0x20000058   Data           4  tasks.o(.data)
    hadc1                                    0x200000c0   Data          72  main.o(.bss)
    htim2                                    0x20000108   Data          72  main.o(.bss)
    htim3                                    0x20000150   Data          72  main.o(.bss)
    htim13                                   0x20000198   Data          72  main.o(.bss)
    huart7                                   0x200001e0   Data          72  main.o(.bss)
    __libspace_start                         0x2000416c   Data          96  libspace.o(.bss)
    __temporary_stack_top$libspace           0x200041cc   Data           0  libspace.o(.bss)



==============================================================================

Memory Map of the image

  Image Entry point : 0x080001ad

  Load Region LR_IROM1 (Base: 0x08000000, Size: 0x00003ba4, Max: 0x00100000, ABSOLUTE)

    Execution Region ER_IROM1 (Exec base: 0x08000000, Load base: 0x08000000, Size: 0x00003ae4, Max: 0x00100000, ABSOLUTE)

    Exec Addr    Load Addr    Size         Type   Attr      Idx    E Section Name        Object

    0x08000000   0x08000000   0x000001ac   Data   RO            3    RESET               startup_stm32f429xx.o
    0x080001ac   0x080001ac   0x00000008   Code   RO         4902  * !!!main             c_w.l(__main.o)
    0x080001b4   0x080001b4   0x00000034   Code   RO         5090    !!!scatter          c_w.l(__scatter.o)
    0x080001e8   0x080001e8   0x0000001a   Code   RO         5092    !!handler_copy      c_w.l(__scatter_copy.o)
    0x08000202   0x08000202   0x00000002   PAD
    0x08000204   0x08000204   0x0000001c   Code   RO         5094    !!handler_zi        c_w.l(__scatter_zi.o)
    0x08000220   0x08000220   0x00000002   Code   RO         4958    .ARM.Collect$$libinit$$00000000  c_w.l(libinit.o)
    0x08000222   0x08000222   0x00000004   Code   RO         4970    .ARM.Collect$$libinit$$00000001  c_w.l(libinit2.o)
    0x08000226   0x08000226   0x00000000   Code   RO         4973    .ARM.Collect$$libinit$$00000004  c_w.l(libinit2.o)
    0x08000226   0x08000226   0x00000000   Code   RO         4976    .ARM.Collect$$libinit$$0000000A  c_w.l(libinit2.o)
    0x08000226   0x08000226   0x00000000   Code   RO         4978    .ARM.Collect$$libinit$$0000000C  c_w.l(libinit2.o)
    0x08000226   0x08000226   0x00000000   Code   RO         4980    .ARM.Collect$$libinit$$0000000E  c_w.l(libinit2.o)
    0x08000226   0x08000226   0x00000000   Code   RO         4983    .ARM.Collect$$libinit$$00000011  c_w.l(libinit2.o)
    0x08000226   0x08000226   0x00000000   Code   RO         4985    .ARM.Collect$$libinit$$00000013  c_w.l(libinit2.o)
    0x08000226   0x08000226   0x00000000   Code   RO         4987    .ARM.Collect$$libinit$$00000015  c_w.l(libinit2.o)
    0x08000226   0x08000226   0x00000000   Code   RO         4989    .ARM.Collect$$libinit$$00000017  c_w.l(libinit2.o)
    0x08000226   0x08000226   0x00000000   Code   RO         4991    .ARM.Collect$$libinit$$00000019  c_w.l(libinit2.o)
    0x08000226   0x08000226   0x00000000   Code   RO         4993    .ARM.Collect$$libinit$$0000001B  c_w.l(libinit2.o)
    0x08000226   0x08000226   0x00000000   Code   RO         4995    .ARM.Collect$$libinit$$0000001D  c_w.l(libinit2.o)
    0x08000226   0x08000226   0x00000000   Code   RO         4997    .ARM.Collect$$libinit$$0000001F  c_w.l(libinit2.o)
    0x08000226   0x08000226   0x00000000   Code   RO         4999    .ARM.Collect$$libinit$$00000021  c_w.l(libinit2.o)
    0x08000226   0x08000226   0x00000000   Code   RO         5001    .ARM.Collect$$libinit$$00000023  c_w.l(libinit2.o)
    0x08000226   0x08000226   0x00000000   Code   RO         5003    .ARM.Collect$$libinit$$00000025  c_w.l(libinit2.o)
    0x08000226   0x08000226   0x00000000   Code   RO         5007    .ARM.Collect$$libinit$$0000002C  c_w.l(libinit2.o)
    0x08000226   0x08000226   0x00000000   Code   RO         5009    .ARM.Collect$$libinit$$0000002E  c_w.l(libinit2.o)
    0x08000226   0x08000226   0x00000000   Code   RO         5011    .ARM.Collect$$libinit$$00000030  c_w.l(libinit2.o)
    0x08000226   0x08000226   0x00000000   Code   RO         5013    .ARM.Collect$$libinit$$00000032  c_w.l(libinit2.o)
    0x08000226   0x08000226   0x00000002   Code   RO         5014    .ARM.Collect$$libinit$$00000033  c_w.l(libinit2.o)
    0x08000228   0x08000228   0x00000002   Code   RO         5045    .ARM.Collect$$libshutdown$$00000000  c_w.l(libshutdown.o)
    0x0800022a   0x0800022a   0x00000000   Code   RO         5071    .ARM.Collect$$libshutdown$$00000002  c_w.l(libshutdown2.o)
    0x0800022a   0x0800022a   0x00000000   Code   RO         5073    .ARM.Collect$$libshutdown$$00000004  c_w.l(libshutdown2.o)
    0x0800022a   0x0800022a   0x00000000   Code   RO         5075    .ARM.Collect$$libshutdown$$00000006  c_w.l(libshutdown2.o)
    0x0800022a   0x0800022a   0x00000000   Code   RO         5078    .ARM.Collect$$libshutdown$$00000009  c_w.l(libshutdown2.o)
    0x0800022a   0x0800022a   0x00000000   Code   RO         5081    .ARM.Collect$$libshutdown$$0000000C  c_w.l(libshutdown2.o)
    0x0800022a   0x0800022a   0x00000000   Code   RO         5083    .ARM.Collect$$libshutdown$$0000000E  c_w.l(libshutdown2.o)
    0x0800022a   0x0800022a   0x00000000   Code   RO         5086    .ARM.Collect$$libshutdown$$00000011  c_w.l(libshutdown2.o)
    0x0800022a   0x0800022a   0x00000002   Code   RO         5087    .ARM.Collect$$libshutdown$$00000012  c_w.l(libshutdown2.o)
    0x0800022c   0x0800022c   0x00000000   Code   RO         4914    .ARM.Collect$$rtentry$$00000000  c_w.l(__rtentry.o)
    0x0800022c   0x0800022c   0x00000000   Code   RO         4929    .ARM.Collect$$rtentry$$00000002  c_w.l(__rtentry2.o)
    0x0800022c   0x0800022c   0x00000006   Code   RO         4941    .ARM.Collect$$rtentry$$00000004  c_w.l(__rtentry4.o)
    0x08000232   0x08000232   0x00000000   Code   RO         4931    .ARM.Collect$$rtentry$$00000009  c_w.l(__rtentry2.o)
    0x08000232   0x08000232   0x00000004   Code   RO         4932    .ARM.Collect$$rtentry$$0000000A  c_w.l(__rtentry2.o)
    0x08000236   0x08000236   0x00000000   Code   RO         4934    .ARM.Collect$$rtentry$$0000000C  c_w.l(__rtentry2.o)
    0x08000236   0x08000236   0x00000008   Code   RO         4935    .ARM.Collect$$rtentry$$0000000D  c_w.l(__rtentry2.o)
    0x0800023e   0x0800023e   0x00000002   Code   RO         4962    .ARM.Collect$$rtexit$$00000000  c_w.l(rtexit.o)
    0x08000240   0x08000240   0x00000000   Code   RO         5018    .ARM.Collect$$rtexit$$00000002  c_w.l(rtexit2.o)
    0x08000240   0x08000240   0x00000004   Code   RO         5019    .ARM.Collect$$rtexit$$00000003  c_w.l(rtexit2.o)
    0x08000244   0x08000244   0x00000006   Code   RO         5020    .ARM.Collect$$rtexit$$00000004  c_w.l(rtexit2.o)
    0x0800024a   0x0800024a   0x00000002   PAD
    0x0800024c   0x0800024c   0x000000be   Code   RO         4809    .emb_text           port.o
    0x0800030a   0x0800030a   0x00000002   PAD
    0x0800030c   0x0800030c   0x00000040   Code   RO            4    .text               startup_stm32f429xx.o
    0x0800034c   0x0800034c   0x000000ee   Code   RO         4888    .text               c_w.l(lludivv7m.o)
    0x0800043a   0x0800043a   0x00000064   Code   RO         4894    .text               c_w.l(rt_memcpy_w.o)
    0x0800049e   0x0800049e   0x0000004e   Code   RO         4898    .text               c_w.l(rt_memclr_w.o)
    0x080004ec   0x080004ec   0x00000006   Code   RO         4900    .text               c_w.l(heapauxi.o)
    0x080004f2   0x080004f2   0x0000004a   Code   RO         4945    .text               c_w.l(sys_stackheap_outer.o)
    0x0800053c   0x0800053c   0x00000012   Code   RO         4947    .text               c_w.l(exit.o)
    0x0800054e   0x0800054e   0x00000002   PAD
    0x08000550   0x08000550   0x00000008   Code   RO         4959    .text               c_w.l(libspace.o)
    0x08000558   0x08000558   0x0000000c   Code   RO         5015    .text               c_w.l(sys_exit.o)
    0x08000564   0x08000564   0x00000002   Code   RO         5034    .text               c_w.l(use_no_semi.o)
    0x08000566   0x08000566   0x00000000   Code   RO         5036    .text               c_w.l(indicate_semi.o)
    0x08000566   0x08000566   0x00000002   PAD
    0x08000568   0x08000568   0x00000128   Code   RO          670    i.ADC_Init          stm32f4xx_hal_adc.o
    0x08000690   0x08000690   0x000000b8   Code   RO           13    i.ADC_task          adc.o
    0x08000748   0x08000748   0x00000002   Code   RO          525    i.BusFault_Handler  stm32f4xx_it.o
    0x0800074a   0x0800074a   0x00000002   PAD
    0x0800074c   0x0800074c   0x00000088   Code   RO          383    i.Car_Init          main.o
    0x080007d4   0x080007d4   0x00000002   Code   RO          526    i.DebugMon_Handler  stm32f4xx_it.o
    0x080007d6   0x080007d6   0x00000016   Code   RO          318    i.Delay_1us         hc_sr04.o
    0x080007ec   0x080007ec   0x00000006   Code   RO          527    i.EXTI9_5_IRQHandler  stm32f4xx_it.o
    0x080007f2   0x080007f2   0x00000002   PAD
    0x080007f4   0x080007f4   0x000001c0   Code   RO          840    i.HAL_ADCEx_InjectedConfigChannel  stm32f4xx_hal_adc_ex.o
    0x080009b4   0x080009b4   0x00000164   Code   RO          672    i.HAL_ADC_ConfigChannel  stm32f4xx_hal_adc.o
    0x08000b18   0x08000b18   0x00000004   Code   RO          678    i.HAL_ADC_GetState  stm32f4xx_hal_adc.o
    0x08000b1c   0x08000b1c   0x00000006   Code   RO          679    i.HAL_ADC_GetValue  stm32f4xx_hal_adc.o
    0x08000b22   0x08000b22   0x00000054   Code   RO          681    i.HAL_ADC_Init      stm32f4xx_hal_adc.o
    0x08000b76   0x08000b76   0x00000002   PAD
    0x08000b78   0x08000b78   0x00000060   Code   RO          602    i.HAL_ADC_MspInit   stm32f4xx_hal_msp.o
    0x08000bd8   0x08000bd8   0x000000aa   Code   RO          685    i.HAL_ADC_PollForConversion  stm32f4xx_hal_adc.o
    0x08000c82   0x08000c82   0x00000002   PAD
    0x08000c84   0x08000c84   0x000000fc   Code   RO          687    i.HAL_ADC_Start     stm32f4xx_hal_adc.o
    0x08000d80   0x08000d80   0x00000024   Code   RO         1902    i.HAL_Delay         stm32f4xx_hal.o
    0x08000da4   0x08000da4   0x00000018   Code   RO          192    i.HAL_GPIO_EXTI_Callback  chassis.o
    0x08000dbc   0x08000dbc   0x00000018   Code   RO         1351    i.HAL_GPIO_EXTI_IRQHandler  stm32f4xx_hal_gpio.o
    0x08000dd4   0x08000dd4   0x00000234   Code   RO         1352    i.HAL_GPIO_Init     stm32f4xx_hal_gpio.o
    0x08001008   0x08001008   0x0000000a   Code   RO         1354    i.HAL_GPIO_ReadPin  stm32f4xx_hal_gpio.o
    0x08001012   0x08001012   0x0000000a   Code   RO         1356    i.HAL_GPIO_WritePin  stm32f4xx_hal_gpio.o
    0x0800101c   0x0800101c   0x0000000c   Code   RO         1910    i.HAL_GetTick       stm32f4xx_hal.o
    0x08001028   0x08001028   0x00000010   Code   RO         1916    i.HAL_IncTick       stm32f4xx_hal.o
    0x08001038   0x08001038   0x00000034   Code   RO         1917    i.HAL_Init          stm32f4xx_hal.o
    0x0800106c   0x0800106c   0x00000040   Code   RO         1918    i.HAL_InitTick      stm32f4xx_hal.o
    0x080010ac   0x080010ac   0x00000038   Code   RO          603    i.HAL_MspInit       stm32f4xx_hal_msp.o
    0x080010e4   0x080010e4   0x0000001a   Code   RO         1760    i.HAL_NVIC_EnableIRQ  stm32f4xx_hal_cortex.o
    0x080010fe   0x080010fe   0x00000002   PAD
    0x08001100   0x08001100   0x00000040   Code   RO         1766    i.HAL_NVIC_SetPriority  stm32f4xx_hal_cortex.o
    0x08001140   0x08001140   0x00000024   Code   RO         1767    i.HAL_NVIC_SetPriorityGrouping  stm32f4xx_hal_cortex.o
    0x08001164   0x08001164   0x00000070   Code   RO         1688    i.HAL_PWREx_EnableOverDrive  stm32f4xx_hal_pwr_ex.o
    0x080011d4   0x080011d4   0x00000134   Code   RO          946    i.HAL_RCC_ClockConfig  stm32f4xx_hal_rcc.o
    0x08001308   0x08001308   0x00000020   Code   RO          953    i.HAL_RCC_GetPCLK1Freq  stm32f4xx_hal_rcc.o
    0x08001328   0x08001328   0x00000020   Code   RO          954    i.HAL_RCC_GetPCLK2Freq  stm32f4xx_hal_rcc.o
    0x08001348   0x08001348   0x00000064   Code   RO          955    i.HAL_RCC_GetSysClockFreq  stm32f4xx_hal_rcc.o
    0x080013ac   0x080013ac   0x0000036c   Code   RO          958    i.HAL_RCC_OscConfig  stm32f4xx_hal_rcc.o
    0x08001718   0x08001718   0x00000028   Code   RO         1771    i.HAL_SYSTICK_Config  stm32f4xx_hal_cortex.o
    0x08001740   0x08001740   0x00000002   Code   RO         2871    i.HAL_TIMEx_BreakCallback  stm32f4xx_hal_tim_ex.o
    0x08001742   0x08001742   0x00000002   Code   RO         2872    i.HAL_TIMEx_CommutCallback  stm32f4xx_hal_tim_ex.o
    0x08001744   0x08001744   0x00000090   Code   RO         2890    i.HAL_TIMEx_MasterConfigSynchronization  stm32f4xx_hal_tim_ex.o
    0x080017d4   0x080017d4   0x0000005a   Code   RO         2167    i.HAL_TIM_Base_Init  stm32f4xx_hal_tim.o
    0x0800182e   0x0800182e   0x00000002   PAD
    0x08001830   0x08001830   0x0000006c   Code   RO          605    i.HAL_TIM_Base_MspInit  stm32f4xx_hal_msp.o
    0x0800189c   0x0800189c   0x00000080   Code   RO         2172    i.HAL_TIM_Base_Start_IT  stm32f4xx_hal_tim.o
    0x0800191c   0x0800191c   0x000000dc   Code   RO         2176    i.HAL_TIM_ConfigClockSource  stm32f4xx_hal_tim.o
    0x080019f8   0x080019f8   0x00000002   Code   RO         2201    i.HAL_TIM_IC_CaptureCallback  stm32f4xx_hal_tim.o
    0x080019fa   0x080019fa   0x00000130   Code   RO         2215    i.HAL_TIM_IRQHandler  stm32f4xx_hal_tim.o
    0x08001b2a   0x08001b2a   0x00000002   PAD
    0x08001b2c   0x08001b2c   0x000000a4   Code   RO          606    i.HAL_TIM_MspPostInit  stm32f4xx_hal_msp.o
    0x08001bd0   0x08001bd0   0x00000002   Code   RO         2218    i.HAL_TIM_OC_DelayElapsedCallback  stm32f4xx_hal_tim.o
    0x08001bd2   0x08001bd2   0x000000cc   Code   RO         2239    i.HAL_TIM_PWM_ConfigChannel  stm32f4xx_hal_tim.o
    0x08001c9e   0x08001c9e   0x0000005a   Code   RO         2242    i.HAL_TIM_PWM_Init  stm32f4xx_hal_tim.o
    0x08001cf8   0x08001cf8   0x00000002   Code   RO         2244    i.HAL_TIM_PWM_MspInit  stm32f4xx_hal_tim.o
    0x08001cfa   0x08001cfa   0x00000002   Code   RO         2245    i.HAL_TIM_PWM_PulseFinishedCallback  stm32f4xx_hal_tim.o
    0x08001cfc   0x08001cfc   0x000000c8   Code   RO         2247    i.HAL_TIM_PWM_Start  stm32f4xx_hal_tim.o
    0x08001dc4   0x08001dc4   0x00000002   Code   RO         2253    i.HAL_TIM_PeriodElapsedCallback  stm32f4xx_hal_tim.o
    0x08001dc6   0x08001dc6   0x00000002   Code   RO         2258    i.HAL_TIM_TriggerCallback  stm32f4xx_hal_tim.o
    0x08001dc8   0x08001dc8   0x00000064   Code   RO         3168    i.HAL_UART_Init     stm32f4xx_hal_uart.o
    0x08001e2c   0x08001e2c   0x00000068   Code   RO          608    i.HAL_UART_MspInit  stm32f4xx_hal_msp.o
    0x08001e94   0x08001e94   0x00000002   Code   RO          528    i.HardFault_Handler  stm32f4xx_it.o
    0x08001e96   0x08001e96   0x00000002   PAD
    0x08001e98   0x08001e98   0x00000018   Code   RO          193    i.LH_StepAhead      chassis.o
    0x08001eb0   0x08001eb0   0x00000018   Code   RO          194    i.LH_StepBack       chassis.o
    0x08001ec8   0x08001ec8   0x00000018   Code   RO          195    i.LQ_StepAhead      chassis.o
    0x08001ee0   0x08001ee0   0x00000018   Code   RO          196    i.LQ_StepBack       chassis.o
    0x08001ef8   0x08001ef8   0x0000009c   Code   RO          385    i.MX_ADC1_Init      main.o
    0x08001f94   0x08001f94   0x000001cc   Code   RO          386    i.MX_GPIO_Init      main.o
    0x08002160   0x08002160   0x000000c8   Code   RO          387    i.MX_TIM2_Init      main.o
    0x08002228   0x08002228   0x000000c8   Code   RO          388    i.MX_TIM3_Init      main.o
    0x080022f0   0x080022f0   0x00000002   Code   RO          529    i.MemManage_Handler  stm32f4xx_it.o
    0x080022f2   0x080022f2   0x00000002   Code   RO          530    i.NMI_Handler       stm32f4xx_it.o
    0x080022f4   0x080022f4   0x00000018   Code   RO          197    i.RH_StepAhead      chassis.o
    0x0800230c   0x0800230c   0x00000018   Code   RO          198    i.RH_StepBack       chassis.o
    0x08002324   0x08002324   0x00000018   Code   RO          199    i.RQ_StepAhead      chassis.o
    0x0800233c   0x0800233c   0x00000018   Code   RO          200    i.RQ_StepBack       chassis.o
    0x08002354   0x08002354   0x000000b8   Code   RO          319    i.SR04_task         hc_sr04.o
    0x0800240c   0x0800240c   0x00000008   Code   RO          390    i.StartDefaultTask  main.o
    0x08002414   0x08002414   0x00000018   Code   RO          531    i.SysTick_Handler   stm32f4xx_it.o
    0x0800242c   0x0800242c   0x0000009c   Code   RO          391    i.SystemClock_Config  main.o
    0x080024c8   0x080024c8   0x00000010   Code   RO         3502    i.SystemInit        system_stm32f4xx.o
    0x080024d8   0x080024d8   0x0000000c   Code   RO          532    i.TIM3_IRQHandler   stm32f4xx_it.o
    0x080024e4   0x080024e4   0x000000d8   Code   RO         2260    i.TIM_Base_SetConfig  stm32f4xx_hal_tim.o
    0x080025bc   0x080025bc   0x0000001a   Code   RO         2261    i.TIM_CCxChannelCmd  stm32f4xx_hal_tim.o
    0x080025d6   0x080025d6   0x00000014   Code   RO         2271    i.TIM_ETR_SetConfig  stm32f4xx_hal_tim.o
    0x080025ea   0x080025ea   0x00000010   Code   RO         2272    i.TIM_ITRx_SetConfig  stm32f4xx_hal_tim.o
    0x080025fa   0x080025fa   0x00000002   PAD
    0x080025fc   0x080025fc   0x00000060   Code   RO         2273    i.TIM_OC1_SetConfig  stm32f4xx_hal_tim.o
    0x0800265c   0x0800265c   0x0000006c   Code   RO         2274    i.TIM_OC2_SetConfig  stm32f4xx_hal_tim.o
    0x080026c8   0x080026c8   0x00000068   Code   RO         2275    i.TIM_OC3_SetConfig  stm32f4xx_hal_tim.o
    0x08002730   0x08002730   0x00000050   Code   RO         2276    i.TIM_OC4_SetConfig  stm32f4xx_hal_tim.o
    0x08002780   0x08002780   0x00000022   Code   RO         2278    i.TIM_TI1_ConfigInputStage  stm32f4xx_hal_tim.o
    0x080027a2   0x080027a2   0x00000024   Code   RO         2280    i.TIM_TI2_ConfigInputStage  stm32f4xx_hal_tim.o
    0x080027c6   0x080027c6   0x00000002   PAD
    0x080027c8   0x080027c8   0x0000010c   Code   RO         3194    i.UART_SetConfig    stm32f4xx_hal_uart.o
    0x080028d4   0x080028d4   0x00000002   Code   RO          533    i.UsageFault_Handler  stm32f4xx_it.o
    0x080028d6   0x080028d6   0x00000010   Code   RO          367    i.WiFi_task         wifi.o
    0x080028e6   0x080028e6   0x00000020   Code   RO         1773    i.__NVIC_SetPriority  stm32f4xx_hal_cortex.o
    0x08002906   0x08002906   0x00000016   Code   RO          201    i.chassis_goStraight  chassis.o
    0x0800291c   0x0800291c   0x0000004c   Code   RO          202    i.chassis_moveon    chassis.o
    0x08002968   0x08002968   0x00000016   Code   RO          203    i.chassis_standStill_TurnLeft  chassis.o
    0x0800297e   0x0800297e   0x00000016   Code   RO          204    i.chassis_standStill_TurnRight  chassis.o
    0x08002994   0x08002994   0x00000064   Code   RO          205    i.chassis_standstill  chassis.o
    0x080029f8   0x080029f8   0x0000002c   Code   RO          207    i.chassis_task      chassis.o
    0x08002a24   0x08002a24   0x00000016   Code   RO          208    i.chassis_turnLeft  chassis.o
    0x08002a3a   0x08002a3a   0x00000016   Code   RO          209    i.chassis_turnRight  chassis.o
    0x08002a50   0x08002a50   0x00000010   Code   RO          351    i.led_task          led.o
    0x08002a60   0x08002a60   0x00000158   Code   RO          395    i.main              main.o
    0x08002bb8   0x08002bb8   0x0000000c   Code   RO         4363    i.makeFreeRtosPriority  cmsis_os.o
    0x08002bc4   0x08002bc4   0x0000000e   Code   RO         4365    i.osDelay           cmsis_os.o
    0x08002bd2   0x08002bd2   0x0000000a   Code   RO         4368    i.osKernelStart     cmsis_os.o
    0x08002bdc   0x08002bdc   0x00000054   Code   RO         4402    i.osThreadCreate    cmsis_os.o
    0x08002c30   0x08002c30   0x00000078   Code   RO         4017    i.prvAddCurrentTaskToDelayedList  tasks.o
    0x08002ca8   0x08002ca8   0x000000d0   Code   RO         4018    i.prvAddNewTaskToReadyList  tasks.o
    0x08002d78   0x08002d78   0x00000034   Code   RO         4019    i.prvDeleteTCB      tasks.o
    0x08002dac   0x08002dac   0x0000004c   Code   RO         4742    i.prvHeapInit       heap_4.o
    0x08002df8   0x08002df8   0x00000060   Code   RO         4020    i.prvIdleTask       tasks.o
    0x08002e58   0x08002e58   0x0000009c   Code   RO         4021    i.prvInitialiseNewTask  tasks.o
    0x08002ef4   0x08002ef4   0x0000004c   Code   RO         4743    i.prvInsertBlockIntoFreeList  heap_4.o
    0x08002f40   0x08002f40   0x00000020   Code   RO         4022    i.prvResetNextTaskUnblockTime  tasks.o
    0x08002f60   0x08002f60   0x00000028   Code   RO         4810    i.prvTaskExitError  port.o
    0x08002f88   0x08002f88   0x000000dc   Code   RO         4744    i.pvPortMalloc      heap_4.o
    0x08003064   0x08003064   0x0000002c   Code   RO         4811    i.pxPortInitialiseStack  port.o
    0x08003090   0x08003090   0x00000050   Code   RO          210    i.tracking_update   chassis.o
    0x080030e0   0x080030e0   0x00000026   Code   RO         3640    i.uxListRemove      list.o
    0x08003106   0x08003106   0x00000002   PAD
    0x08003108   0x08003108   0x00000014   Code   RO          489    i.vApplicationGetIdleTaskMemory  freertos.o
    0x0800311c   0x0800311c   0x00000016   Code   RO         3641    i.vListInitialise   list.o
    0x08003132   0x08003132   0x00000006   Code   RO         3642    i.vListInitialiseItem  list.o
    0x08003138   0x08003138   0x00000030   Code   RO         3643    i.vListInsert       list.o
    0x08003168   0x08003168   0x00000018   Code   RO         3644    i.vListInsertEnd    list.o
    0x08003180   0x08003180   0x00000040   Code   RO         4813    i.vPortEnterCritical  port.o
    0x080031c0   0x080031c0   0x00000028   Code   RO         4814    i.vPortExitCritical  port.o
    0x080031e8   0x080031e8   0x00000064   Code   RO         4745    i.vPortFree         heap_4.o
    0x0800324c   0x0800324c   0x00000024   Code   RO         4815    i.vPortSetupTimerInterrupt  port.o
    0x08003270   0x08003270   0x0000004c   Code   RO         4032    i.vTaskDelay        tasks.o
    0x080032bc   0x080032bc   0x0000006c   Code   RO         4046    i.vTaskStartScheduler  tasks.o
    0x08003328   0x08003328   0x00000010   Code   RO         4048    i.vTaskSuspendAll   tasks.o
    0x08003338   0x08003338   0x0000005c   Code   RO         4049    i.vTaskSwitchContext  tasks.o
    0x08003394   0x08003394   0x000000f4   Code   RO         4817    i.xPortStartScheduler  port.o
    0x08003488   0x08003488   0x0000002c   Code   RO         4818    i.xPortSysTickHandler  port.o
    0x080034b4   0x080034b4   0x0000005a   Code   RO         4053    i.xTaskCreate       tasks.o
    0x0800350e   0x0800350e   0x00000056   Code   RO         4054    i.xTaskCreateStatic  tasks.o
    0x08003564   0x08003564   0x0000001c   Code   RO         4059    i.xTaskGetSchedulerState  tasks.o
    0x08003580   0x08003580   0x000000cc   Code   RO         4062    i.xTaskIncrementTick  tasks.o
    0x0800364c   0x0800364c   0x000000c4   Code   RO         4068    i.xTaskResumeAll    tasks.o
    0x08003710   0x08003710   0x00000062   Code   RO         4904    x$fpl$d2f           fz_wm.l(d2f.o)
    0x08003772   0x08003772   0x00000026   Code   RO         4906    x$fpl$dfltu         fz_wm.l(dflt_clz.o)
    0x08003798   0x08003798   0x00000154   Code   RO         4912    x$fpl$dmul          fz_wm.l(dmul.o)
    0x080038ec   0x080038ec   0x0000009c   Code   RO         4921    x$fpl$dnaninf       fz_wm.l(dnaninf.o)
    0x08003988   0x08003988   0x0000000c   Code   RO         4923    x$fpl$dretinf       fz_wm.l(dretinf.o)
    0x08003994   0x08003994   0x0000000a   Code   RO         5030    x$fpl$fpinit        fz_wm.l(fpinit.o)
    0x0800399e   0x0800399e   0x0000000a   Code   RO         4925    x$fpl$fretinf       fz_wm.l(fretinf.o)
    0x080039a8   0x080039a8   0x00000000   Code   RO         4927    x$fpl$usenofp       fz_wm.l(usenofp.o)
    0x080039a8   0x080039a8   0x000000a8   Data   RO          397    .constdata          main.o
    0x08003a50   0x08003a50   0x00000010   Data   RO         3503    .constdata          system_stm32f4xx.o
    0x08003a60   0x08003a60   0x00000008   Data   RO         3504    .constdata          system_stm32f4xx.o
    0x08003a68   0x08003a68   0x0000005c   Data   RO          398    .conststring        main.o
    0x08003ac4   0x08003ac4   0x00000020   Data   RO         5088    Region$$Table       anon$$obj.o


    Execution Region RW_IRAM1 (Exec base: 0x20000000, Load base: 0x08003ae4, Size: 0x000047d0, Max: 0x00070000, ABSOLUTE)

    Exec Addr    Load Addr    Size         Type   Attr      Idx    E Section Name        Object

    0x20000000   0x08003ae4   0x00000008   Data   RW           14    .data               adc.o
    0x20000008   0x08003aec   0x0000000d   Data   RW          211    .data               chassis.o
    0x20000015   0x08003af9   0x00000003   PAD
    0x20000018   0x08003afc   0x00000018   Data   RW          320    .data               hc_sr04.o
    0x20000030   0x08003b14   0x00000018   Data   RW          399    .data               main.o
    0x20000048   0x08003b2c   0x0000000c   Data   RW         1924    .data               stm32f4xx_hal.o
    0x20000054   0x08003b38   0x00000004   Data   RW         3505    .data               system_stm32f4xx.o
    0x20000058   0x08003b3c   0x0000003c   Data   RW         4071    .data               tasks.o
    0x20000094   0x08003b78   0x00000020   Data   RW         4751    .data               heap_4.o
    0x200000b4   0x08003b98   0x0000000c   Data   RW         4819    .data               port.o
    0x200000c0        -       0x00000168   Zero   RW          396    .bss                main.o
    0x20000228        -       0x00000254   Zero   RW          490    .bss                freertos.o
    0x2000047c        -       0x000000f0   Zero   RW         4070    .bss                tasks.o
    0x2000056c        -       0x00003c00   Zero   RW         4750    .bss                heap_4.o
    0x2000416c        -       0x00000060   Zero   RW         4960    .bss                c_w.l(libspace.o)
    0x200041cc   0x08003ba4   0x00000004   PAD
    0x200041d0        -       0x00000200   Zero   RW            2    HEAP                startup_stm32f429xx.o
    0x200043d0        -       0x00000400   Zero   RW            1    STACK               startup_stm32f429xx.o


==============================================================================

Image component sizes


      Code (inc. data)   RO Data    RW Data    ZI Data      Debug   Object Name

       184         34          0          8          0     807440   adc.o
       626        100          0         13          0       9750   chassis.o
       120          0          0          0          0      24025   cmsis_os.o
         0          0          0          0          0      17012   event_groups.o
        20          4          0          0        596       1726   freertos.o
       206         12          0         24          0       1839   hc_sr04.o
       472         24          0         32      15360       8015   heap_4.o
        16          0          0          0          0        483   led.o
       138          0          0          0          0       4010   list.o
      1660        104        260         24        360       7534   main.o
       702         72          0         12          0      11820   port.o
        64         26        428          0       1536        860   startup_stm32f429xx.o
       180         28          0         12          0      10105   stm32f4xx_hal.o
      1168         58          0          0          0       6473   stm32f4xx_hal_adc.o
       448         16          0          0          0       1710   stm32f4xx_hal_adc_ex.o
       198         14          0          0          0      34463   stm32f4xx_hal_cortex.o
       608         60          0          0          0       3894   stm32f4xx_hal_gpio.o
       528         60          0          0          0       3964   stm32f4xx_hal_msp.o
       112         14          0          0          0       1480   stm32f4xx_hal_pwr_ex.o
      1348         76          0          0          0       5712   stm32f4xx_hal_rcc.o
      1984        138          0          0          0      19314   stm32f4xx_hal_tim.o
       148         28          0          0          0       2813   stm32f4xx_hal_tim_ex.o
       368         10          0          0          0       2312   stm32f4xx_hal_uart.o
        54          6          0          0          0       4398   stm32f4xx_it.o
         0          0          0          0          0        384   stream_buffer.o
        16          4         24          4          0       1231   system_stm32f4xx.o
      1560        118          0         60        240      21887   tasks.o
        16          0          0          0          0        484   wifi.o

    ----------------------------------------------------------------------
     12968       1006        744        192      18092    1015138   Object Totals
         0          0         32          0          0          0   (incl. Generated)
        24          0          0          3          0          0   (incl. Padding)

    ----------------------------------------------------------------------

      Code (inc. data)   RO Data    RW Data    ZI Data      Debug   Library Member Name

         8          0          0          0          0         68   __main.o
         0          0          0          0          0          0   __rtentry.o
        12          0          0          0          0          0   __rtentry2.o
         6          0          0          0          0          0   __rtentry4.o
        52          8          0          0          0          0   __scatter.o
        26          0          0          0          0          0   __scatter_copy.o
        28          0          0          0          0          0   __scatter_zi.o
        18          0          0          0          0         80   exit.o
         6          0          0          0          0        152   heapauxi.o
         0          0          0          0          0          0   indicate_semi.o
         2          0          0          0          0          0   libinit.o
         6          0          0          0          0          0   libinit2.o
         2          0          0          0          0          0   libshutdown.o
         2          0          0          0          0          0   libshutdown2.o
         8          4          0          0         96         68   libspace.o
       238          0          0          0          0        100   lludivv7m.o
        78          0          0          0          0         80   rt_memclr_w.o
       100          0          0          0          0         80   rt_memcpy_w.o
         2          0          0          0          0          0   rtexit.o
        10          0          0          0          0          0   rtexit2.o
        12          4          0          0          0         68   sys_exit.o
        74          0          0          0          0         80   sys_stackheap_outer.o
         2          0          0          0          0         68   use_no_semi.o
        98          4          0          0          0        140   d2f.o
        38          0          0          0          0        116   dflt_clz.o
       340         12          0          0          0        152   dmul.o
       156          4          0          0          0        140   dnaninf.o
        12          0          0          0          0        116   dretinf.o
        10          0          0          0          0        116   fpinit.o
        10          0          0          0          0        116   fretinf.o
         0          0          0          0          0          0   usenofp.o

    ----------------------------------------------------------------------
      1364         36          0          0        100       1740   Library Totals
         8          0          0          0          4          0   (incl. Padding)

    ----------------------------------------------------------------------

      Code (inc. data)   RO Data    RW Data    ZI Data      Debug   Library Name

       692         16          0          0         96        844   c_w.l
       664         20          0          0          0        896   fz_wm.l

    ----------------------------------------------------------------------
      1364         36          0          0        100       1740   Library Totals

    ----------------------------------------------------------------------

==============================================================================


      Code (inc. data)   RO Data    RW Data    ZI Data      Debug   

     14332       1042        744        192      18192    1002866   Grand Totals
     14332       1042        744        192      18192    1002866   ELF Image Totals
     14332       1042        744        192          0          0   ROM Totals

==============================================================================

    Total RO  Size (Code + RO Data)                15076 (  14.72kB)
    Total RW  Size (RW Data + ZI Data)             18384 (  17.95kB)
    Total ROM Size (Code + RO Data + RW Data)      15268 (  14.91kB)

==============================================================================

