Component: ARM Compiler 5.06 update 7 (build 960) Tool: armlink [4d3601]

==============================================================================

Section Cross References

    startup_stm32f429xx.o(STACK) refers (Special) to heapauxi.o(.text) for __use_two_region_memory
    startup_stm32f429xx.o(HEAP) refers (Special) to heapauxi.o(.text) for __use_two_region_memory
    startup_stm32f429xx.o(RESET) refers (Special) to heapauxi.o(.text) for __use_two_region_memory
    startup_stm32f429xx.o(RESET) refers to startup_stm32f429xx.o(STACK) for __initial_sp
    startup_stm32f429xx.o(RESET) refers to startup_stm32f429xx.o(.text) for Reset_Handler
    startup_stm32f429xx.o(RESET) refers to stm32f4xx_it.o(i.NMI_Handler) for NMI_Handler
    startup_stm32f429xx.o(RESET) refers to stm32f4xx_it.o(i.HardFault_Handler) for HardFault_Handler
    startup_stm32f429xx.o(RESET) refers to stm32f4xx_it.o(i.MemManage_Handler) for MemManage_Handler
    startup_stm32f429xx.o(RESET) refers to stm32f4xx_it.o(i.BusFault_Handler) for BusFault_Handler
    startup_stm32f429xx.o(RESET) refers to stm32f4xx_it.o(i.UsageFault_Handler) for UsageFault_Handler
    startup_stm32f429xx.o(RESET) refers to port.o(.emb_text) for SVC_Handler
    startup_stm32f429xx.o(RESET) refers to stm32f4xx_it.o(i.DebugMon_Handler) for DebugMon_Handler
    startup_stm32f429xx.o(RESET) refers to stm32f4xx_it.o(i.SysTick_Handler) for SysTick_Handler
    startup_stm32f429xx.o(RESET) refers to stm32f4xx_it.o(i.EXTI9_5_IRQHandler) for EXTI9_5_IRQHandler
    startup_stm32f429xx.o(RESET) refers to stm32f4xx_it.o(i.UART7_IRQHandler) for UART7_IRQHandler
    startup_stm32f429xx.o(.text) refers (Special) to heapauxi.o(.text) for __use_two_region_memory
    startup_stm32f429xx.o(.text) refers to system_stm32f4xx.o(i.SystemInit) for SystemInit
    startup_stm32f429xx.o(.text) refers to __main.o(!!!main) for __main
    startup_stm32f429xx.o(.text) refers to startup_stm32f429xx.o(HEAP) for Heap_Mem
    startup_stm32f429xx.o(.text) refers to startup_stm32f429xx.o(STACK) for Stack_Mem
    adc.o(i.ADC_task) refers to stm32f4xx_hal_adc.o(i.HAL_ADC_Start) for HAL_ADC_Start
    adc.o(i.ADC_task) refers to stm32f4xx_hal_adc.o(i.HAL_ADC_PollForConversion) for HAL_ADC_PollForConversion
    adc.o(i.ADC_task) refers to stm32f4xx_hal_adc.o(i.HAL_ADC_GetState) for HAL_ADC_GetState
    adc.o(i.ADC_task) refers to stm32f4xx_hal_adc.o(i.HAL_ADC_GetValue) for HAL_ADC_GetValue
    adc.o(i.ADC_task) refers to dflt_clz.o(x$fpl$dfltu) for __aeabi_ui2d
    adc.o(i.ADC_task) refers to dmul.o(x$fpl$dmul) for __aeabi_dmul
    adc.o(i.ADC_task) refers to d2f.o(x$fpl$d2f) for __aeabi_d2f
    adc.o(i.ADC_task) refers to cmsis_os.o(i.osDelay) for osDelay
    adc.o(i.ADC_task) refers to tasks.o(i.vTaskDelay) for vTaskDelay
    adc.o(i.ADC_task) refers to adc.o(.data) for .data
    adc.o(i.ADC_task) refers to main.o(.bss) for hadc1
    adc.o(i.ADC_task) refers to chassis.o(.data) for chassis
    chassis.o(i.HAL_GPIO_EXTI_Callback) refers to chassis.o(.data) for .data
    chassis.o(i.chassis_goStraight) refers to motor.o(i.LQ_StepAhead) for LQ_StepAhead
    chassis.o(i.chassis_goStraight) refers to motor.o(i.LH_StepAhead) for LH_StepAhead
    chassis.o(i.chassis_goStraight) refers to motor.o(i.RQ_StepAhead) for RQ_StepAhead
    chassis.o(i.chassis_goStraight) refers to motor.o(i.RH_StepAhead) for RH_StepAhead
    chassis.o(i.chassis_leftTurn_withTime) refers to stm32f4xx_hal.o(i.HAL_GetTick) for HAL_GetTick
    chassis.o(i.chassis_leftTurn_withTime) refers to chassis.o(i.chassis_turnLeft) for chassis_turnLeft
    chassis.o(i.chassis_leftTurn_withTime) refers to cmsis_os.o(i.osDelay) for osDelay
    chassis.o(i.chassis_leftTurn_withTime) refers to chassis.o(i.chassis_goStraight) for chassis_goStraight
    chassis.o(i.chassis_leftTurn_withTime) refers to chassis.o(i.chassis_turnRight) for chassis_turnRight
    chassis.o(i.chassis_leftTurn_withTime) refers to stm32f4xx_hal_gpio.o(i.HAL_GPIO_WritePin) for HAL_GPIO_WritePin
    chassis.o(i.chassis_leftTurn_withTime) refers to chassis.o(i.tracking_update) for tracking_update
    chassis.o(i.chassis_leftTurn_withTime) refers to hc_sr04.o(.data) for finished_turn
    chassis.o(i.chassis_leftTurn_withTime) refers to chassis.o(.data) for .data
    chassis.o(i.chassis_moveon) refers to motor.o(i.LQ_StepBack) for LQ_StepBack
    chassis.o(i.chassis_moveon) refers to motor.o(i.LH_StepBack) for LH_StepBack
    chassis.o(i.chassis_moveon) refers to motor.o(i.RQ_StepAhead) for RQ_StepAhead
    chassis.o(i.chassis_moveon) refers to motor.o(i.LQ_StepAhead) for LQ_StepAhead
    chassis.o(i.chassis_moveon) refers to motor.o(i.LH_StepAhead) for LH_StepAhead
    chassis.o(i.chassis_moveon) refers to motor.o(i.RQ_StepBack) for RQ_StepBack
    chassis.o(i.chassis_moveon) refers to chassis.o(i.tracking_update) for tracking_update
    chassis.o(i.chassis_moveon) refers to stm32f4xx_hal.o(i.HAL_GetTick) for HAL_GetTick
[...]
    i.BusFault_Handler                       0x08000690   Section        0  stm32f4xx_it.o(i.BusFault_Handler)
    i.Car_Init                               0x08000694   Section        0  main.o(i.Car_Init)
    i.DebugMon_Handler                       0x0800071c   Section        0  stm32f4xx_it.o(i.DebugMon_Handler)
    i.EXTI9_5_IRQHandler                     0x0800071e   Section        0  stm32f4xx_it.o(i.EXTI9_5_IRQHandler)
    i.HAL_ADCEx_InjectedConfigChannel        0x08000724   Section        0  stm32f4xx_hal_adc_ex.o(i.HAL_ADCEx_InjectedConfigChannel)
    i.HAL_ADC_ConfigChannel                  0x080008e4   Section        0  stm32f4xx_hal_adc.o(i.HAL_ADC_ConfigChannel)
    i.HAL_ADC_Init                           0x08000a48   Section        0  stm32f4xx_hal_adc.o(i.HAL_ADC_Init)
    i.HAL_ADC_MspInit                        0x08000a9c   Section        0  stm32f4xx_hal_msp.o(i.HAL_ADC_MspInit)
    i.HAL_DMA_Abort                          0x08000afc   Section        0  stm32f4xx_hal_dma.o(i.HAL_DMA_Abort)
    i.HAL_DMA_Abort_IT                       0x08000b8e   Section        0  stm32f4xx_hal_dma.o(i.HAL_DMA_Abort_IT)
    i.HAL_Delay                              0x08000bb4   Section        0  stm32f4xx_hal.o(i.HAL_Delay)
    i.HAL_GPIO_EXTI_Callback                 0x08000bd8   Section        0  chassis.o(i.HAL_GPIO_EXTI_Callback)
    i.HAL_GPIO_EXTI_IRQHandler               0x08000bf0   Section        0  stm32f4xx_hal_gpio.o(i.HAL_GPIO_EXTI_IRQHandler)
    i.HAL_GPIO_Init                          0x08000c08   Section        0  stm32f4xx_hal_gpio.o(i.HAL_GPIO_Init)
    i.HAL_GPIO_ReadPin                       0x08000e3c   Section        0  stm32f4xx_hal_gpio.o(i.HAL_GPIO_ReadPin)
    i.HAL_GPIO_WritePin                      0x08000e46   Section        0  stm32f4xx_hal_gpio.o(i.HAL_GPIO_WritePin)
    i.HAL_GetTick                            0x08000e50   Section        0  stm32f4xx_hal.o(i.HAL_GetTick)
    i.HAL_IncTick                            0x08000e5c   Section        0  stm32f4xx_hal.o(i.HAL_IncTick)
    i.HAL_Init                               0x08000e6c   Section        0  stm32f4xx_hal.o(i.HAL_Init)
    i.HAL_InitTick                           0x08000ea0   Section        0  stm32f4xx_hal.o(i.HAL_InitTick)
    i.HAL_MspInit                            0x08000ee0   Section        0  stm32f4xx_hal_msp.o(i.HAL_MspInit)
    i.HAL_NVIC_EnableIRQ                     0x08000f18   Section        0  stm32f4xx_hal_cortex.o(i.HAL_NVIC_EnableIRQ)
    i.HAL_NVIC_SetPriority                   0x08000f34   Section        0  stm32f4xx_hal_cortex.o(i.HAL_NVIC_SetPriority)
    i.HAL_NVIC_SetPriorityGrouping           0x08000f74   Section        0  stm32f4xx_hal_cortex.o(i.HAL_NVIC_SetPriorityGrouping)
    i.HAL_PWREx_EnableOverDrive              0x08000f98   Section        0  stm32f4xx_hal_pwr_ex.o(i.HAL_PWREx_EnableOverDrive)
    i.HAL_RCC_ClockConfig                    0x08001008   Section        0  stm32f4xx_hal_rcc.o(i.HAL_RCC_ClockConfig)
    i.HAL_RCC_GetPCLK1Freq                   0x0800113c   Section        0  stm32f4xx_hal_rcc.o(i.HAL_RCC_GetPCLK1Freq)
    i.HAL_RCC_GetPCLK2Freq                   0x0800115c   Section        0  stm32f4xx_hal_rcc.o(i.HAL_RCC_GetPCLK2Freq)
    i.HAL_RCC_GetSysClockFreq                0x0800117c   Section        0  stm32f4xx_hal_rcc.o(i.HAL_RCC_GetSysClockFreq)
    i.HAL_RCC_OscConfig                      0x080011e0   Section        0  stm32f4xx_hal_rcc.o(i.HAL_RCC_OscConfig)
    i.HAL_SYSTICK_Config                     0x0800154c   Section        0  stm32f4xx_hal_cortex.o(i.HAL_SYSTICK_Config)
    i.HAL_TIMEx_MasterConfigSynchronization  0x08001574   Section        0  stm32f4xx_hal_tim_ex.o(i.HAL_TIMEx_MasterConfigSynchronization)
    i.HAL_TIM_Base_Init                      0x08001604   Section        0  stm32f4xx_hal_tim.o(i.HAL_TIM_Base_Init)
    i.HAL_TIM_Base_MspInit                   0x08001660   Section        0  stm32f4xx_hal_msp.o(i.HAL_TIM_Base_MspInit)
    i.HAL_TIM_Base_Start_IT                  0x0800169c   Section        0  stm32f4xx_hal_tim.o(i.HAL_TIM_Base_Start_IT)
    i.HAL_TIM_ConfigClockSource              0x0800171c   Section        0  stm32f4xx_hal_tim.o(i.HAL_TIM_ConfigClockSource)
    i.HAL_TIM_MspPostInit                    0x080017f8   Section        0  stm32f4xx_hal_msp.o(i.HAL_TIM_MspPostInit)
    i.HAL_TIM_PWM_ConfigChannel              0x0800189c   Section        0  stm32f4xx_hal_tim.o(i.HAL_TIM_PWM_ConfigChannel)
    i.HAL_TIM_PWM_Init                       0x08001968   Section        0  stm32f4xx_hal_tim.o(i.HAL_TIM_PWM_Init)
    i.HAL_TIM_PWM_MspInit                    0x080019c2   Section        0  stm32f4xx_hal_tim.o(i.HAL_TIM_PWM_MspInit)
    i.HAL_TIM_PWM_Start                      0x080019c4   Section        0  stm32f4xx_hal_tim.o(i.HAL_TIM_PWM_Start)
    i.HAL_UARTEx_RxEventCallback             0x08001a8c   Section        0  stm32f4xx_hal_uart.o(i.HAL_UARTEx_RxEventCallback)
    i.HAL_UART_ErrorCallback                 0x08001a8e   Section        0  stm32f4xx_hal_uart.o(i.HAL_UART_ErrorCallback)
    i.HAL_UART_IRQHandler                    0x08001a90   Section        0  stm32f4xx_hal_uart.o(i.HAL_UART_IRQHandler)
    i.HAL_UART_Init                          0x08001d00   Section        0  stm32f4xx_hal_uart.o(i.HAL_UART_Init)
    i.HAL_UART_MspInit                       0x08001d64   Section        0  stm32f4xx_hal_msp.o(i.HAL_UART_MspInit)
    i.HAL_UART_Receive_IT                    0x08001ddc   Section        0  stm32f4xx_hal_uart.o(i.HAL_UART_Receive_IT)
    i.HAL_UART_RxCpltCallback                0x08001df8   Section        0  stm32f4xx_it.o(i.HAL_UART_RxCpltCallback)
    i.HAL_UART_Transmit                      0x08001eb4   Section        0  stm32f4xx_hal_uart.o(i.HAL_UART_Transmit)
    i.HAL_UART_TxCpltCallback                0x08001f54   Section        0  stm32f4xx_hal_uart.o(i.HAL_UART_TxCpltCallback)
    i.HardFault_Handler                      0x08001f56   Section        0  stm32f4xx_it.o(i.HardFault_Handler)
    i.LH_StepAhead                           0x08001f58   Section        0  motor.o(i.LH_StepAhead)
    i.LH_StepBack                            0x08001f7c   Section        0  motor.o(i.LH_StepBack)
    i.LQ_StepAhead                           0x08001fa0   Section        0  motor.o(i.LQ_StepAhead)
    i.LQ_StepBack                            0x08001fc4   Section        0  motor.o(i.LQ_StepBack)
    i.MX_ADC1_Init                           0x08001fe8   Section        0  main.o(i.MX_ADC1_Init)
    MX_ADC1_Init                             0x08001fe9   Thumb Code   138  main.o(i.MX_ADC1_Init)
    i.MX_GPIO_Init                           0x08002084   Section        0  main.o(i.MX_GPIO_Init)
    MX_GPIO_Init                             0x08002085   Thumb Code   432  main.o(i.MX_GPIO_Init)
    i.MX_TIM2_Init                           0x08002250   Section        0  main.o(i.MX_TIM2_Init)
    MX_TIM2_Init                             0x08002251   Thumb Code   194  main.o(i.MX_TIM2_Init)
    i.MX_TIM3_Init                           0x08002318   Section        0  main.o(i.MX_TIM3_Init)
    MX_TIM3_Init                             0x08002319   Thumb Code   192  main.o(i.MX_TIM3_Init)
    i.MemManage_Handler                      0x080023e0   Section        0  stm32f4xx_it.o(i.MemManage_Handler)
    i.NMI_Handler                            0x080023e2   Section        0  stm32f4xx_it.o(i.NMI_Handler)
    i.RH_StepAhead                           0x080023e4   Section        0  motor.o(i.RH_StepAhead)
    i.RH_StepBack                            0x08002408   Section        0  motor.o(i.RH_StepBack)
    i.RQ_StepAhead                           0x0800242c   Section        0  motor.o(i.RQ_StepAhead)
    i.RQ_StepBack                            0x08002450   Section        0  motor.o(i.RQ_StepBack)
    i.SR04_task                              0x08002474   Section        0  hc_sr04.o(i.SR04_task)
    i.StartDefaultTask                       0x08002578   Section        0  main.o(i.StartDefaultTask)
    i.SysTick_Handler                        0x08002580   Section        0  stm32f4xx_it.o(i.SysTick_Handler)
    i.SystemClock_Config                     0x08002598   Section        0  main.o(i.SystemClock_Config)
    i.SystemInit                             0x08002634   Section        0  system_stm32f4xx.o(i.SystemInit)
    i.TIM_Base_SetConfig                     0x08002644   Section        0  stm32f4xx_hal_tim.o(i.TIM_Base_SetConfig)
    i.TIM_CCxChannelCmd                      0x0800271c   Section        0  stm32f4xx_hal_tim.o(i.TIM_CCxChannelCmd)
    i.TIM_ETR_SetConfig                      0x08002736   Section        0  stm32f4xx_hal_tim.o(i.TIM_ETR_SetConfig)
    i.TIM_ITRx_SetConfig                     0x0800274a   Section        0  stm32f4xx_hal_tim.o(i.TIM_ITRx_SetConfig)
    TIM_ITRx_SetConfig                       0x0800274b   Thumb Code    16  stm32f4xx_hal_tim.o(i.TIM_ITRx_SetConfig)
    i.TIM_OC1_SetConfig                      0x0800275c   Section        0  stm32f4xx_hal_tim.o(i.TIM_OC1_SetConfig)
    TIM_OC1_SetConfig                        0x0800275d   Thumb Code    88  stm32f4xx_hal_tim.o(i.TIM_OC1_SetConfig)
    i.TIM_OC2_SetConfig                      0x080027bc   Section        0  stm32f4xx_hal_tim.o(i.TIM_OC2_SetConfig)
    i.TIM_OC3_SetConfig                      0x08002828   Section        0  stm32f4xx_hal_tim.o(i.TIM_OC3_SetConfig)
    TIM_OC3_SetConfig                        0x08002829   Thumb Code    96  stm32f4xx_hal_tim.o(i.TIM_OC3_SetConfig)
    i.TIM_OC4_SetConfig                      0x08002890   Section        0  stm32f4xx_hal_tim.o(i.TIM_OC4_SetConfig)
    TIM_OC4_SetConfig                        0x08002891   Thumb Code    70  stm32f4xx_hal_tim.o(i.TIM_OC4_SetConfig)
    i.TIM_TI1_ConfigInputStage               0x080028e0   Section        0  stm32f4xx_hal_tim.o(i.TIM_TI1_ConfigInputStage)
    TIM_TI1_ConfigInputStage                 0x080028e1   Thumb Code    34  stm32f4xx_hal_tim.o(i.TIM_TI1_ConfigInputStage)
    i.TIM_TI2_ConfigInputStage               0x08002902   Section        0  stm32f4xx_hal_tim.o(i.TIM_TI2_ConfigInputStage)
    TIM_TI2_ConfigInputStage                 0x08002903   Thumb Code    36  stm32f4xx_hal_tim.o(i.TIM_TI2_ConfigInputStage)
    i.UART7_IRQHandler                       0x08002928   Section        0  stm32f4xx_it.o(i.UART7_IRQHandler)
    i.UART_DMAAbortOnError                   0x08002934   Section        0  stm32f4xx_hal_uart.o(i.UART_DMAAbortOnError)
    UART_DMAAbortOnError                     0x08002935   Thumb Code    16  stm32f4xx_hal_uart.o(i.UART_DMAAbortOnError)
    i.UART_EndRxTransfer                     0x08002944   Section        0  stm32f4xx_hal_uart.o(i.UART_EndRxTransfer)
    UART_EndRxTransfer                       0x08002945   Thumb Code    78  stm32f4xx_hal_uart.o(i.UART_EndRxTransfer)
    i.UART_Receive_IT                        0x08002992   Section        0  stm32f4xx_hal_uart.o(i.UART_Receive_IT)
    UART_Receive_IT                          0x08002993   Thumb Code   194  stm32f4xx_hal_uart.o(i.UART_Receive_IT)
    i.UART_SetConfig                         0x08002a54   Section        0  stm32f4xx_hal_uart.o(i.UART_SetConfig)
    UART_SetConfig                           0x08002a55   Thumb Code   258  stm32f4xx_hal_uart.o(i.UART_SetConfig)
    i.UART_Start_Receive_IT                  0x08002b60   Section        0  stm32f4xx_hal_uart.o(i.UART_Start_Receive_IT)
    i.UART_WaitOnFlagUntilTimeout            0x08002b96   Section        0  stm32f4xx_hal_uart.o(i.UART_WaitOnFlagUntilTimeout)
    UART_WaitOnFlagUntilTimeout              0x08002b97   Thumb Code   114  stm32f4xx_hal_uart.o(i.UART_WaitOnFlagUntilTimeout)
    i.UsageFault_Handler                     0x08002c08   Section        0  stm32f4xx_it.o(i.UsageFault_Handler)
    i.WiFi_task                              0x08002c0a   Section        0  wifi.o(i.WiFi_task)
    i.__NVIC_SetPriority                     0x08002c1a   Section        0  stm32f4xx_hal_cortex.o(i.__NVIC_SetPriority)
    __NVIC_SetPriority                       0x08002c1b   Thumb Code    32  stm32f4xx_hal_cortex.o(i.__NVIC_SetPriority)
    i.chassis_goStraight                     0x08002c3a   Section        0  chassis.o(i.chassis_goStraight)
    i.chassis_leftTurn_withTime              0x08002c58   Section        0  chassis.o(i.chassis_leftTurn_withTime)
    i.chassis_moveon                         0x08002d0c   Section        0  chassis.o(i.chassis_moveon)
    i.chassis_rightTurn_withTime             0x08002e1c   Section        0  chassis.o(i.chassis_rightTurn_withTime)
    i.chassis_speed_update                   0x08002ec8   Section        0  chassis.o(i.chassis_speed_update)
    i.chassis_task                           0x08002f44   Section        0  chassis.o(i.chassis_task)
    i.chassis_turnLeft                       0x08003094   Section        0  chassis.o(i.chassis_turnLeft)
    i.chassis_turnRight                      0x080030d6   Section        0  chassis.o(i.chassis_turnRight)
    i.delay_us                               0x08003134   Section        0  hc_sr04.o(i.delay_us)
    i.main                                   0x08003170   Section        0  main.o(i.main)
    i.makeFreeRtosPriority                   0x08003278   Section        0  cmsis_os.o(i.makeFreeRtosPriority)
    makeFreeRtosPriority                     0x08003279   Thumb Code    12  cmsis_os.o(i.makeFreeRtosPriority)
    i.osDelay                                0x08003284   Section        0  cmsis_os.o(i.osDelay)
    i.osKernelStart                          0x08003292   Section        0  cmsis_os.o(i.osKernelStart)
    i.osThreadCreate                         0x0800329c   Section        0  cmsis_os.o(i.osThreadCreate)
    i.pid_init                               0x080032f0   Section        0  pid.o(i.pid_init)
    i.prvAddCurrentTaskToDelayedList         0x080032fc   Section        0  tasks.o(i.prvAddCurrentTaskToDelayedList)
    prvAddCurrentTaskToDelayedList           0x080032fd   Thumb Code   110  tasks.o(i.prvAddCurrentTaskToDelayedList)
    i.prvAddNewTaskToReadyList               0x08003374   Section        0  tasks.o(i.prvAddNewTaskToReadyList)
    prvAddNewTaskToReadyList                 0x08003375   Thumb Code   194  tasks.o(i.prvAddNewTaskToReadyList)
    i.prvDeleteTCB                           0x08003444   Section        0  tasks.o(i.prvDeleteTCB)
    prvDeleteTCB                             0x08003445   Thumb Code    52  tasks.o(i.prvDeleteTCB)
    i.prvHeapInit                            0x08003478   Section        0  heap_4.o(i.prvHeapInit)
    prvHeapInit                              0x08003479   Thumb Code    66  heap_4.o(i.prvHeapInit)
    i.prvIdleTask                            0x080034c4   Section        0  tasks.o(i.prvIdleTask)
    prvIdleTask                              0x080034c5   Thumb Code    82  tasks.o(i.prvIdleTask)
    i.prvInitialiseNewTask                   0x08003524   Section        0  tasks.o(i.prvInitialiseNewTask)
    prvInitialiseNewTask                     0x08003525   Thumb Code   156  tasks.o(i.prvInitialiseNewTask)
    i.prvInsertBlockIntoFreeList             0x080035c0   Section        0  heap_4.o(i.prvInsertBlockIntoFreeList)
    prvInsertBlockIntoFreeList               0x080035c1   Thumb Code    72  heap_4.o(i.prvInsertBlockIntoFreeList)
    i.prvResetNextTaskUnblockTime            0x0800360c   Section        0  tasks.o(i.prvResetNextTaskUnblockTime)
    prvResetNextTaskUnblockTime              0x0800360d   Thumb Code    26  tasks.o(i.prvResetNextTaskUnblockTime)
    i.prvTaskExitError                       0x0800362c   Section        0  port.o(i.prvTaskExitError)
    prvTaskExitError                         0x0800362d   Thumb Code    36  port.o(i.prvTaskExitError)
    i.pvPortMalloc                           0x08003654   Section        0  heap_4.o(i.pvPortMalloc)
    i.pxPortInitialiseStack                  0x08003730   Section        0  port.o(i.pxPortInitialiseStack)
    i.straightLine_obstacleAvoidence         0x0800375c   Section        0  chassis.o(i.straightLine_obstacleAvoidence)
    i.tracking_update                        0x08003838   Section        0  chassis.o(i.tracking_update)
    i.uxListRemove                           0x08003888   Section        0  list.o(i.uxListRemove)
    i.vApplicationGetIdleTaskMemory          0x080038b0   Section        0  freertos.o(i.vApplicationGetIdleTaskMemory)
    i.vListInitialise                        0x080038c4   Section        0  list.o(i.vListInitialise)
    i.vListInitialiseItem                    0x080038da   Section        0  list.o(i.vListInitialiseItem)
    i.vListInsert                            0x080038e0   Section        0  list.o(i.vListInsert)
    i.vListInsertEnd                         0x08003910   Section        0  list.o(i.vListInsertEnd)
    i.vPortEnterCritical                     0x08003928   Section        0  port.o(i.vPortEnterCritical)
    i.vPortExitCritical                      0x08003968   Section        0  port.o(i.vPortExitCritical)
    i.vPortFree                              0x08003990   Section        0  heap_4.o(i.vPortFree)
    i.vPortSetupTimerInterrupt               0x080039f4   Section        0  port.o(i.vPortSetupTimerInterrupt)
    i.vTaskDelay                             0x08003a18   Section        0  tasks.o(i.vTaskDelay)
    i.vTaskStartScheduler                    0x08003a64   Section        0  tasks.o(i.vTaskStartScheduler)
    i.vTaskSuspendAll                        0x08003ad0   Section        0  tasks.o(i.vTaskSuspendAll)
    i.vTaskSwitchContext                     0x08003ae0   Section        0  tasks.o(i.vTaskSwitchContext)
    i.xPortStartScheduler                    0x08003b3c   Section        0  port.o(i.xPortStartScheduler)
    i.xPortSysTickHandler                    0x08003c30   Section        0  port.o(i.xPortSysTickHandler)
    i.xTaskCreate                            0x08003c5c   Section        0  tasks.o(i.xTaskCreate)
    i.xTaskCreateStatic                      0x08003cb6   Section        0  tasks.o(i.xTaskCreateStatic)
    i.xTaskGetSchedulerState                 0x08003d0c   Section        0  tasks.o(i.xTaskGetSchedulerState)
    i.xTaskIncrementTick                     0x08003d28   Section        0  tasks.o(i.xTaskIncrementTick)
    i.xTaskResumeAll                         0x08003df4   Section        0  tasks.o(i.xTaskResumeAll)
    x$fpl$fpinit                             0x08003eb8   Section       10  fpinit.o(x$fpl$fpinit)
    $v0                                      0x08003eb8   Number         0  fpinit.o(x$fpl$fpinit)
    .constdata                               0x08003ec4   Section      112  main.o(.constdata)
    .constdata                               0x08003f34   Section       16  system_stm32f4xx.o(.constdata)
    .constdata                               0x08003f44   Section        8  system_stm32f4xx.o(.constdata)
    .conststring                             0x08003f4c   Section       60  main.o(.conststring)
    .data                                    0x20000000   Section       80  chassis.o(.data)
    .data                                    0x20000050   Section       32  hc_sr04.o(.data)
    .data                                    0x20000070   Section       16  main.o(.data)
    .data                                    0x20000080   Section       15  stm32f4xx_it.o(.data)
    .data                                    0x20000090   Section        8  lora.o(.data)
    .data                                    0x20000098   Section        4  motor.o(.data)
    .data                                    0x2000009c   Section       12  stm32f4xx_hal.o(.data)
    .data                                    0x200000a8   Section        4  system_stm32f4xx.o(.data)
    .data                                    0x200000ac   Section       60  tasks.o(.data)
    uxDeletedTasksWaitingCleanUp             0x200000b0   Data           4  tasks.o(.data)
    uxCurrentNumberOfTasks                   0x200000b4   Data           4  tasks.o(.data)
    xTickCount                               0x200000b8   Data           4  tasks.o(.data)
    uxTopReadyPriority                       0x200000bc   Data           4  tasks.o(.data)
    xSchedulerRunning                        0x200000c0   Data           4  tasks.o(.data)
    xPendedTicks                             0x200000c4   Data           4  tasks.o(.data)
    xYieldPending                            0x200000c8   Data           4  tasks.o(.data)
    xNumOfOverflows                          0x200000cc   Data           4  tasks.o(.data)
    uxTaskNumber                             0x200000d0   Data           4  tasks.o(.data)
    xNextTaskUnblockTime                     0x200000d4   Data           4  tasks.o(.data)
    xIdleTaskHandle                          0x200000d8   Data           4  tasks.o(.data)
    uxSchedulerSuspended                     0x200000dc   Data           4  tasks.o(.data)
    pxDelayedTaskList                        0x200000e0   Data           4  tasks.o(.data)
    pxOverflowDelayedTaskList                0x200000e4   Data           4  tasks.o(.data)
    .data                                    0x200000e8   Section       32  heap_4.o(.data)
    pxEnd                                    0x200000e8   Data           4  heap_4.o(.data)
    xFreeBytesRemaining                      0x200000ec   Data           4  heap_4.o(.data)
    xMinimumEverFreeBytesRemaining           0x200000f0   Data           4  heap_4.o(.data)
    xNumberOfSuccessfulAllocations           0x200000f4   Data           4  heap_4.o(.data)
    xNumberOfSuccessfulFrees                 0x200000f8   Data           4  heap_4.o(.data)
    xBlockAllocatedBit                       0x200000fc   Data           4  heap_4.o(.data)
    xStart                                   0x20000100   Data           8  heap_4.o(.data)
    .data                                    0x20000108   Section       12  port.o(.data)
    ucMaxSysCallPriority                     0x20000108   Data           1  port.o(.data)
    uxCriticalNesting                        0x2000010c   Data           4  port.o(.data)
    ulMaxPRIGROUPValue                       0x20000110   Data           4  port.o(.data)
    .bss                                     0x20000114   Section      172  chassis.o(.bss)
    .bss                                     0x200001c0   Section      288  main.o(.bss)
    .bss                                     0x200002e0   Section      596  freertos.o(.bss)
    xIdleTaskTCBBuffer                       0x200002e0   Data          84  freertos.o(.bss)
    xIdleStack                               0x20000334   Data         512  freertos.o(.bss)
    .bss                                     0x20000534   Section     1024  lora.o(.bss)
    .bss                                     0x20000934   Section      240  tasks.o(.bss)
    pxReadyTasksLists                        0x20000934   Data         140  tasks.o(.bss)
    xDelayedTaskList1                        0x200009c0   Data          20  tasks.o(.bss)
    xDelayedTaskList2                        0x200009d4   Data          20  tasks.o(.bss)
    xPendingReadyList                        0x200009e8   Data          20  tasks.o(.bss)
    xTasksWaitingTermination                 0x200009fc   Data          20  tasks.o(.bss)
    xSuspendedTaskList                       0x20000a10   Data          20  tasks.o(.bss)
    .bss                                     0x20000a24   Section    15360  heap_4.o(.bss)
    ucHeap                                   0x20000a24   Data       15360  heap_4.o(.bss)
    .bss                                     0x20004624   Section       96  libspace.o(.bss)
    HEAP                                     0x20004688   Section      512  startup_stm32f429xx.o(HEAP)
    Heap_Mem                                 0x20004688   Data         512  startup_stm32f429xx.o(HEAP)
    STACK                                    0x20004888   Section     1024  startup_stm32f429xx.o(STACK)
    Stack_Mem                                0x20004888   Data        1024  startup_stm32f429xx.o(STACK)
    __initial_sp                             0x20004c88   Data           0  startup_stm32f429xx.o(STACK)

    Global Symbols

    Symbol Name                              Value     Ov Type        Size  Object(Section)

    BuildAttributes$$THM_ISAv4$E$P$D$K$B$S$7EM$VFPi3$EXTD16$VFPS$VFMA$PE$A:L22UL41UL21$X:L11$S22US41US21$IEEE1$IW$USESV6$~STKCKD$USESV7$~SHL$OTIME$ROPI$EBA8$UX$STANDARDLIB$REQ8$PRES8$EABIv2 0x00000000   Number         0  anon$$obj.o ABSOLUTE
    __ARM_use_no_argv                        0x00000000   Number         0  main.o ABSOLUTE
    __ARM_exceptions_init                     - Undefined Weak Reference
    __alloca_initialize                       - Undefined Weak Reference
    __arm_fini_                               - Undefined Weak Reference
    __arm_preinit_                            - Undefined Weak Reference
    __cpp_initialize__aeabi_                  - Undefined Weak Reference
    __cxa_finalize                            - Undefined Weak Reference
    __rt_locale                               - Undefined Weak Reference
    __sigvec_lookup                           - Undefined Weak Reference
    __user_heap_extent                        - Undefined Weak Reference
    _atexit_init                              - Undefined Weak Reference
    _call_atexit_fns                          - Undefined Weak Reference
    _clock_init                               - Undefined Weak Reference
    _fp_trap_init                             - Undefined Weak Reference
    _fp_trap_shutdown                         - Undefined Weak Reference
    _get_lc_collate                           - Undefined Weak Reference
    _get_lc_ctype                             - Undefined Weak Reference
    _get_lc_monetary                          - Undefined Weak Reference
    _get_lc_numeric                           - Undefined Weak Reference
    _get_lc_time                              - Undefined Weak Reference
    _getenv_init                              - Undefined Weak Reference
    _handle_redirection                       - Undefined Weak Reference
    _mutex_acquire                            - Undefined Weak Reference
    _mutex_free                               - Undefined Weak Reference
    _mutex_release                            - Undefined Weak Reference
    _printf_mbtowc                            - Undefined Weak Reference
    _printf_post_padding                      - Undefined Weak Reference
    _printf_pre_padding                       - Undefined Weak Reference
    _rand_init                                - Undefined Weak Reference
    _signal_finish                            - Undefined Weak Reference
    _signal_init                              - Undefined Weak Reference
    __Vectors_Size                           0x000001ac   Number         0  startup_stm32f429xx.o ABSOLUTE
    __Vectors                                0x08000000   Data           4  startup_stm32f429xx.o(RESET)
    __Vectors_End                            0x080001ac   Data           0  startup_stm32f429xx.o(RESET)
    __main                                   0x080001ad   Thumb Code     8  __main.o(!!!main)
    __scatterload                            0x080001b5   Thumb Code     0  __scatter.o(!!!scatter)
    __scatterload_rt2                        0x080001b5   Thumb Code    44  __scatter.o(!!!scatter)
    __scatterload_rt2_thumb_only             0x080001b5   Thumb Code     0  __scatter.o(!!!scatter)
    __scatterload_null                       0x080001c3   Thumb Code     0  __scatter.o(!!!scatter)
    __scatterload_copy                       0x080001e9   Thumb Code    26  __scatter_copy.o(!!handler_copy)
    __scatterload_zeroinit                   0x08000205   Thumb Code    28  __scatter_zi.o(!!handler_zi)
    __rt_lib_init                            0x08000221   Thumb Code     0  libinit.o(.ARM.Collect$$libinit$$00000000)
    __rt_lib_init_fp_1                       0x08000223   Thumb Code     0  libinit2.o(.ARM.Collect$$libinit$$00000001)
    __rt_lib_init_alloca_1                   0x08000227   Thumb Code     0  libinit2.o(.ARM.Collect$$libinit$$0000002E)
    __rt_lib_init_argv_1                     0x08000227   Thumb Code     0  libinit2.o(.ARM.Collect$$libinit$$0000002C)
    __rt_lib_init_atexit_1                   0x08000227   Thumb Code     0  libinit2.o(.ARM.Collect$$libinit$$0000001B)
    __rt_lib_init_clock_1                    0x08000227   Thumb Code     0  libinit2.o(.ARM.Collect$$libinit$$00000021)
    __rt_lib_init_cpp_1                      0x08000227   Thumb Code     0  libinit2.o(.ARM.Collect$$libinit$$00000032)
    __rt_lib_init_exceptions_1               0x08000227   Thumb Code     0  libinit2.o(.ARM.Collect$$libinit$$00000030)
    __rt_lib_init_fp_trap_1                  0x08000227   Thumb Code     0  libinit2.o(.ARM.Collect$$libinit$$0000001F)
    __rt_lib_init_getenv_1                   0x08000227   Thumb Code     0  libinit2.o(.ARM.Collect$$libinit$$00000023)
    __rt_lib_init_heap_1                     0x08000227   Thumb Code     0  libinit2.o(.ARM.Collect$$libinit$$0000000A)
    __rt_lib_init_lc_collate_1               0x08000227   Thumb Code     0  libinit2.o(.ARM.Collect$$libinit$$00000011)
    __rt_lib_init_lc_ctype_1                 0x08000227   Thumb Code     0  libinit2.o(.ARM.Collect$$libinit$$00000013)
    __rt_lib_init_lc_monetary_1              0x08000227   Thumb Code     0  libinit2.o(.ARM.Collect$$libinit$$00000015)
    __rt_lib_init_lc_numeric_1               0x08000227   Thumb Code     0  libinit2.o(.ARM.Collect$$libinit$$00000017)
    __rt_lib_init_lc_time_1                  0x08000227   Thumb Code     0  libinit2.o(.ARM.Collect$$libinit$$00000019)
    __rt_lib_init_preinit_1                  0x08000227   Thumb Code     0  libinit2.o(.ARM.Collect$$libinit$$00000004)
    __rt_lib_init_rand_1                     0x08000227   Thumb Code     0  libinit2.o(.ARM.Collect$$libinit$$0000000E)
    __rt_lib_init_return                     0x08000227   Thumb Code     0  libinit2.o(.ARM.Collect$$libinit$$00000033)
    __rt_lib_init_signal_1                   0x08000227   Thumb Code     0  libinit2.o(.ARM.Collect$$libinit$$0000001D)
    __rt_lib_init_stdio_1                    0x08000227   Thumb Code     0  libinit2.o(.ARM.Collect$$libinit$$00000025)
    __rt_lib_init_user_alloc_1               0x08000227   Thumb Code     0  libinit2.o(.ARM.Collect$$libinit$$0000000C)
    __rt_lib_shutdown                        0x08000229   Thumb Code     0  libshutdown.o(.ARM.Collect$$libshutdown$$00000000)
    __rt_lib_shutdown_cpp_1                  0x0800022b   Thumb Code     0  libshutdown2.o(.ARM.Collect$$libshutdown$$00000004)
    __rt_lib_shutdown_fini_1                 0x0800022b   Thumb Code     0  libshutdown2.o(.ARM.Collect$$libshutdown$$00000002)
    __rt_lib_shutdown_fp_trap_1              0x0800022b   Thumb Code     0  libshutdown2.o(.ARM.Collect$$libshutdown$$00000009)
    __rt_lib_shutdown_heap_1                 0x0800022b   Thumb Code     0  libshutdown2.o(.ARM.Collect$$libshutdown$$00000011)
    __rt_lib_shutdown_return                 0x0800022b   Thumb Code     0  libshutdown2.o(.ARM.Collect$$libshutdown$$00000012)
    __rt_lib_shutdown_signal_1               0x0800022b   Thumb Code     0  libshutdown2.o(.ARM.Collect$$libshutdown$$0000000C)
    __rt_lib_shutdown_stdio_1                0x0800022b   Thumb Code     0  libshutdown2.o(.ARM.Collect$$libshutdown$$00000006)
    __rt_lib_shutdown_user_alloc_1           0x0800022b   Thumb Code     0  libshutdown2.o(.ARM.Collect$$libshutdown$$0000000E)
    __rt_entry                               0x0800022d   Thumb Code     0  __rtentry.o(.ARM.Collect$$rtentry$$00000000)
    __rt_entry_presh_1                       0x0800022d   Thumb Code     0  __rtentry2.o(.ARM.Collect$$rtentry$$00000002)
    __rt_entry_sh                            0x0800022d   Thumb Code     0  __rtentry4.o(.ARM.Collect$$rtentry$$00000004)
    __rt_entry_li                            0x08000233   Thumb Code     0  __rtentry2.o(.ARM.Collect$$rtentry$$0000000A)
    __rt_entry_postsh_1                      0x08000233   Thumb Code     0  __rtentry2.o(.ARM.Collect$$rtentry$$00000009)
    __rt_entry_main                          0x08000237   Thumb Code     0  __rtentry2.o(.ARM.Collect$$rtentry$$0000000D)
    __rt_entry_postli_1                      0x08000237   Thumb Code     0  __rtentry2.o(.ARM.Collect$$rtentry$$0000000C)
    __rt_exit                                0x0800023f   Thumb Code     0  rtexit.o(.ARM.Collect$$rtexit$$00000000)
    __rt_exit_ls                             0x08000241   Thumb Code     0  rtexit2.o(.ARM.Collect$$rtexit$$00000003)
    __rt_exit_prels_1                        0x08000241   Thumb Code     0  rtexit2.o(.ARM.Collect$$rtexit$$00000002)
    __rt_exit_exit                           0x08000245   Thumb Code     0  rtexit2.o(.ARM.Collect$$rtexit$$00000004)
    SVC_Handler                              0x0800024d   Thumb Code    28  port.o(.emb_text)
    __asm___6_port_c_39a90d8d__prvStartFirstTask 0x0800026d   Thumb Code    36  port.o(.emb_text)
    __asm___6_port_c_39a90d8d__prvEnableVFP  0x08000295   Thumb Code    16  port.o(.emb_text)
    PendSV_Handler                           0x080002a9   Thumb Code    88  port.o(.emb_text)
    vPortGetIPSR                             0x08000305   Thumb Code     6  port.o(.emb_text)
    Reset_Handler                            0x0800030d   Thumb Code     8  startup_stm32f429xx.o(.text)
    ADC_IRQHandler                           0x08000327   Thumb Code     0  startup_stm32f429xx.o(.text)
    CAN1_RX0_IRQHandler                      0x08000327   Thumb Code     0  startup_stm32f429xx.o(.text)
    CAN1_RX1_IRQHandler                      0x08000327   Thumb Code     0  startup_stm32f429xx.o(.text)
    CAN1_SCE_IRQHandler                      0x08000327   Thumb Code     0  startup_stm32f429xx.o(.text)
    CAN1_TX_IRQHandler                       0x08000327   Thumb Code     0  startup_stm32f429xx.o(.text)
    CAN2_RX0_IRQHandler                      0x08000327   Thumb Code     0  startup_stm32f429xx.o(.text)
    CAN2_RX1_IRQHandler                      0x08000327   Thumb Code     0  startup_stm32f429xx.o(.text)
    CAN2_SCE_IRQHandler                      0x08000327   Thumb Code     0  startup_stm32f429xx.o(.text)
    CAN2_TX_IRQHandler                       0x08000327   Thumb Code     0  startup_stm32f429xx.o(.text)
    DCMI_IRQHandler                          0x08000327   Thumb Code     0  startup_stm32f429xx.o(.text)
    DMA1_Stream0_IRQHandler                  0x08000327   Thumb Code     0  startup_stm32f429xx.o(.text)
    DMA1_Stream1_IRQHandler                  0x08000327   Thumb Code     0  startup_stm32f429xx.o(.text)
    DMA1_Stream2_IRQHandler                  0x08000327   Thumb Code     0  startup_stm32f429xx.o(.text)
    DMA1_Stream3_IRQHandler                  0x08000327   Thumb Code     0  startup_stm32f429xx.o(.text)
    DMA1_Stream4_IRQHandler                  0x08000327   Thumb Code     0  startup_stm32f429xx.o(.text)
    DMA1_Stream5_IRQHandler                  0x08000327   Thumb Code     0  startup_stm32f429xx.o(.text)
    DMA1_Stream6_IRQHandler                  0x08000327   Thumb Code     0  startup_stm32f429xx.o(.text)
    DMA1_Stream7_IRQHandler                  0x08000327   Thumb Code     0  startup_stm32f429xx.o(.text)
    DMA2D_IRQHandler                         0x08000327   Thumb Code     0  startup_stm32f429xx.o(.text)
    DMA2_Stream0_IRQHandler                  0x08000327   Thumb Code     0  startup_stm32f429xx.o(.text)
    DMA2_Stream1_IRQHandler                  0x08000327   Thumb Code     0  startup_stm32f429xx.o(.text)
    DMA2_Stream2_IRQHandler                  0x08000327   Thumb Code     0  startup_stm32f429xx.o(.text)
    DMA2_Stream3_IRQHandler                  0x08000327   Thumb Code     0  startup_stm32f429xx.o(.text)
    DMA2_Stream4_IRQHandler                  0x08000327   Thumb Code     0  startup_stm32f429xx.o(.text)
    DMA2_Stream5_IRQHandler                  0x08000327   Thumb Code     0  startup_stm32f429xx.o(.text)
    DMA2_Stream6_IRQHandler                  0x08000327   Thumb Code     0  startup_stm32f429xx.o(.text)
    DMA2_Stream7_IRQHandler                  0x08000327   Thumb Code     0  startup_stm32f429xx.o(.text)
    ETH_IRQHandler                           0x08000327   Thumb Code     0  startup_stm32f429xx.o(.text)
    ETH_WKUP_IRQHandler                      0x08000327   Thumb Code     0  startup_stm32f429xx.o(.text)
    EXTI0_IRQHandler                         0x08000327   Thumb Code     0  startup_stm32f429xx.o(.text)
    EXTI15_10_IRQHandler                     0x08000327   Thumb Code     0  startup_stm32f429xx.o(.text)
    EXTI1_IRQHandler                         0x08000327   Thumb Code     0  startup_stm32f429xx.o(.text)
    EXTI2_IRQHandler                         0x08000327   Thumb Code     0  startup_stm32f429xx.o(.text)
    EXTI3_IRQHandler                         0x08000327   Thumb Code     0  startup_stm32f429xx.o(.text)
    EXTI4_IRQHandler                         0x08000327   Thumb Code     0  startup_stm32f429xx.o(.text)
    FLASH_IRQHandler                         0x08000327   Thumb Code     0  startup_stm32f429xx.o(.text)
    FMC_IRQHandler                           0x08000327   Thumb Code     0  startup_stm32f429xx.o(.text)
    FPU_IRQHandler                           0x08000327   Thumb Code     0  startup_stm32f429xx.o(.text)
    HASH_RNG_IRQHandler                      0x08000327   Thumb Code     0  startup_stm32f429xx.o(.text)
    I2C1_ER_IRQHandler                       0x08000327   Thumb Code     0  startup_stm32f429xx.o(.text)
    I2C1_EV_IRQHandler                       0x08000327   Thumb Code     0  startup_stm32f429xx.o(.text)
    I2C2_ER_IRQHandler                       0x08000327   Thumb Code     0  startup_stm32f429xx.o(.text)
    I2C2_EV_IRQHandler                       0x08000327   Thumb Code     0  startup_stm32f429xx.o(.text)
    I2C3_ER_IRQHandler                       0x08000327   Thumb Code     0  startup_stm32f429xx.o(.text)
    I2C3_EV_IRQHandler                       0x08000327   Thumb Code     0  startup_stm32f429xx.o(.text)
    LTDC_ER_IRQHandler                       0x08000327   Thumb Code     0  startup_stm32f429xx.o(.text)
    LTDC_IRQHandler                          0x08000327   Thumb Code     0  startup_stm32f429xx.o(.text)
    OTG_FS_IRQHandler                        0x08000327   Thumb Code     0  startup_stm32f429xx.o(.text)
    OTG_FS_WKUP_IRQHandler                   0x08000327   Thumb Code     0  startup_stm32f429xx.o(.text)
    OTG_HS_EP1_IN_IRQHandler                 0x08000327   Thumb Code     0  startup_stm32f429xx.o(.text)
    OTG_HS_EP1_OUT_IRQHandler                0x08000327   Thumb Code     0  startup_stm32f429xx.o(.text)
    OTG_HS_IRQHandler                        0x08000327   Thumb Code     0  startup_stm32f429xx.o(.text)
    OTG_HS_WKUP_IRQHandler                   0x08000327   Thumb Code     0  startup_stm32f429xx.o(.text)
    PVD_IRQHandler                           0x08000327   Thumb Code     0  startup_stm32f429xx.o(.text)
    RCC_IRQHandler                           0x08000327   Thumb Code     0  startup_stm32f429xx.o(.text)
    RTC_Alarm_IRQHandler                     0x08000327   Thumb Code     0  startup_stm32f429xx.o(.text)
    RTC_WKUP_IRQHandler                      0x08000327   Thumb Code     0  startup_stm32f429xx.o(.text)
    SAI1_IRQHandler                          0x08000327   Thumb Code     0  startup_stm32f429xx.o(.text)
    SDIO_IRQHandler                          0x08000327   Thumb Code     0  startup_stm32f429xx.o(.text)
    SPI1_IRQHandler                          0x08000327   Thumb Code     0  startup_stm32f429xx.o(.text)
    SPI2_IRQHandler                          0x08000327   Thumb Code     0  startup_stm32f429xx.o(.text)
    SPI3_IRQHandler                          0x08000327   Thumb Code     0  startup_stm32f429xx.o(.text)
    SPI4_IRQHandler                          0x08000327   Thumb Code     0  startup_stm32f429xx.o(.text)
    SPI5_IRQHandler                          0x08000327   Thumb Code     0  startup_stm32f429xx.o(.text)
    SPI6_IRQHandler                          0x08000327   Thumb Code     0  startup_stm32f429xx.o(.text)
    TAMP_STAMP_IRQHandler                    0x08000327   Thumb Code     0  startup_stm32f429xx.o(.text)
    TIM1_BRK_TIM9_IRQHandler                 0x08000327   Thumb Code     0  startup_stm32f429xx.o(.text)
    TIM1_CC_IRQHandler                       0x08000327   Thumb Code     0  startup_stm32f429xx.o(.text)
    TIM1_TRG_COM_TIM11_IRQHandler            0x08000327   Thumb Code     0  startup_stm32f429xx.o(.text)
    TIM1_UP_TIM10_IRQHandler                 0x08000327   Thumb Code     0  startup_stm32f429xx.o(.text)
    TIM2_IRQHandler                          0x08000327   Thumb Code     0  startup_stm32f429xx.o(.text)
    TIM3_IRQHandler                          0x08000327   Thumb Code     0  startup_stm32f429xx.o(.text)
    TIM4_IRQHandler                          0x08000327   Thumb Code     0  startup_stm32f429xx.o(.text)
    TIM5_IRQHandler                          0x08000327   Thumb Code     0  startup_stm32f429xx.o(.text)
    TIM6_DAC_IRQHandler                      0x08000327   Thumb Code     0  startup_stm32f429xx.o(.text)
    TIM7_IRQHandler                          0x08000327   Thumb Code     0  startup_stm32f429xx.o(.text)
    TIM8_BRK_TIM12_IRQHandler                0x08000327   Thumb Code     0  startup_stm32f429xx.o(.text)
    TIM8_CC_IRQHandler                       0x08000327   Thumb Code     0  startup_stm32f429xx.o(.text)
    TIM8_TRG_COM_TIM14_IRQHandler            0x08000327   Thumb Code     0  startup_stm32f429xx.o(.text)
    TIM8_UP_TIM13_IRQHandler                 0x08000327   Thumb Code     0  startup_stm32f429xx.o(.text)
    UART4_IRQHandler                         0x08000327   Thumb Code     0  startup_stm32f429xx.o(.text)
    UART5_IRQHandler                         0x08000327   Thumb Code     0  startup_stm32f429xx.o(.text)
    UART8_IRQHandler                         0x08000327   Thumb Code     0  startup_stm32f429xx.o(.text)
    USART1_IRQHandler                        0x08000327   Thumb Code     0  startup_stm32f429xx.o(.text)
    USART2_IRQHandler                        0x08000327   Thumb Code     0  startup_stm32f429xx.o(.text)
    USART3_IRQHandler                        0x08000327   Thumb Code     0  startup_stm32f429xx.o(.text)
    USART6_IRQHandler                        0x08000327   Thumb Code     0  startup_stm32f429xx.o(.text)
    WWDG_IRQHandler                          0x08000327   Thumb Code     0  startup_stm32f429xx.o(.text)
    __user_initial_stackheap                 0x08000329   Thumb Code     0  startup_stm32f429xx.o(.text)
    __aeabi_uldivmod                         0x0800034d   Thumb Code     0  lludivv7m.o(.text)
    _ll_udiv                                 0x0800034d   Thumb Code   238  lludivv7m.o(.text)
    __aeabi_memcpy4                          0x0800043b   Thumb Code     0  rt_memcpy_w.o(.text)
    __aeabi_memcpy8                          0x0800043b   Thumb Code     0  rt_memcpy_w.o(.text)
    __rt_memcpy_w                            0x0800043b   Thumb Code   100  rt_memcpy_w.o(.text)
    _memcpy_lastbytes_aligned                0x08000483   Thumb Code     0  rt_memcpy_w.o(.text)
    __aeabi_memclr4                          0x0800049f   Thumb Code     0  rt_memclr_w.o(.text)
    __aeabi_memclr8                          0x0800049f   Thumb Code     0  rt_memclr_w.o(.text)
    __rt_memclr_w                            0x0800049f   Thumb Code    78  rt_memclr_w.o(.text)
    _memset_w                                0x080004a3   Thumb Code     0  rt_memclr_w.o(.text)
    __use_two_region_memory                  0x080004ed   Thumb Code     2  heapauxi.o(.text)
    __rt_heap_escrow                         0x080004ef   Thumb Code     2  heapauxi.o(.text)
    __rt_heap_expand                         0x080004f1   Thumb Code     2  heapauxi.o(.text)
    __user_setup_stackheap                   0x080004f3   Thumb Code    74  sys_stackheap_outer.o(.text)
    exit                                     0x0800053d   Thumb Code    18  exit.o(.text)
    __user_libspace                          0x08000551   Thumb Code     8  libspace.o(.text)
    __user_perproc_libspace                  0x08000551   Thumb Code     0  libspace.o(.text)
    __user_perthread_libspace                0x08000551   Thumb Code     0  libspace.o(.text)
    __I$use$semihosting                      0x08000559   Thumb Code     0  use_no_semi.o(.text)
    __use_no_semihosting_swi                 0x08000559   Thumb Code     2  use_no_semi.o(.text)
    __semihosting_library_function           0x0800055b   Thumb Code     0  indicate_semi.o(.text)
    _sys_exit                                0x0800055d   Thumb Code     8  sys_exit.o(.text)
    BusFault_Handler                         0x08000691   Thumb Code     2  stm32f4xx_it.o(i.BusFault_Handler)
    Car_Init                                 0x08000695   Thumb Code   120  main.o(i.Car_Init)
    DebugMon_Handler                         0x0800071d   Thumb Code     2  stm32f4xx_it.o(i.DebugMon_Handler)
    EXTI9_5_IRQHandler                       0x0800071f   Thumb Code     6  stm32f4xx_it.o(i.EXTI9_5_IRQHandler)
    HAL_ADCEx_InjectedConfigChannel          0x08000725   Thumb Code   432  stm32f4xx_hal_adc_ex.o(i.HAL_ADCEx_InjectedConfigChannel)
    HAL_ADC_ConfigChannel                    0x080008e5   Thumb Code   334  stm32f4xx_hal_adc.o(i.HAL_ADC_ConfigChannel)
    HAL_ADC_Init                             0x08000a49   Thumb Code    84  stm32f4xx_hal_adc.o(i.HAL_ADC_Init)
    HAL_ADC_MspInit                          0x08000a9d   Thumb Code    84  stm32f4xx_hal_msp.o(i.HAL_ADC_MspInit)
    HAL_DMA_Abort                            0x08000afd   Thumb Code   146  stm32f4xx_hal_dma.o(i.HAL_DMA_Abort)
    HAL_DMA_Abort_IT                         0x08000b8f   Thumb Code    36  stm32f4xx_hal_dma.o(i.HAL_DMA_Abort_IT)
    HAL_Delay                                0x08000bb5   Thumb Code    32  stm32f4xx_hal.o(i.HAL_Delay)
    HAL_GPIO_EXTI_Callback                   0x08000bd9   Thumb Code    18  chassis.o(i.HAL_GPIO_EXTI_Callback)
    HAL_GPIO_EXTI_IRQHandler                 0x08000bf1   Thumb Code    18  stm32f4xx_hal_gpio.o(i.HAL_GPIO_EXTI_IRQHandler)
    HAL_GPIO_Init                            0x08000c09   Thumb Code   510  stm32f4xx_hal_gpio.o(i.HAL_GPIO_Init)
    HAL_GPIO_ReadPin                         0x08000e3d   Thumb Code    10  stm32f4xx_hal_gpio.o(i.HAL_GPIO_ReadPin)
    HAL_GPIO_WritePin                        0x08000e47   Thumb Code    10  stm32f4xx_hal_gpio.o(i.HAL_GPIO_WritePin)
    HAL_GetTick                              0x08000e51   Thumb Code     6  stm32f4xx_hal.o(i.HAL_GetTick)
    HAL_IncTick                              0x08000e5d   Thumb Code    12  stm32f4xx_hal.o(i.HAL_IncTick)
    HAL_Init                                 0x08000e6d   Thumb Code    48  stm32f4xx_hal.o(i.HAL_Init)
    HAL_InitTick                             0x08000ea1   Thumb Code    54  stm32f4xx_hal.o(i.HAL_InitTick)
    HAL_MspInit                              0x08000ee1   Thumb Code    52  stm32f4xx_hal_msp.o(i.HAL_MspInit)
    HAL_NVIC_EnableIRQ                       0x08000f19   Thumb Code    26  stm32f4xx_hal_cortex.o(i.HAL_NVIC_EnableIRQ)
    HAL_NVIC_SetPriority                     0x08000f35   Thumb Code    60  stm32f4xx_hal_cortex.o(i.HAL_NVIC_SetPriority)
    HAL_NVIC_SetPriorityGrouping             0x08000f75   Thumb Code    26  stm32f4xx_hal_cortex.o(i.HAL_NVIC_SetPriorityGrouping)
    HAL_PWREx_EnableOverDrive                0x08000f99   Thumb Code    98  stm32f4xx_hal_pwr_ex.o(i.HAL_PWREx_EnableOverDrive)
    HAL_RCC_ClockConfig                      0x08001009   Thumb Code   288  stm32f4xx_hal_rcc.o(i.HAL_RCC_ClockConfig)
    HAL_RCC_GetPCLK1Freq                     0x0800113d   Thumb Code    20  stm32f4xx_hal_rcc.o(i.HAL_RCC_GetPCLK1Freq)
    HAL_RCC_GetPCLK2Freq                     0x0800115d   Thumb Code    20  stm32f4xx_hal_rcc.o(i.HAL_RCC_GetPCLK2Freq)
    HAL_RCC_GetSysClockFreq                  0x0800117d   Thumb Code    88  stm32f4xx_hal_rcc.o(i.HAL_RCC_GetSysClockFreq)
    HAL_RCC_OscConfig                        0x080011e1   Thumb Code   856  stm32f4xx_hal_rcc.o(i.HAL_RCC_OscConfig)
    HAL_SYSTICK_Config                       0x0800154d   Thumb Code    40  stm32f4xx_hal_cortex.o(i.HAL_SYSTICK_Config)
    HAL_TIMEx_MasterConfigSynchronization    0x08001575   Thumb Code   116  stm32f4xx_hal_tim_ex.o(i.HAL_TIMEx_MasterConfigSynchronization)
    HAL_TIM_Base_Init                        0x08001605   Thumb Code    90  stm32f4xx_hal_tim.o(i.HAL_TIM_Base_Init)
    HAL_TIM_Base_MspInit                     0x08001661   Thumb Code    52  stm32f4xx_hal_msp.o(i.HAL_TIM_Base_MspInit)
    HAL_TIM_Base_Start_IT                    0x0800169d   Thumb Code   100  stm32f4xx_hal_tim.o(i.HAL_TIM_Base_Start_IT)
    HAL_TIM_ConfigClockSource                0x0800171d   Thumb Code   220  stm32f4xx_hal_tim.o(i.HAL_TIM_ConfigClockSource)
    HAL_TIM_MspPostInit                      0x080017f9   Thumb Code   146  stm32f4xx_hal_msp.o(i.HAL_TIM_MspPostInit)
    HAL_TIM_PWM_ConfigChannel                0x0800189d   Thumb Code   204  stm32f4xx_hal_tim.o(i.HAL_TIM_PWM_ConfigChannel)
    HAL_TIM_PWM_Init                         0x08001969   Thumb Code    90  stm32f4xx_hal_tim.o(i.HAL_TIM_PWM_Init)
    HAL_TIM_PWM_MspInit                      0x080019c3   Thumb Code     2  stm32f4xx_hal_tim.o(i.HAL_TIM_PWM_MspInit)
    HAL_TIM_PWM_Start                        0x080019c5   Thumb Code   172  stm32f4xx_hal_tim.o(i.HAL_TIM_PWM_Start)
    HAL_UARTEx_RxEventCallback               0x08001a8d   Thumb Code     2  stm32f4xx_hal_uart.o(i.HAL_UARTEx_RxEventCallback)
    HAL_UART_ErrorCallback                   0x08001a8f   Thumb Code     2  stm32f4xx_hal_uart.o(i.HAL_UART_ErrorCallback)
    HAL_UART_IRQHandler                      0x08001a91   Thumb Code   618  stm32f4xx_hal_uart.o(i.HAL_UART_IRQHandler)
    HAL_UART_Init                            0x08001d01   Thumb Code   100  stm32f4xx_hal_uart.o(i.HAL_UART_Init)
    HAL_UART_MspInit                         0x08001d65   Thumb Code   108  stm32f4xx_hal_msp.o(i.HAL_UART_MspInit)
    HAL_UART_Receive_IT                      0x08001ddd   Thumb Code    28  stm32f4xx_hal_uart.o(i.HAL_UART_Receive_IT)
    HAL_UART_RxCpltCallback                  0x08001df9   Thumb Code   162  stm32f4xx_it.o(i.HAL_UART_RxCpltCallback)
    HAL_UART_Transmit                        0x08001eb5   Thumb Code   160  stm32f4xx_hal_uart.o(i.HAL_UART_Transmit)
    HAL_UART_TxCpltCallback                  0x08001f55   Thumb Code     2  stm32f4xx_hal_uart.o(i.HAL_UART_TxCpltCallback)
    HardFault_Handler                        0x08001f57   Thumb Code     2  stm32f4xx_it.o(i.HardFault_Handler)
    LH_StepAhead                             0x08001f59   Thumb Code    26  motor.o(i.LH_StepAhead)
    LH_StepBack                              0x08001f7d   Thumb Code    26  motor.o(i.LH_StepBack)
    LQ_StepAhead                             0x08001fa1   Thumb Code    26  motor.o(i.LQ_StepAhead)
    LQ_StepBack                              0x08001fc5   Thumb Code    26  motor.o(i.LQ_StepBack)
    MemManage_Handler                        0x080023e1   Thumb Code     2  stm32f4xx_it.o(i.MemManage_Handler)
    NMI_Handler                              0x080023e3   Thumb Code     2  stm32f4xx_it.o(i.NMI_Handler)
    RH_StepAhead                             0x080023e5   Thumb Code    26  motor.o(i.RH_StepAhead)
    RH_StepBack                              0x08002409   Thumb Code    26  motor.o(i.RH_StepBack)
    RQ_StepAhead                             0x0800242d   Thumb Code    26  motor.o(i.RQ_StepAhead)
    RQ_StepBack                              0x08002451   Thumb Code    26  motor.o(i.RQ_StepBack)
    SR04_task                                0x08002475   Thumb Code   248  hc_sr04.o(i.SR04_task)
    StartDefaultTask                         0x08002579   Thumb Code     8  main.o(i.StartDefaultTask)
    SysTick_Handler                          0x08002581   Thumb Code    24  stm32f4xx_it.o(i.SysTick_Handler)
    SystemClock_Config                       0x08002599   Thumb Code   148  main.o(i.SystemClock_Config)
    SystemInit                               0x08002635   Thumb Code    12  system_stm32f4xx.o(i.SystemInit)
    TIM_Base_SetConfig                       0x08002645   Thumb Code   170  stm32f4xx_hal_tim.o(i.TIM_Base_SetConfig)
    TIM_CCxChannelCmd                        0x0800271d   Thumb Code    26  stm32f4xx_hal_tim.o(i.TIM_CCxChannelCmd)
    TIM_ETR_SetConfig                        0x08002737   Thumb Code    20  stm32f4xx_hal_tim.o(i.TIM_ETR_SetConfig)
    TIM_OC2_SetConfig                        0x080027bd   Thumb Code    98  stm32f4xx_hal_tim.o(i.TIM_OC2_SetConfig)
    UART7_IRQHandler                         0x08002929   Thumb Code     6  stm32f4xx_it.o(i.UART7_IRQHandler)
    UART_Start_Receive_IT                    0x08002b61   Thumb Code    54  stm32f4xx_hal_uart.o(i.UART_Start_Receive_IT)
    UsageFault_Handler                       0x08002c09   Thumb Code     2  stm32f4xx_it.o(i.UsageFault_Handler)
    WiFi_task                                0x08002c0b   Thumb Code    16  wifi.o(i.WiFi_task)
    chassis_goStraight                       0x08002c3b   Thumb Code    30  chassis.o(i.chassis_goStraight)
    chassis_leftTurn_withTime                0x08002c59   Thumb Code   166  chassis.o(i.chassis_leftTurn_withTime)
    chassis_moveon                           0x08002d0d   Thumb Code   264  chassis.o(i.chassis_moveon)
    chassis_rightTurn_withTime               0x08002e1d   Thumb Code   162  chassis.o(i.chassis_rightTurn_withTime)
    chassis_speed_update                     0x08002ec9   Thumb Code   104  chassis.o(i.chassis_speed_update)
    chassis_task                             0x08002f45   Thumb Code   298  chassis.o(i.chassis_task)
    chassis_turnLeft                         0x08003095   Thumb Code    66  chassis.o(i.chassis_turnLeft)
    chassis_turnRight                        0x080030d7   Thumb Code    94  chassis.o(i.chassis_turnRight)
    delay_us                                 0x08003135   Thumb Code    52  hc_sr04.o(i.delay_us)
    main                                     0x08003171   Thumb Code   248  main.o(i.main)
    osDelay                                  0x08003285   Thumb Code    14  cmsis_os.o(i.osDelay)
    osKernelStart                            0x08003293   Thumb Code    10  cmsis_os.o(i.osKernelStart)
    osThreadCreate                           0x0800329d   Thumb Code    84  cmsis_os.o(i.osThreadCreate)
    pid_init                                 0x080032f1   Thumb Code    10  pid.o(i.pid_init)
    pvPortMalloc                             0x08003655   Thumb Code   216  heap_4.o(i.pvPortMalloc)
    pxPortInitialiseStack                    0x08003731   Thumb Code    40  port.o(i.pxPortInitialiseStack)
    straightLine_obstacleAvoidence           0x0800375d   Thumb Code   194  chassis.o(i.straightLine_obstacleAvoidence)
    tracking_update                          0x08003839   Thumb Code    64  chassis.o(i.tracking_update)
    uxListRemove                             0x08003889   Thumb Code    38  list.o(i.uxListRemove)
    vApplicationGetIdleTaskMemory            0x080038b1   Thumb Code    16  freertos.o(i.vApplicationGetIdleTaskMemory)
    vListInitialise                          0x080038c5   Thumb Code    22  list.o(i.vListInitialise)
    vListInitialiseItem                      0x080038db   Thumb Code     6  list.o(i.vListInitialiseItem)
    vListInsert                              0x080038e1   Thumb Code    48  list.o(i.vListInsert)
    vListInsertEnd                           0x08003911   Thumb Code    24  list.o(i.vListInsertEnd)
    vPortEnterCritical                       0x08003929   Thumb Code    54  port.o(i.vPortEnterCritical)
    vPortExitCritical                        0x08003969   Thumb Code    34  port.o(i.vPortExitCritical)
    vPortFree                                0x08003991   Thumb Code    94  heap_4.o(i.vPortFree)
    vPortSetupTimerInterrupt                 0x080039f5   Thumb Code    32  port.o(i.vPortSetupTimerInterrupt)
    vTaskDelay                               0x08003a19   Thumb Code    66  tasks.o(i.vTaskDelay)
    vTaskStartScheduler                      0x08003a65   Thumb Code    90  tasks.o(i.vTaskStartScheduler)
    vTaskSuspendAll                          0x08003ad1   Thumb Code    10  tasks.o(i.vTaskSuspendAll)
    vTaskSwitchContext                       0x08003ae1   Thumb Code    82  tasks.o(i.vTaskSwitchContext)
    xPortStartScheduler                      0x08003b3d   Thumb Code   222  port.o(i.xPortStartScheduler)
    xPortSysTickHandler                      0x08003c31   Thumb Code    38  port.o(i.xPortSysTickHandler)
    xTaskCreate                              0x08003c5d   Thumb Code    90  tasks.o(i.xTaskCreate)
    xTaskCreateStatic                        0x08003cb7   Thumb Code    86  tasks.o(i.xTaskCreateStatic)
    xTaskGetSchedulerState                   0x08003d0d   Thumb Code    22  tasks.o(i.xTaskGetSchedulerState)
    xTaskIncrementTick                       0x08003d29   Thumb Code   194  tasks.o(i.xTaskIncrementTick)
    xTaskResumeAll                           0x08003df5   Thumb Code   182  tasks.o(i.xTaskResumeAll)
    _fp_init                                 0x08003eb9   Thumb Code    10  fpinit.o(x$fpl$fpinit)
    __fplib_config_fpu_vfp                   0x08003ec1   Thumb Code     0  fpinit.o(x$fpl$fpinit)
    __fplib_config_pureend_doubles           0x08003ec1   Thumb Code     0  fpinit.o(x$fpl$fpinit)
    AHBPrescTable                            0x08003f34   Data          16  system_stm32f4xx.o(.constdata)
    APBPrescTable                            0x08003f44   Data           8  system_stm32f4xx.o(.constdata)
    Region$$Table$$Base                      0x08003f88   Number         0  anon$$obj.o(Region$$Table)
    Region$$Table$$Limit                     0x08003fa8   Number         0  anon$$obj.o(Region$$Table)
    flag                                     0x20000000   Data           1  chassis.o(.data)
    result                                   0x20000004   Data           4  chassis.o(.data)
    goStraightSpeed                          0x20000008   Data           4  chassis.o(.data)
    result_index                             0x2000000c   Data           4  chassis.o(.data)
    last                                     0x20000010   Data           4  chassis.o(.data)
    sum                                      0x20000014   Data           4  chassis.o(.data)
    start                                    0x20000018   Data           4  chassis.o(.data)
    now                                      0x2000001c   Data           4  chassis.o(.data)
    duration                                 0x20000020   Data           4  chassis.o(.data)
    XJ_states                                0x20000024   Data           5  chassis.o(.data)
    pid_param                                0x20000029   Data           5  chassis.o(.data)
    chassis                                  0x20000030   Data          32  chassis.o(.data)
    is_closing                               0x20000050   Data           1  hc_sr04.o(.data)
    is_turning                               0x20000051   Data           1  hc_sr04.o(.data)
    finished_turn                            0x20000052   Data           1  hc_sr04.o(.data)
    detected_obstacle                        0x20000053   Data           1  hc_sr04.o(.data)
    distance                                 0x20000054   Data           4  hc_sr04.o(.data)
    last_distance                            0x20000058   Data           4  hc_sr04.o(.data)
    time                                     0x20000060   Data           8  hc_sr04.o(.data)
    time_end                                 0x20000068   Data           8  hc_sr04.o(.data)
    defaultTaskHandle                        0x20000070   Data           4  main.o(.data)
    ChassisTaskHandHandle                    0x20000074   Data           4  main.o(.data)
    SR04TaskHandleHandle                     0x20000078   Data           4  main.o(.data)
    WiFiTaskHandleHandle                     0x2000007c   Data           4  main.o(.data)
    num                                      0x20000080   Data           1  stm32f4xx_it.o(.data)
    sequence_num                             0x20000084   Data           4  stm32f4xx_it.o(.data)
    wasdLR                                   0x20000088   Data           7  stm32f4xx_it.o(.data)
    bRxBufferUart1                           0x20000090   Data           1  lora.o(.data)
    LPUART1_RX_LEN                           0x20000092   Data           2  lora.o(.data)
    DefaultTimeout                           0x20000094   Data           4  lora.o(.data)
    current_speed                            0x20000098   Data           4  motor.o(.data)
    uwTickFreq                               0x2000009c   Data           1  stm32f4xx_hal.o(.data)
    uwTickPrio                               0x200000a0   Data           4  stm32f4xx_hal.o(.data)
    uwTick                                   0x200000a4   Data           4  stm32f4xx_hal.o(.data)
    SystemCoreClock                          0x200000a8   Data           4  system_stm32f4xx.o(.data)
    pxCurrentTCB                             0x200000ac   Data           4  tasks.o(.data)
    result_arr                               0x20000114   Data         120  chassis.o(.bss)
    chassis_turn_pid                         0x2000018c   Data          52  chassis.o(.bss)
    hadc1                                    0x200001c0   Data          72  main.o(.bss)
    htim2                                    0x20000208   Data          72  main.o(.bss)
    htim3                                    0x20000250   Data          72  main.o(.bss)
    huart7                                   0x20000298   Data          72  main.o(.bss)
    LPUART1_RX_BUF                           0x20000534   Data        1024  lora.o(.bss)
    __libspace_start                         0x20004624   Data          96  libspace.o(.bss)
    __temporary_stack_top$libspace           0x20004684   Data           0  libspace.o(.bss)



==============================================================================

Memory Map of the image

  Image Entry point : 0x080001ad

  Load Region LR_IROM1 (Base: 0x08000000, Size: 0x000040bc, Max: 0x00100000, ABSOLUTE)

    Execution Region ER_IROM1 (Exec base: 0x08000000, Load base: 0x08000000, Size: 0x00003fa8, Max: 0x00100000, ABSOLUTE)

    Exec Addr    Load Addr    Size         Type   Attr      Idx    E Section Name        Object

    0x08000000   0x08000000   0x000001ac   Data   RO            3    RESET               startup_stm32f429xx.o
    0x080001ac   0x080001ac   0x00000008   Code   RO         5159  * !!!main             c_w.l(__main.o)
    0x080001b4   0x080001b4   0x00000034   Code   RO         5531    !!!scatter          c_w.l(__scatter.o)
    0x080001e8   0x080001e8   0x0000001a   Code   RO         5533    !!handler_copy      c_w.l(__scatter_copy.o)
    0x08000202   0x08000202   0x00000002   PAD
    0x08000204   0x08000204   0x0000001c   Code   RO         5535    !!handler_zi        c_w.l(__scatter_zi.o)
    0x08000220   0x08000220   0x00000002   Code   RO         5322    .ARM.Collect$$libinit$$00000000  c_w.l(libinit.o)
    0x08000222   0x08000222   0x00000004   Code   RO         5323    .ARM.Collect$$libinit$$00000001  c_w.l(libinit2.o)
    0x08000226   0x08000226   0x00000000   Code   RO         5326    .ARM.Collect$$libinit$$00000004  c_w.l(libinit2.o)
    0x08000226   0x08000226   0x00000000   Code   RO         5329    .ARM.Collect$$libinit$$0000000A  c_w.l(libinit2.o)
    0x08000226   0x08000226   0x00000000   Code   RO         5331    .ARM.Collect$$libinit$$0000000C  c_w.l(libinit2.o)
    0x08000226   0x08000226   0x00000000   Code   RO         5333    .ARM.Collect$$libinit$$0000000E  c_w.l(libinit2.o)
    0x08000226   0x08000226   0x00000000   Code   RO         5336    .ARM.Collect$$libinit$$00000011  c_w.l(libinit2.o)
    0x08000226   0x08000226   0x00000000   Code   RO         5338    .ARM.Collect$$libinit$$00000013  c_w.l(libinit2.o)
    0x08000226   0x08000226   0x00000000   Code   RO         5340    .ARM.Collect$$libinit$$00000015  c_w.l(libinit2.o)
    0x08000226   0x08000226   0x00000000   Code   RO         5342    .ARM.Collect$$libinit$$00000017  c_w.l(libinit2.o)
    0x08000226   0x08000226   0x00000000   Code   RO         5344    .ARM.Collect$$libinit$$00000019  c_w.l(libinit2.o)
    0x08000226   0x08000226   0x00000000   Code   RO         5346    .ARM.Collect$$libinit$$0000001B  c_w.l(libinit2.o)
    0x08000226   0x08000226   0x00000000   Code   RO         5348    .ARM.Collect$$libinit$$0000001D  c_w.l(libinit2.o)
    0x08000226   0x08000226   0x00000000   Code   RO         5350    .ARM.Collect$$libinit$$0000001F  c_w.l(libinit2.o)
    0x08000226   0x08000226   0x00000000   Code   RO         5352    .ARM.Collect$$libinit$$00000021  c_w.l(libinit2.o)
    0x08000226   0x08000226   0x00000000   Code   RO         5354    .ARM.Collect$$libinit$$00000023  c_w.l(libinit2.o)
    0x08000226   0x08000226   0x00000000   Code   RO         5356    .ARM.Collect$$libinit$$00000025  c_w.l(libinit2.o)
    0x08000226   0x08000226   0x00000000   Code   RO         5360    .ARM.Collect$$libinit$$0000002C  c_w.l(libinit2.o)
    0x08000226   0x08000226   0x00000000   Code   RO         5362    .ARM.Collect$$libinit$$0000002E  c_w.l(libinit2.o)
    0x08000226   0x08000226   0x00000000   Code   RO         5364    .ARM.Collect$$libinit$$00000030  c_w.l(libinit2.o)
    0x08000226   0x08000226   0x00000000   Code   RO         5366    .ARM.Collect$$libinit$$00000032  c_w.l(libinit2.o)
    0x08000226   0x08000226   0x00000002   Code   RO         5367    .ARM.Collect$$libinit$$00000033  c_w.l(libinit2.o)
    0x08000228   0x08000228   0x00000002   Code   RO         5512    .ARM.Collect$$libshutdown$$00000000  c_w.l(libshutdown.o)
    0x0800022a   0x0800022a   0x00000000   Code   RO         5369    .ARM.Collect$$libshutdown$$00000002  c_w.l(libshutdown2.o)
    0x0800022a   0x0800022a   0x00000000   Code   RO         5371    .ARM.Collect$$libshutdown$$00000004  c_w.l(libshutdown2.o)
    0x0800022a   0x0800022a   0x00000000   Code   RO         5373    .ARM.Collect$$libshutdown$$00000006  c_w.l(libshutdown2.o)
    0x0800022a   0x0800022a   0x00000000   Code   RO         5376    .ARM.Collect$$libshutdown$$00000009  c_w.l(libshutdown2.o)
    0x0800022a   0x0800022a   0x00000000   Code   RO         5379    .ARM.Collect$$libshutdown$$0000000C  c_w.l(libshutdown2.o)
    0x0800022a   0x0800022a   0x00000000   Code   RO         5381    .ARM.Collect$$libshutdown$$0000000E  c_w.l(libshutdown2.o)
    0x0800022a   0x0800022a   0x00000000   Code   RO         5384    .ARM.Collect$$libshutdown$$00000011  c_w.l(libshutdown2.o)
    0x0800022a   0x0800022a   0x00000002   Code   RO         5385    .ARM.Collect$$libshutdown$$00000012  c_w.l(libshutdown2.o)
    0x0800022c   0x0800022c   0x00000000   Code   RO         5171    .ARM.Collect$$rtentry$$00000000  c_w.l(__rtentry.o)
    0x0800022c   0x0800022c   0x00000000   Code   RO         5195    .ARM.Collect$$rtentry$$00000002  c_w.l(__rtentry2.o)
    0x0800022c   0x0800022c   0x00000006   Code   RO         5207    .ARM.Collect$$rtentry$$00000004  c_w.l(__rtentry4.o)
    0x08000232   0x08000232   0x00000000   Code   RO         5197    .ARM.Collect$$rtentry$$00000009  c_w.l(__rtentry2.o)
    0x08000232   0x08000232   0x00000004   Code   RO         5198    .ARM.Collect$$rtentry$$0000000A  c_w.l(__rtentry2.o)
    0x08000236   0x08000236   0x00000000   Code   RO         5200    .ARM.Collect$$rtentry$$0000000C  c_w.l(__rtentry2.o)
    0x08000236   0x08000236   0x00000008   Code   RO         5201    .ARM.Collect$$rtentry$$0000000D  c_w.l(__rtentry2.o)
    0x0800023e   0x0800023e   0x00000002   Code   RO         5394    .ARM.Collect$$rtexit$$00000000  c_w.l(rtexit.o)
    0x08000240   0x08000240   0x00000000   Code   RO         5450    .ARM.Collect$$rtexit$$00000002  c_w.l(rtexit2.o)
    0x08000240   0x08000240   0x00000004   Code   RO         5451    .ARM.Collect$$rtexit$$00000003  c_w.l(rtexit2.o)
    0x08000244   0x08000244   0x00000006   Code   RO         5452    .ARM.Collect$$rtexit$$00000004  c_w.l(rtexit2.o)
    0x0800024a   0x0800024a   0x00000002   PAD
    0x0800024c   0x0800024c   0x000000be   Code   RO         5032    .emb_text           port.o
    0x0800030a   0x0800030a   0x00000002   PAD
    0x0800030c   0x0800030c   0x00000040   Code   RO            4    .text               startup_stm32f429xx.o
    0x0800034c   0x0800034c   0x000000ee   Code   RO         5111    .text               c_w.l(lludivv7m.o)
    0x0800043a   0x0800043a   0x00000064   Code   RO         5149    .text               c_w.l(rt_memcpy_w.o)
    0x0800049e   0x0800049e   0x0000004e   Code   RO         5155    .text               c_w.l(rt_memclr_w.o)
    0x080004ec   0x080004ec   0x00000006   Code   RO         5157    .text               c_w.l(heapauxi.o)
    0x080004f2   0x080004f2   0x0000004a   Code   RO         5234    .text               c_w.l(sys_stackheap_outer.o)
    0x0800053c   0x0800053c   0x00000012   Code   RO         5307    .text               c_w.l(exit.o)
    0x0800054e   0x0800054e   0x00000002   PAD
    0x08000550   0x08000550   0x00000008   Code   RO         5388    .text               c_w.l(libspace.o)
    0x08000558   0x08000558   0x00000002   Code   RO         5391    .text               c_w.l(use_no_semi.o)
    0x0800055a   0x0800055a   0x00000000   Code   RO         5393    .text               c_w.l(indicate_semi.o)
    0x0800055a   0x0800055a   0x00000002   PAD
    0x0800055c   0x0800055c   0x0000000c   Code   RO         5447    .text               c_w.l(sys_exit.o)
    0x08000568   0x08000568   0x00000128   Code   RO          893    i.ADC_Init          stm32f4xx_hal_adc.o
    0x08000690   0x08000690   0x00000002   Code   RO          543    i.BusFault_Handler  stm32f4xx_it.o
    0x08000692   0x08000692   0x00000002   PAD
    0x08000694   0x08000694   0x00000088   Code   RO          399    i.Car_Init          main.o
    0x0800071c   0x0800071c   0x00000002   Code   RO          544    i.DebugMon_Handler  stm32f4xx_it.o
    0x0800071e   0x0800071e   0x00000006   Code   RO          545    i.EXTI9_5_IRQHandler  stm32f4xx_it.o
    0x08000724   0x08000724   0x000001c0   Code   RO         1063    i.HAL_ADCEx_InjectedConfigChannel  stm32f4xx_hal_adc_ex.o
    0x080008e4   0x080008e4   0x00000164   Code   RO          895    i.HAL_ADC_ConfigChannel  stm32f4xx_hal_adc.o
    0x08000a48   0x08000a48   0x00000054   Code   RO          904    i.HAL_ADC_Init      stm32f4xx_hal_adc.o
    0x08000a9c   0x08000a9c   0x00000060   Code   RO          630    i.HAL_ADC_MspInit   stm32f4xx_hal_msp.o
    0x08000afc   0x08000afc   0x00000092   Code   RO         1682    i.HAL_DMA_Abort     stm32f4xx_hal_dma.o
    0x08000b8e   0x08000b8e   0x00000024   Code   RO         1683    i.HAL_DMA_Abort_IT  stm32f4xx_hal_dma.o
    0x08000bb2   0x08000bb2   0x00000002   PAD
    0x08000bb4   0x08000bb4   0x00000024   Code   RO         2125    i.HAL_Delay         stm32f4xx_hal.o
    0x08000bd8   0x08000bd8   0x00000018   Code   RO          195    i.HAL_GPIO_EXTI_Callback  chassis.o
    0x08000bf0   0x08000bf0   0x00000018   Code   RO         1574    i.HAL_GPIO_EXTI_IRQHandler  stm32f4xx_hal_gpio.o
    0x08000c08   0x08000c08   0x00000234   Code   RO         1575    i.HAL_GPIO_Init     stm32f4xx_hal_gpio.o
    0x08000e3c   0x08000e3c   0x0000000a   Code   RO         1577    i.HAL_GPIO_ReadPin  stm32f4xx_hal_gpio.o
    0x08000e46   0x08000e46   0x0000000a   Code   RO         1579    i.HAL_GPIO_WritePin  stm32f4xx_hal_gpio.o
    0x08000e50   0x08000e50   0x0000000c   Code   RO         2133    i.HAL_GetTick       stm32f4xx_hal.o
    0x08000e5c   0x08000e5c   0x00000010   Code   RO         2139    i.HAL_IncTick       stm32f4xx_hal.o
    0x08000e6c   0x08000e6c   0x00000034   Code   RO         2140    i.HAL_Init          stm32f4xx_hal.o
    0x08000ea0   0x08000ea0   0x00000040   Code   RO         2141    i.HAL_InitTick      stm32f4xx_hal.o
    0x08000ee0   0x08000ee0   0x00000038   Code   RO          631    i.HAL_MspInit       stm32f4xx_hal_msp.o
    0x08000f18   0x08000f18   0x0000001a   Code   RO         1983    i.HAL_NVIC_EnableIRQ  stm32f4xx_hal_cortex.o
    0x08000f32   0x08000f32   0x00000002   PAD
    0x08000f34   0x08000f34   0x00000040   Code   RO         1989    i.HAL_NVIC_SetPriority  stm32f4xx_hal_cortex.o
    0x08000f74   0x08000f74   0x00000024   Code   RO         1990    i.HAL_NVIC_SetPriorityGrouping  stm32f4xx_hal_cortex.o
    0x08000f98   0x08000f98   0x00000070   Code   RO         1911    i.HAL_PWREx_EnableOverDrive  stm32f4xx_hal_pwr_ex.o
    0x08001008   0x08001008   0x00000134   Code   RO         1169    i.HAL_RCC_ClockConfig  stm32f4xx_hal_rcc.o
    0x0800113c   0x0800113c   0x00000020   Code   RO         1176    i.HAL_RCC_GetPCLK1Freq  stm32f4xx_hal_rcc.o
    0x0800115c   0x0800115c   0x00000020   Code   RO         1177    i.HAL_RCC_GetPCLK2Freq  stm32f4xx_hal_rcc.o
    0x0800117c   0x0800117c   0x00000064   Code   RO         1178    i.HAL_RCC_GetSysClockFreq  stm32f4xx_hal_rcc.o
    0x080011e0   0x080011e0   0x0000036c   Code   RO         1181    i.HAL_RCC_OscConfig  stm32f4xx_hal_rcc.o
    0x0800154c   0x0800154c   0x00000028   Code   RO         1994    i.HAL_SYSTICK_Config  stm32f4xx_hal_cortex.o
    0x08001574   0x08001574   0x00000090   Code   RO         3113    i.HAL_TIMEx_MasterConfigSynchronization  stm32f4xx_hal_tim_ex.o
    0x08001604   0x08001604   0x0000005a   Code   RO         2390    i.HAL_TIM_Base_Init  stm32f4xx_hal_tim.o
    0x0800165e   0x0800165e   0x00000002   PAD
    0x08001660   0x08001660   0x0000003c   Code   RO          633    i.HAL_TIM_Base_MspInit  stm32f4xx_hal_msp.o
    0x0800169c   0x0800169c   0x00000080   Code   RO         2395    i.HAL_TIM_Base_Start_IT  stm32f4xx_hal_tim.o
    0x0800171c   0x0800171c   0x000000dc   Code   RO         2399    i.HAL_TIM_ConfigClockSource  stm32f4xx_hal_tim.o
    0x080017f8   0x080017f8   0x000000a4   Code   RO          634    i.HAL_TIM_MspPostInit  stm32f4xx_hal_msp.o
    0x0800189c   0x0800189c   0x000000cc   Code   RO         2462    i.HAL_TIM_PWM_ConfigChannel  stm32f4xx_hal_tim.o
    0x08001968   0x08001968   0x0000005a   Code   RO         2465    i.HAL_TIM_PWM_Init  stm32f4xx_hal_tim.o
    0x080019c2   0x080019c2   0x00000002   Code   RO         2467    i.HAL_TIM_PWM_MspInit  stm32f4xx_hal_tim.o
    0x080019c4   0x080019c4   0x000000c8   Code   RO         2470    i.HAL_TIM_PWM_Start  stm32f4xx_hal_tim.o
    0x08001a8c   0x08001a8c   0x00000002   Code   RO         3373    i.HAL_UARTEx_RxEventCallback  stm32f4xx_hal_uart.o
    0x08001a8e   0x08001a8e   0x00000002   Code   RO         3387    i.HAL_UART_ErrorCallback  stm32f4xx_hal_uart.o
    0x08001a90   0x08001a90   0x00000270   Code   RO         3390    i.HAL_UART_IRQHandler  stm32f4xx_hal_uart.o
    0x08001d00   0x08001d00   0x00000064   Code   RO         3391    i.HAL_UART_Init     stm32f4xx_hal_uart.o
    0x08001d64   0x08001d64   0x00000078   Code   RO          636    i.HAL_UART_MspInit  stm32f4xx_hal_msp.o
    0x08001ddc   0x08001ddc   0x0000001c   Code   RO         3396    i.HAL_UART_Receive_IT  stm32f4xx_hal_uart.o
    0x08001df8   0x08001df8   0x000000bc   Code   RO          546    i.HAL_UART_RxCpltCallback  stm32f4xx_it.o
    0x08001eb4   0x08001eb4   0x000000a0   Code   RO         3399    i.HAL_UART_Transmit  stm32f4xx_hal_uart.o
    0x08001f54   0x08001f54   0x00000002   Code   RO         3402    i.HAL_UART_TxCpltCallback  stm32f4xx_hal_uart.o
    0x08001f56   0x08001f56   0x00000002   Code   RO          547    i.HardFault_Handler  stm32f4xx_it.o
    0x08001f58   0x08001f58   0x00000024   Code   RO          790    i.LH_StepAhead      motor.o
    0x08001f7c   0x08001f7c   0x00000024   Code   RO          791    i.LH_StepBack       motor.o
    0x08001fa0   0x08001fa0   0x00000024   Code   RO          792    i.LQ_StepAhead      motor.o
    0x08001fc4   0x08001fc4   0x00000024   Code   RO          793    i.LQ_StepBack       motor.o
    0x08001fe8   0x08001fe8   0x0000009c   Code   RO          401    i.MX_ADC1_Init      main.o
    0x08002084   0x08002084   0x000001cc   Code   RO          402    i.MX_GPIO_Init      main.o
    0x08002250   0x08002250   0x000000c8   Code   RO          403    i.MX_TIM2_Init      main.o
    0x08002318   0x08002318   0x000000c8   Code   RO          404    i.MX_TIM3_Init      main.o
    0x080023e0   0x080023e0   0x00000002   Code   RO          548    i.MemManage_Handler  stm32f4xx_it.o
    0x080023e2   0x080023e2   0x00000002   Code   RO          549    i.NMI_Handler       stm32f4xx_it.o
    0x080023e4   0x080023e4   0x00000024   Code   RO          794    i.RH_StepAhead      motor.o
    0x08002408   0x08002408   0x00000024   Code   RO          795    i.RH_StepBack       motor.o
    0x0800242c   0x0800242c   0x00000024   Code   RO          796    i.RQ_StepAhead      motor.o
    0x08002450   0x08002450   0x00000024   Code   RO          797    i.RQ_StepBack       motor.o
    0x08002474   0x08002474   0x00000104   Code   RO          323    i.SR04_task         hc_sr04.o
    0x08002578   0x08002578   0x00000008   Code   RO          406    i.StartDefaultTask  main.o
    0x08002580   0x08002580   0x00000018   Code   RO          550    i.SysTick_Handler   stm32f4xx_it.o
    0x08002598   0x08002598   0x0000009c   Code   RO          407    i.SystemClock_Config  main.o
    0x08002634   0x08002634   0x00000010   Code   RO         3725    i.SystemInit        system_stm32f4xx.o
    0x08002644   0x08002644   0x000000d8   Code   RO         2483    i.TIM_Base_SetConfig  stm32f4xx_hal_tim.o
    0x0800271c   0x0800271c   0x0000001a   Code   RO         2484    i.TIM_CCxChannelCmd  stm32f4xx_hal_tim.o
    0x08002736   0x08002736   0x00000014   Code   RO         2494    i.TIM_ETR_SetConfig  stm32f4xx_hal_tim.o
    0x0800274a   0x0800274a   0x00000010   Code   RO         2495    i.TIM_ITRx_SetConfig  stm32f4xx_hal_tim.o
    0x0800275a   0x0800275a   0x00000002   PAD
    0x0800275c   0x0800275c   0x00000060   Code   RO         2496    i.TIM_OC1_SetConfig  stm32f4xx_hal_tim.o
    0x080027bc   0x080027bc   0x0000006c   Code   RO         2497    i.TIM_OC2_SetConfig  stm32f4xx_hal_tim.o
    0x08002828   0x08002828   0x00000068   Code   RO         2498    i.TIM_OC3_SetConfig  stm32f4xx_hal_tim.o
    0x08002890   0x08002890   0x00000050   Code   RO         2499    i.TIM_OC4_SetConfig  stm32f4xx_hal_tim.o
    0x080028e0   0x080028e0   0x00000022   Code   RO         2501    i.TIM_TI1_ConfigInputStage  stm32f4xx_hal_tim.o
    0x08002902   0x08002902   0x00000024   Code   RO         2503    i.TIM_TI2_ConfigInputStage  stm32f4xx_hal_tim.o
    0x08002926   0x08002926   0x00000002   PAD
    0x08002928   0x08002928   0x0000000c   Code   RO          551    i.UART7_IRQHandler  stm32f4xx_it.o
    0x08002934   0x08002934   0x00000010   Code   RO         3404    i.UART_DMAAbortOnError  stm32f4xx_hal_uart.o
    0x08002944   0x08002944   0x0000004e   Code   RO         3414    i.UART_EndRxTransfer  stm32f4xx_hal_uart.o
    0x08002992   0x08002992   0x000000c2   Code   RO         3416    i.UART_Receive_IT   stm32f4xx_hal_uart.o
    0x08002a54   0x08002a54   0x0000010c   Code   RO         3417    i.UART_SetConfig    stm32f4xx_hal_uart.o
    0x08002b60   0x08002b60   0x00000036   Code   RO         3419    i.UART_Start_Receive_IT  stm32f4xx_hal_uart.o
    0x08002b96   0x08002b96   0x00000072   Code   RO         3420    i.UART_WaitOnFlagUntilTimeout  stm32f4xx_hal_uart.o
    0x08002c08   0x08002c08   0x00000002   Code   RO          552    i.UsageFault_Handler  stm32f4xx_it.o
    0x08002c0a   0x08002c0a   0x00000010   Code   RO          383    i.WiFi_task         wifi.o
    0x08002c1a   0x08002c1a   0x00000020   Code   RO         1996    i.__NVIC_SetPriority  stm32f4xx_hal_cortex.o
    0x08002c3a   0x08002c3a   0x0000001e   Code   RO          196    i.chassis_goStraight  chassis.o
    0x08002c58   0x08002c58   0x000000b4   Code   RO          197    i.chassis_leftTurn_withTime  chassis.o
    0x08002d0c   0x08002d0c   0x00000110   Code   RO          198    i.chassis_moveon    chassis.o
    0x08002e1c   0x08002e1c   0x000000ac   Code   RO          200    i.chassis_rightTurn_withTime  chassis.o
    0x08002ec8   0x08002ec8   0x0000007c   Code   RO          201    i.chassis_speed_update  chassis.o
    0x08002f44   0x08002f44   0x00000150   Code   RO          204    i.chassis_task      chassis.o
    0x08003094   0x08003094   0x00000042   Code   RO          205    i.chassis_turnLeft  chassis.o
    0x080030d6   0x080030d6   0x0000005e   Code   RO          206    i.chassis_turnRight  chassis.o
    0x08003134   0x08003134   0x0000003c   Code   RO          324    i.delay_us          hc_sr04.o
    0x08003170   0x08003170   0x00000108   Code   RO          411    i.main              main.o
    0x08003278   0x08003278   0x0000000c   Code   RO         4586    i.makeFreeRtosPriority  cmsis_os.o
    0x08003284   0x08003284   0x0000000e   Code   RO         4588    i.osDelay           cmsis_os.o
    0x08003292   0x08003292   0x0000000a   Code   RO         4591    i.osKernelStart     cmsis_os.o
    0x0800329c   0x0800329c   0x00000054   Code   RO         4625    i.osThreadCreate    cmsis_os.o
    0x080032f0   0x080032f0   0x0000000a   Code   RO          757    i.pid_init          pid.o
    0x080032fa   0x080032fa   0x00000002   PAD
    0x080032fc   0x080032fc   0x00000078   Code   RO         4240    i.prvAddCurrentTaskToDelayedList  tasks.o
    0x08003374   0x08003374   0x000000d0   Code   RO         4241    i.prvAddNewTaskToReadyList  tasks.o
    0x08003444   0x08003444   0x00000034   Code   RO         4242    i.prvDeleteTCB      tasks.o
    0x08003478   0x08003478   0x0000004c   Code   RO         4965    i.prvHeapInit       heap_4.o
    0x080034c4   0x080034c4   0x00000060   Code   RO         4243    i.prvIdleTask       tasks.o
    0x08003524   0x08003524   0x0000009c   Code   RO         4244    i.prvInitialiseNewTask  tasks.o
    0x080035c0   0x080035c0   0x0000004c   Code   RO         4966    i.prvInsertBlockIntoFreeList  heap_4.o
    0x0800360c   0x0800360c   0x00000020   Code   RO         4245    i.prvResetNextTaskUnblockTime  tasks.o
    0x0800362c   0x0800362c   0x00000028   Code   RO         5033    i.prvTaskExitError  port.o
    0x08003654   0x08003654   0x000000dc   Code   RO         4967    i.pvPortMalloc      heap_4.o
    0x08003730   0x08003730   0x0000002c   Code   RO         5034    i.pxPortInitialiseStack  port.o
    0x0800375c   0x0800375c   0x000000dc   Code   RO          208    i.straightLine_obstacleAvoidence  chassis.o
    0x08003838   0x08003838   0x00000050   Code   RO          209    i.tracking_update   chassis.o
    0x08003888   0x08003888   0x00000026   Code   RO         3863    i.uxListRemove      list.o
    0x080038ae   0x080038ae   0x00000002   PAD
    0x080038b0   0x080038b0   0x00000014   Code   RO          507    i.vApplicationGetIdleTaskMemory  freertos.o
    0x080038c4   0x080038c4   0x00000016   Code   RO         3864    i.vListInitialise   list.o
    0x080038da   0x080038da   0x00000006   Code   RO         3865    i.vListInitialiseItem  list.o
    0x080038e0   0x080038e0   0x00000030   Code   RO         3866    i.vListInsert       list.o
    0x08003910   0x08003910   0x00000018   Code   RO         3867    i.vListInsertEnd    list.o
    0x08003928   0x08003928   0x00000040   Code   RO         5036    i.vPortEnterCritical  port.o
    0x08003968   0x08003968   0x00000028   Code   RO         5037    i.vPortExitCritical  port.o
    0x08003990   0x08003990   0x00000064   Code   RO         4968    i.vPortFree         heap_4.o
    0x080039f4   0x080039f4   0x00000024   Code   RO         5038    i.vPortSetupTimerInterrupt  port.o
    0x08003a18   0x08003a18   0x0000004c   Code   RO         4255    i.vTaskDelay        tasks.o
    0x08003a64   0x08003a64   0x0000006c   Code   RO         4269    i.vTaskStartScheduler  tasks.o
    0x08003ad0   0x08003ad0   0x00000010   Code   RO         4271    i.vTaskSuspendAll   tasks.o
    0x08003ae0   0x08003ae0   0x0000005c   Code   RO         4272    i.vTaskSwitchContext  tasks.o
    0x08003b3c   0x08003b3c   0x000000f4   Code   RO         5040    i.xPortStartScheduler  port.o
    0x08003c30   0x08003c30   0x0000002c   Code   RO         5041    i.xPortSysTickHandler  port.o
    0x08003c5c   0x08003c5c   0x0000005a   Code   RO         4276    i.xTaskCreate       tasks.o
    0x08003cb6   0x08003cb6   0x00000056   Code   RO         4277    i.xTaskCreateStatic  tasks.o
    0x08003d0c   0x08003d0c   0x0000001c   Code   RO         4282    i.xTaskGetSchedulerState  tasks.o
    0x08003d28   0x08003d28   0x000000cc   Code   RO         4285    i.xTaskIncrementTick  tasks.o
    0x08003df4   0x08003df4   0x000000c4   Code   RO         4291    i.xTaskResumeAll    tasks.o
    0x08003eb8   0x08003eb8   0x0000000a   Code   RO         5445    x$fpl$fpinit        fz_wm.l(fpinit.o)
    0x08003ec2   0x08003ec2   0x00000002   PAD
    0x08003ec4   0x08003ec4   0x00000070   Data   RO          413    .constdata          main.o
    0x08003f34   0x08003f34   0x00000010   Data   RO         3726    .constdata          system_stm32f4xx.o
    0x08003f44   0x08003f44   0x00000008   Data   RO         3727    .constdata          system_stm32f4xx.o
    0x08003f4c   0x08003f4c   0x0000003c   Data   RO          414    .conststring        main.o
    0x08003f88   0x08003f88   0x00000020   Data   RO         5529    Region$$Table       anon$$obj.o


    Execution Region RW_IRAM1 (Exec base: 0x20000000, Load base: 0x08003fa8, Size: 0x00004c88, Max: 0x00070000, ABSOLUTE)

    Exec Addr    Load Addr    Size         Type   Attr      Idx    E Section Name        Object

    0x20000000   0x08003fa8   0x00000050   Data   RW          211    .data               chassis.o
    0x20000050   0x08003ff8   0x00000020   Data   RW          325    .data               hc_sr04.o
    0x20000070   0x08004018   0x00000010   Data   RW          415    .data               main.o
    0x20000080   0x08004028   0x0000000f   Data   RW          553    .data               stm32f4xx_it.o
    0x2000008f   0x08004037   0x00000001   PAD
    0x20000090   0x08004038   0x00000008   Data   RW          701    .data               lora.o
    0x20000098   0x08004040   0x00000004   Data   RW          798    .data               motor.o
    0x2000009c   0x08004044   0x0000000c   Data   RW         2147    .data               stm32f4xx_hal.o
    0x200000a8   0x08004050   0x00000004   Data   RW         3728    .data               system_stm32f4xx.o
    0x200000ac   0x08004054   0x0000003c   Data   RW         4294    .data               tasks.o
    0x200000e8   0x08004090   0x00000020   Data   RW         4974    .data               heap_4.o
    0x20000108   0x080040b0   0x0000000c   Data   RW         5042    .data               port.o
    0x20000114        -       0x000000ac   Zero   RW          210    .bss                chassis.o
    0x200001c0        -       0x00000120   Zero   RW          412    .bss                main.o
    0x200002e0        -       0x00000254   Zero   RW          508    .bss                freertos.o
    0x20000534        -       0x00000400   Zero   RW          700    .bss                lora.o
    0x20000934        -       0x000000f0   Zero   RW         4293    .bss                tasks.o
    0x20000a24        -       0x00003c00   Zero   RW         4973    .bss                heap_4.o
    0x20004624        -       0x00000060   Zero   RW         5389    .bss                c_w.l(libspace.o)
    0x20004684   0x080040bc   0x00000004   PAD
    0x20004688        -       0x00000200   Zero   RW            2    HEAP                startup_stm32f429xx.o
    0x20004888        -       0x00000400   Zero   RW            1    STACK               startup_stm32f429xx.o


==============================================================================

Image component sizes


      Code (inc. data)   RO Data    RW Data    ZI Data      Debug   Object Name

         0          0          0          0          0     807116   adc.o
      1598        146          0         80        172       9170   chassis.o
       120          0          0          0          0      24025   cmsis_os.o
         0          0          0          0          0      17012   event_groups.o
        20          4          0          0        596       1726   freertos.o
       320         20          0         32          0       1828   hc_sr04.o
       472         24          0         32      15360       8015   heap_4.o
       138          0          0          0          0       4010   list.o
         0          0          0          8       1024        803   lora.o
      1580        100        172         16        288       7347   main.o
       288         80          0          4          0       4248   motor.o
        10          0          0          0          0        991   pid.o
       702         72          0         12          0      11820   port.o
        64         26        428          0       1536        860   startup_stm32f429xx.o
       180         28          0         12          0      10105   stm32f4xx_hal.o
       736         34          0          0          0       3219   stm32f4xx_hal_adc.o
       448         16          0          0          0       1710   stm32f4xx_hal_adc_ex.o
       198         14          0          0          0      34463   stm32f4xx_hal_cortex.o
       182          0          0          0          0       2363   stm32f4xx_hal_dma.o
       608         60          0          0          0       3894   stm32f4xx_hal_gpio.o
       496         54          0          0          0       3888   stm32f4xx_hal_msp.o
       112         14          0          0          0       1480   stm32f4xx_hal_pwr_ex.o
      1348         76          0          0          0       5712   stm32f4xx_hal_rcc.o
      1670        138          0          0          0      15072   stm32f4xx_hal_tim.o
       144         28          0          0          0       1568   stm32f4xx_hal_tim_ex.o
      1642         16          0          0          0      12472   stm32f4xx_hal_uart.o
       242         32          0         15          0       5872   stm32f4xx_it.o
         0          0          0          0          0        384   stream_buffer.o
        16          4         24          4          0       1231   system_stm32f4xx.o
      1560        118          0         60        240      21887   tasks.o
        16          0          0          0          0        484   wifi.o

    ----------------------------------------------------------------------
     14928       1104        656        276      19216    1024775   Object Totals
         0          0         32          0          0          0   (incl. Generated)
        18          0          0          1          0          0   (incl. Padding)

    ----------------------------------------------------------------------

      Code (inc. data)   RO Data    RW Data    ZI Data      Debug   Library Member Name

         8          0          0          0          0         68   __main.o
         0          0          0          0          0          0   __rtentry.o
        12          0          0          0          0          0   __rtentry2.o
         6          0          0          0          0          0   __rtentry4.o
        52          8          0          0          0          0   __scatter.o
        26          0          0          0          0          0   __scatter_copy.o
        28          0          0          0          0          0   __scatter_zi.o
        18          0          0          0          0         80   exit.o
         6          0          0          0          0        152   heapauxi.o
         0          0          0          0          0          0   indicate_semi.o
         2          0          0          0          0          0   libinit.o
         6          0          0          0          0          0   libinit2.o
         2          0          0          0          0          0   libshutdown.o
         2          0          0          0          0          0   libshutdown2.o
         8          4          0          0         96         68   libspace.o
       238          0          0          0          0        100   lludivv7m.o
        78          0          0          0          0         80   rt_memclr_w.o
       100          0          0          0          0         80   rt_memcpy_w.o
         2          0          0          0          0          0   rtexit.o
        10          0          0          0          0          0   rtexit2.o
        12          4          0          0          0         68   sys_exit.o
        74          0          0          0          0         80   sys_stackheap_outer.o
         2          0          0          0          0         68   use_no_semi.o
        10          0          0          0          0        116   fpinit.o

    ----------------------------------------------------------------------
       712         16          0          0        100        960   Library Totals
        10          0          0          0          4          0   (incl. Padding)

    ----------------------------------------------------------------------

      Code (inc. data)   RO Data    RW Data    ZI Data      Debug   Library Name

       692         16          0          0         96        844   c_w.l
        10          0          0          0          0        116   fz_wm.l

    ----------------------------------------------------------------------
       712         16          0          0        100        960   Library Totals

    ----------------------------------------------------------------------

==============================================================================


      Code (inc. data)   RO Data    RW Data    ZI Data      Debug   

     15640       1120        656        276      19316    1012123   Grand Totals
     15640       1120        656        276      19316    1012123   ELF Image Totals
     15640       1120        656        276          0          0   ROM Totals

==============================================================================

    Total RO  Size (Code + RO Data)                16296 (  15.91kB)
    Total RW  Size (RW Data + ZI Data)             19592 (  19.13kB)
    Total ROM Size (Code + RO Data + RW Data)      16572 (  16.18kB)

==============================================================================

